HELD2.0  case=installed-held2-paper-rewrite  T=2.981500e+02 K  P=1.013000e+05 Pa

STEP 1
  certificate  stage=STEP 1  complete  reason=step1_complete  wall=2.632000e-05s  cpu=2.600000e-05s  provider=1  solves=0  iterations=0

STEP 2

REFERENCE PRESSURE ROOTS
  root   0  V= 2.944381e-05  P rel.=-8.660047e-09  G/RT=-4.884365e+00  strict_stable
  root   1  V= 6.043626e-04  P rel.=-7.525971e-09  G/RT=-1.464141e-01  unstable
  root   2  V= 2.261353e-02  P rel.=-9.125559e-11  G/RT=-1.471255e+00  strict_stable
  selected root 0  status=selected
  eval     1  TPD= 8.555733e-01  P rel.= 2.232178e-09  V= 4.684854e-05  certified
  eval     2  TPD= 3.769072e-01  P rel.=-9.329527e-09  V= 5.717807e-05  certified
  eval     3  TPD= 1.393702e+00  P rel.=-6.602069e-10  V= 3.654838e-05  certified
  eval     4  TPD= 1.615580e+00  P rel.=-8.348988e-09  V= 6.774147e-05  certified
  eval     5  TPD= 2.526339e-01  P rel.= 6.419810e-09  V= 2.643126e-05  certified
  eval     6  TPD= 2.161565e-01  P rel.=-7.663127e-09  V= 4.748642e-05  certified
  eval     7  TPD= 8.663481e-01  P rel.=-9.435112e-09  V= 2.693881e-05  certified
  eval     8  TPD= 1.277149e-01  P rel.=-5.837331e-10  V= 5.090922e-05  certified
  eval     9  TPD= 1.509207e-01  P rel.=-4.944395e-10  V= 4.268412e-05  certified
  eval    10  TPD= 2.651135e-01  P rel.=-9.163047e-09  V= 5.070499e-05  certified
  eval    11  TPD= 5.520611e-02  P rel.= 1.465926e-09  V= 4.344906e-05  certified
  eval    12  TPD= 5.842116e-01  P rel.=-3.979385e-09  V= 6.696404e-05  certified
  eval    13  TPD= 1.926937e+00  P rel.= 8.953507e-09  V= 4.626575e-05  certified
  eval    14  TPD= 9.335661e-02  P rel.= 3.055229e-09  V= 4.770266e-05  certified
  eval    15  TPD= 7.259356e-03  P rel.=-2.714228e-09  V= 3.502842e-05  certified
  eval    16  TPD= 2.284287e-02  P rel.=-8.877628e-09  V= 3.862188e-05  certified
  eval    17  TPD= 5.791512e-04  P rel.= 3.138290e-09  V= 3.004209e-05  certified
  eval    18  TPD= 3.757262e-02  P rel.=-4.353564e-09  V= 3.791081e-05  certified
  eval    19  TPD= 6.293170e-03  P rel.=-6.500796e-09  V= 3.182771e-05  certified
  eval    20  TPD= 1.583407e-02  P rel.= 5.917700e-09  V= 2.850789e-05  certified
  eval    21  TPD= 5.005146e-01  P rel.= 9.790396e-10  V= 2.601841e-05  certified
  eval    22  TPD= 4.502115e-01  P rel.= 2.716660e-09  V= 3.315917e-05  certified
  eval    23  TPD= 4.377170e-02  P rel.= 8.471695e-09  V= 1.981632e-05  certified
  eval    24  TPD= 1.347201e-02  P rel.= 5.485071e-10  V= 3.368490e-05  certified
  eval    25  TPD= 3.446620e-02  P rel.= 2.189979e-09  V= 2.603718e-05  certified
  eval    26  TPD= 2.702970e-01  P rel.=-4.960102e-09  V= 4.085220e-05  certified
  eval    27  TPD=-3.776476e-03  P rel.= 2.055727e-09  V= 2.070286e-05  certified
  certificate  stage=STEP 2  complete  reason=negative_tpd_witness  wall=5.398393e+00s  cpu=5.397915e+00s  provider=7681  solves=1  iterations=27

STEP 3
  certificate  stage=STEP 3  complete  reason=step3_complete  wall=7.591546e-01s  cpu=7.590960e-01s  provider=4  solves=0  iterations=0

STEP 4
  STAGE II STEP 4  major=0  upper=-4.884365e+00  LP_primal= 8.881784e-16  LP_dual= 0.000000e+00  active_cuts=5  certified
  certificate  stage=STEP 4  complete  reason=step4_complete  wall=4.365380e-04s  cpu=4.380000e-04s  provider=0  solves=1  iterations=1

STEP 5
  certificate  stage=STEP 5 LOCAL  major=0  attempt=0  accepted  reason=success  P rel.=-2.475246e-02  objective=-4.956388e+00  upper=-4.884365e+00  gap= 7.202248e-02  wall=0.000000e+00s  cpu=0.000000e+00s  provider=0  solves=0  iterations=0
  certificate  stage=STEP 5  complete  reason=step5_complete  wall=2.710792e-02s  cpu=2.711000e-02s  provider=155  solves=1  iterations=21

STEP 6
  certificate  stage=STEP 6  complete  reason=candidate_set  wall=4.510000e-06s  cpu=4.000000e-06s  provider=0  solves=0  iterations=0

STEP 8
  certificate  stage=STEP 8  complete  reason=collapsed_phase_set  wall=6.079380e-02s  cpu=6.069400e-02s  provider=108  solves=1  iterations=12

STEP 7
  certificate  stage=STEP 7  complete  reason=continue_stage_ii  wall=1.160000e-06s  cpu=1.000000e-06s  provider=0  solves=0  iterations=0

STEP 4
  STAGE II STEP 4  major=1  upper=-4.884668e+00  LP_primal= 8.881784e-16  LP_dual= 4.163336e-17  active_cuts=6  certified
  certificate  stage=STEP 4  complete  reason=step4_complete  wall=3.193090e-04s  cpu=3.200000e-04s  provider=0  solves=1  iterations=1

STEP 5
  certificate  stage=STEP 5 LOCAL  major=1  attempt=1  accepted  reason=success  P rel.=-6.937739e-09  objective=-4.972624e+00  upper=-4.884668e+00  gap= 8.795541e-02  wall=0.000000e+00s  cpu=0.000000e+00s  provider=0  solves=0  iterations=0
  certificate  stage=STEP 5  complete  reason=step5_complete  wall=2.283126e-02s  cpu=2.283300e-02s  provider=21  solves=1  iterations=20

STEP 6
  certificate  stage=STEP 6  complete  reason=candidate_set  wall=3.540000e-06s  cpu=4.000000e-06s  provider=0  solves=0  iterations=0

STEP 8
  certificate  stage=STEP 8  complete  reason=collapsed_phase_set  wall=3.039730e-02s  cpu=3.037200e-02s  provider=56  solves=1  iterations=12

STEP 7
  certificate  stage=STEP 7  complete  reason=continue_stage_ii  wall=1.430000e-06s  cpu=2.000000e-06s  provider=0  solves=0  iterations=0

STEP 4
  STAGE II STEP 4  major=2  upper=-4.885746e+00  LP_primal= 0.000000e+00  LP_dual= 8.673617e-18  active_cuts=7  certified
  certificate  stage=STEP 4  complete  reason=step4_complete  wall=4.410870e-04s  cpu=4.420000e-04s  provider=0  solves=1  iterations=1

STEP 5
  certificate  stage=STEP 5 LOCAL  major=2  attempt=2  accepted  reason=success  P rel.= 7.354966e-14  objective=-1.787708e+00  upper=-4.885746e+00  gap=-3.098038e+00  wall=0.000000e+00s  cpu=0.000000e+00s  provider=0  solves=0  iterations=0
  certificate  stage=STEP 5 LOCAL  major=2  attempt=3  accepted  reason=success  P rel.= 7.153854e-14  objective=-1.787708e+00  upper=-4.885746e+00  gap=-3.098038e+00  wall=0.000000e+00s  cpu=0.000000e+00s  provider=0  solves=0  iterations=0
  certificate  stage=STEP 5 LOCAL  major=2  attempt=4  accepted  reason=success  P rel.=-3.640906e-09  objective=-4.908985e+00  upper=-4.885746e+00  gap= 2.323853e-02  wall=0.000000e+00s  cpu=0.000000e+00s  provider=0  solves=0  iterations=0
  certificate  stage=STEP 5  complete  reason=step5_complete  wall=7.269885e-02s  cpu=7.266900e-02s  provider=64  solves=3  iterations=58

STEP 6
  certificate  stage=STEP 6  complete  reason=candidate_set  wall=4.470000e-06s  cpu=4.000000e-06s  provider=0  solves=0  iterations=0

STEP 8
  certificate  stage=STEP 8  complete  reason=step8_complete  wall=6.942422e-02s  cpu=6.940200e-02s  provider=138  solves=2  iterations=14

STEP 9
  certificate  stage=STEP 9  failed  objective=-4.886298e+00  upper=-4.885746e+00  gap= 5.515424e-04  wall=0.000000e+00s  cpu=0.000000e+00s  provider=0  solves=0  iterations=0
  certificate  stage=STEP 9  complete  reason=paper_free_energy_convergence_failed  wall=2.159859e-03s  cpu=2.160000e-03s  provider=3  solves=0  iterations=0

STEP 7
  certificate  stage=STEP 7  complete  reason=continue_stage_ii  wall=1.160000e-06s  cpu=2.000000e-06s  provider=0  solves=0  iterations=0

STEP 4
  STAGE II STEP 4  major=3  upper=-4.886337e+00  LP_primal= 0.000000e+00  LP_dual= 6.938894e-18  active_cuts=8  certified
  certificate  stage=STEP 4  complete  reason=step4_complete  wall=2.768380e-04s  cpu=2.780000e-04s  provider=0  solves=1  iterations=1

STEP 5
  certificate  stage=STEP 5 LOCAL  major=3  attempt=5  accepted  reason=success  P rel.= 5.214556e-14  objective=-1.770745e+00  upper=-4.886337e+00  gap=-3.115593e+00  wall=0.000000e+00s  cpu=0.000000e+00s  provider=0  solves=0  iterations=0
  certificate  stage=STEP 5 LOCAL  major=3  attempt=6  accepted  reason=success  P rel.=-4.683407e-09  objective=-4.892449e+00  upper=-4.886337e+00  gap= 6.112257e-03  wall=0.000000e+00s  cpu=0.000000e+00s  provider=0  solves=0  iterations=0
  certificate  stage=STEP 5  complete  reason=step5_complete  wall=4.548418e-02s  cpu=4.546900e-02s  provider=44  solves=2  iterations=35

STEP 6
  certificate  stage=STEP 6  complete  reason=candidate_set  wall=4.950000e-06s  cpu=5.000000e-06s  provider=0  solves=0  iterations=0

STEP 8
  certificate  stage=STEP 8  complete  reason=step8_complete  wall=5.594465e-02s  cpu=5.589900e-02s  provider=105  solves=1  iterations=13

STEP 9
  certificate  stage=STEP 9  failed  objective=-4.886857e+00  upper=-4.886337e+00  gap= 5.200773e-04  wall=0.000000e+00s  cpu=0.000000e+00s  provider=0  solves=0  iterations=0
  certificate  stage=STEP 9  complete  reason=paper_free_energy_convergence_failed  wall=2.153619e-03s  cpu=2.154000e-03s  provider=3  solves=0  iterations=0

STEP 7
  certificate  stage=STEP 7  complete  reason=continue_stage_ii  wall=1.190000e-06s  cpu=1.000000e-06s  provider=0  solves=0  iterations=0

STEP 4
  STAGE II STEP 4  major=4  upper=-4.886657e+00  LP_primal= 0.000000e+00  LP_dual= 1.387779e-17  active_cuts=9  certified
  certificate  stage=STEP 4  complete  reason=step4_complete  wall=3.326280e-04s  cpu=3.330000e-04s  provider=0  solves=1  iterations=1

STEP 5
  certificate  stage=STEP 5 LOCAL  major=4  attempt=7  accepted  reason=success  P rel.=-5.336328e-09  objective=-4.888246e+00  upper=-4.886657e+00  gap= 1.588492e-03  wall=0.000000e+00s  cpu=0.000000e+00s  provider=0  solves=0  iterations=0
  certificate  stage=STEP 5  complete  reason=step5_complete  wall=3.015069e-02s  cpu=3.015200e-02s  provider=30  solves=1  iterations=21

STEP 6
  certificate  stage=STEP 6  complete  reason=candidate_set  wall=5.080000e-06s  cpu=5.000000e-06s  provider=0  solves=0  iterations=0

STEP 8
  certificate  stage=STEP 8  complete  reason=step8_complete  wall=8.581665e-02s  cpu=8.578000e-02s  provider=142  solves=2  iterations=14

STEP 9
  certificate  stage=STEP 9  failed  objective=-4.886965e+00  upper=-4.886657e+00  gap= 3.071276e-04  wall=0.000000e+00s  cpu=0.000000e+00s  provider=0  solves=0  iterations=0
  certificate  stage=STEP 9  complete  reason=paper_free_energy_convergence_failed  wall=3.442102e-03s  cpu=3.442000e-03s  provider=3  solves=0  iterations=0

STEP 7
  certificate  stage=STEP 7  complete  reason=continue_stage_ii  wall=2.430000e-06s  cpu=2.000000e-06s  provider=0  solves=0  iterations=0

STEP 4
  STAGE II STEP 4  major=5  upper=-4.886828e+00  LP_primal= 1.776357e-15  LP_dual= 2.775558e-17  active_cuts=10  certified
  certificate  stage=STEP 4  complete  reason=step4_complete  wall=5.766970e-04s  cpu=5.770000e-04s  provider=0  solves=1  iterations=1

STEP 5
  certificate  stage=STEP 5 LOCAL  major=5  attempt=8  accepted  reason=success  P rel.= 4.237725e-14  objective=-1.759298e+00  upper=-4.886828e+00  gap=-3.127531e+00  wall=0.000000e+00s  cpu=0.000000e+00s  provider=0  solves=0  iterations=0
  certificate  stage=STEP 5 LOCAL  major=5  attempt=9  accepted  reason=success  P rel.= 3.157464e-13  objective=-1.759298e+00  upper=-4.886828e+00  gap=-3.127531e+00  wall=0.000000e+00s  cpu=0.000000e+00s  provider=0  solves=0  iterations=0
  certificate  stage=STEP 5 LOCAL  major=5  attempt=10  accepted  reason=success  P rel.= 7.943938e-14  objective=-1.759298e+00  upper=-4.886828e+00  gap=-3.127531e+00  wall=0.000000e+00s  cpu=0.000000e+00s  provider=0  solves=0  iterations=0
  certificate  stage=STEP 5 LOCAL  major=5  attempt=11  accepted  reason=success  P rel.= 7.179711e-13  objective=-1.759298e+00  upper=-4.886828e+00  gap=-3.127531e+00  wall=0.000000e+00s  cpu=0.000000e+00s  provider=0  solves=0  iterations=0
  certificate  stage=STEP 5 LOCAL  major=5  attempt=12  accepted  reason=success  P rel.= 7.125123e-14  objective=-1.759298e+00  upper=-4.886828e+00  gap=-3.127531e+00  wall=0.000000e+00s  cpu=0.000000e+00s  provider=0  solves=0  iterations=0
  certificate  stage=STEP 5 LOCAL  major=5  attempt=13  accepted  reason=success  P rel.=-2.271272e-08  objective=-4.889991e+00  upper=-4.886828e+00  gap= 3.162967e-03  wall=0.000000e+00s  cpu=0.000000e+00s  provider=0  solves=0  iterations=0
  certificate  stage=STEP 5  complete  reason=step5_complete  wall=3.670792e-01s  cpu=3.669970e-01s  provider=407  solves=6  iterations=114

STEP 6
  certificate  stage=STEP 6  complete  reason=candidate_set  wall=6.230000e-06s  cpu=6.000000e-06s  provider=0  solves=0  iterations=0

STEP 8
  certificate  stage=STEP 8  complete  reason=step8_complete  wall=7.268908e-02s  cpu=7.266800e-02s  provider=158  solves=2  iterations=15

STEP 9
  certificate  stage=STEP 9  failed  objective=-4.887285e+00  upper=-4.886828e+00  gap= 4.572035e-04  wall=0.000000e+00s  cpu=0.000000e+00s  provider=0  solves=0  iterations=0
  certificate  stage=STEP 9  complete  reason=paper_free_energy_convergence_failed  wall=2.241628e-03s  cpu=2.241000e-03s  provider=3  solves=0  iterations=0

STEP 7
  certificate  stage=STEP 7  complete  reason=continue_stage_ii  wall=1.100000e-06s  cpu=1.000000e-06s  provider=0  solves=0  iterations=0

STEP 4
  STAGE II STEP 4  major=6  upper=-4.887208e+00  LP_primal= 5.329071e-15  LP_dual= 1.387779e-17  active_cuts=11  certified
  certificate  stage=STEP 4  complete  reason=step4_complete  wall=2.732980e-04s  cpu=2.730000e-04s  provider=0  solves=1  iterations=1

STEP 5
  certificate  stage=STEP 5 LOCAL  major=6  attempt=14  accepted  reason=success  P rel.= 6.191387e-14  objective=-1.754439e+00  upper=-4.887208e+00  gap=-3.132769e+00  wall=0.000000e+00s  cpu=0.000000e+00s  provider=0  solves=0  iterations=0
  certificate  stage=STEP 5 LOCAL  major=6  attempt=15  accepted  reason=success  P rel.= 6.995837e-14  objective=-1.754439e+00  upper=-4.887208e+00  gap=-3.132769e+00  wall=0.000000e+00s  cpu=0.000000e+00s  provider=0  solves=0  iterations=0
  certificate  stage=STEP 5 LOCAL  major=6  attempt=16  accepted  reason=success  P rel.=-5.752706e-09  objective=-4.887616e+00  upper=-4.887208e+00  gap= 4.076190e-04  wall=0.000000e+00s  cpu=0.000000e+00s  provider=0  solves=0  iterations=0
  certificate  stage=STEP 5  complete  reason=step5_complete  wall=5.706032e-02s  cpu=5.706100e-02s  provider=56  solves=3  iterations=48

STEP 6
  certificate  stage=STEP 6  complete  reason=candidate_set  wall=5.560000e-06s  cpu=6.000000e-06s  provider=0  solves=0  iterations=0

STEP 8
  certificate  stage=STEP 8  complete  reason=step8_complete  wall=9.012839e-02s  cpu=9.012200e-02s  provider=246  solves=2  iterations=20

STEP 9
  certificate  stage=STEP 9  failed  objective=-4.887418e+00  upper=-4.887208e+00  gap= 2.102434e-04  wall=0.000000e+00s  cpu=0.000000e+00s  provider=0  solves=0  iterations=0
  certificate  stage=STEP 9  complete  reason=paper_free_energy_convergence_failed  wall=2.247098e-03s  cpu=2.247000e-03s  provider=3  solves=0  iterations=0

STEP 7
  certificate  stage=STEP 7  complete  reason=continue_stage_ii  wall=1.110000e-06s  cpu=1.000000e-06s  provider=0  solves=0  iterations=0

STEP 4
  STAGE II STEP 4  major=7  upper=-4.887377e+00  LP_primal= 8.881784e-16  LP_dual= 1.734723e-18  active_cuts=12  certified
  certificate  stage=STEP 4  complete  reason=step4_complete  wall=2.693490e-04s  cpu=2.700000e-04s  provider=0  solves=1  iterations=1

STEP 5
  certificate  stage=STEP 5 LOCAL  major=7  attempt=17  accepted  reason=success  P rel.= 8.015764e-14  objective=-1.751677e+00  upper=-4.887377e+00  gap=-3.135700e+00  wall=0.000000e+00s  cpu=0.000000e+00s  provider=0  solves=0  iterations=0
  certificate  stage=STEP 5 LOCAL  major=7  attempt=18  accepted  reason=success  P rel.= 5.746067e-14  objective=-1.751677e+00  upper=-4.887377e+00  gap=-3.135700e+00  wall=0.000000e+00s  cpu=0.000000e+00s  provider=0  solves=0  iterations=0
  certificate  stage=STEP 5 LOCAL  major=7  attempt=19  accepted  reason=success  P rel.=-5.932807e-09  objective=-4.887484e+00  upper=-4.887377e+00  gap= 1.066374e-04  wall=0.000000e+00s  cpu=0.000000e+00s  provider=0  solves=0  iterations=0
  certificate  stage=STEP 5  complete  reason=step5_complete  wall=6.811799e-02s  cpu=6.810800e-02s  provider=71  solves=3  iterations=50

STEP 6
  certificate  stage=STEP 6  complete  reason=candidate_set  wall=5.360000e-06s  cpu=5.000000e-06s  provider=0  solves=0  iterations=0

STEP 8
  certificate  stage=STEP 8  complete  reason=step8_complete  wall=8.109336e-02s  cpu=8.108100e-02s  provider=208  solves=2  iterations=18

STEP 9
  certificate  stage=STEP 9  failed  objective=-4.887478e+00  upper=-4.887377e+00  gap= 1.013646e-04  wall=0.000000e+00s  cpu=0.000000e+00s  provider=0  solves=0  iterations=0
  certificate  stage=STEP 9  complete  reason=paper_free_energy_convergence_failed  wall=1.557092e-03s  cpu=1.557000e-03s  provider=2  solves=0  iterations=0

STEP 7
  certificate  stage=STEP 7  complete  reason=continue_stage_ii  wall=9.900000e-07s  cpu=1.000000e-06s  provider=0  solves=0  iterations=0

STEP 4
  STAGE II STEP 4  major=8  upper=-4.887469e+00  LP_primal= 0.000000e+00  LP_dual= 0.000000e+00  active_cuts=13  certified
  certificate  stage=STEP 4  complete  reason=step4_complete  wall=2.823190e-04s  cpu=2.820000e-04s  provider=0  solves=1  iterations=1

STEP 5
  certificate  stage=STEP 5 LOCAL  major=8  attempt=20  accepted  reason=success  P rel.= 5.171460e-14  objective=-1.750215e+00  upper=-4.887469e+00  gap=-3.137254e+00  wall=0.000000e+00s  cpu=0.000000e+00s  provider=0  solves=0  iterations=0
  certificate  stage=STEP 5 LOCAL  major=8  attempt=23  accepted  reason=success  P rel.= 6.665438e-14  objective=-1.750215e+00  upper=-4.887469e+00  gap=-3.137254e+00  wall=0.000000e+00s  cpu=0.000000e+00s  provider=0  solves=0  iterations=0
  certificate  stage=STEP 5 LOCAL  major=8  attempt=24  accepted  reason=success  P rel.=-6.067059e-09  objective=-4.887500e+00  upper=-4.887469e+00  gap= 3.086056e-05  wall=0.000000e+00s  cpu=0.000000e+00s  provider=0  solves=0  iterations=0
  certificate  stage=STEP 5  complete  reason=step5_complete  wall=6.297357e-02s  cpu=6.296900e-02s  provider=64  solves=5  iterations=49

STEP 6
  certificate  stage=STEP 6  complete  reason=candidate_set  wall=6.640000e-06s  cpu=6.000000e-06s  provider=0  solves=0  iterations=0

STEP 8
  certificate  stage=STEP 8  complete  reason=step8_complete  wall=5.580223e-02s  cpu=5.580300e-02s  provider=138  solves=2  iterations=15

STEP 9
  certificate  stage=STEP 9  failed  objective=-4.887478e+00  upper=-4.887469e+00  gap= 9.424293e-06  wall=0.000000e+00s  cpu=0.000000e+00s  provider=0  solves=0  iterations=0
  certificate  stage=STEP 9  complete  reason=paper_potential_convergence_failed  wall=1.525282e-03s  cpu=1.525000e-03s  provider=2  solves=0  iterations=0

STEP 7
  certificate  stage=STEP 7  complete  reason=continue_stage_ii  wall=1.060000e-06s  cpu=1.000000e-06s  provider=0  solves=0  iterations=0

STEP 4
  STAGE II STEP 4  major=9  upper=-4.887470e+00  LP_primal= 0.000000e+00  LP_dual= 9.920450e-18  active_cuts=14  certified
  certificate  stage=STEP 4  complete  reason=step4_complete  wall=2.785180e-04s  cpu=2.790000e-04s  provider=0  solves=1  iterations=1

STEP 5
  certificate  stage=STEP 5 LOCAL  major=9  attempt=25  accepted  reason=success  P rel.= 4.927253e-14  objective=-1.751027e+00  upper=-4.887470e+00  gap=-3.136443e+00  wall=0.000000e+00s  cpu=0.000000e+00s  provider=0  solves=0  iterations=0
  certificate  stage=STEP 5 LOCAL  major=9  attempt=26  accepted  reason=success  P rel.=-5.974560e-09  objective=-4.887478e+00  upper=-4.887470e+00  gap= 7.692766e-06  wall=0.000000e+00s  cpu=0.000000e+00s  provider=0  solves=0  iterations=0
  certificate  stage=STEP 5  complete  reason=step5_complete  wall=5.006075e-02s  cpu=5.006200e-02s  provider=50  solves=2  iterations=40

STEP 6
  certificate  stage=STEP 6  complete  reason=candidate_set  wall=8.760000e-06s  cpu=9.000000e-06s  provider=0  solves=0  iterations=0

STEP 8
  certificate  stage=STEP 8  complete  reason=step8_complete  wall=1.643631e-01s  cpu=1.643570e-01s  provider=783  solves=2  iterations=49

STEP 9
  certificate  stage=STEP 9  failed  objective=-4.887478e+00  upper=-4.887470e+00  gap= 8.199603e-06  wall=0.000000e+00s  cpu=0.000000e+00s  provider=0  solves=0  iterations=0
  certificate  stage=STEP 9  complete  reason=paper_potential_convergence_failed  wall=1.549902e-03s  cpu=1.550000e-03s  provider=2  solves=0  iterations=0

STEP 7
  certificate  stage=STEP 7  complete  reason=continue_stage_ii  wall=1.090000e-06s  cpu=1.000000e-06s  provider=0  solves=0  iterations=0

STEP 4
  STAGE II STEP 4  major=10  upper=-4.887471e+00  LP_primal= 0.000000e+00  LP_dual= 7.480995e-18  active_cuts=15  certified
  certificate  stage=STEP 4  complete  reason=step4_complete  wall=2.986380e-04s  cpu=2.990000e-04s  provider=0  solves=1  iterations=1

STEP 5
  certificate  stage=STEP 5 LOCAL  major=10  attempt=27  accepted  reason=success  P rel.= 7.656635e-14  objective=-1.751434e+00  upper=-4.887471e+00  gap=-3.136036e+00  wall=0.000000e+00s  cpu=0.000000e+00s  provider=0  solves=0  iterations=0
  certificate  stage=STEP 5 LOCAL  major=10  attempt=28  accepted  reason=success  P rel.= 4.596854e-14  objective=-1.751434e+00  upper=-4.887471e+00  gap=-3.136036e+00  wall=0.000000e+00s  cpu=0.000000e+00s  provider=0  solves=0  iterations=0
  certificate  stage=STEP 5 LOCAL  major=10  attempt=29  accepted  reason=success  P rel.= 5.889719e-14  objective=-1.751434e+00  upper=-4.887471e+00  gap=-3.136036e+00  wall=0.000000e+00s  cpu=0.000000e+00s  provider=0  solves=0  iterations=0
  certificate  stage=STEP 5 LOCAL  major=10  attempt=30  accepted  reason=success  P rel.= 9.179342e-14  objective=-1.751434e+00  upper=-4.887471e+00  gap=-3.136036e+00  wall=0.000000e+00s  cpu=0.000000e+00s  provider=0  solves=0  iterations=0
  certificate  stage=STEP 5 LOCAL  major=10  attempt=31  accepted  reason=success  P rel.= 8.216876e-14  objective=-1.751434e+00  upper=-4.887471e+00  gap=-3.136036e+00  wall=0.000000e+00s  cpu=0.000000e+00s  provider=0  solves=0  iterations=0
  certificate  stage=STEP 5 LOCAL  major=10  attempt=32  accepted  reason=success  P rel.= 4.323916e-14  objective=-1.751434e+00  upper=-4.887471e+00  gap=-3.136036e+00  wall=0.000000e+00s  cpu=0.000000e+00s  provider=0  solves=0  iterations=0
  certificate  stage=STEP 5 LOCAL  major=10  attempt=33  accepted  reason=success  P rel.= 7.096393e-14  objective=-1.751434e+00  upper=-4.887471e+00  gap=-3.136036e+00  wall=0.000000e+00s  cpu=0.000000e+00s  provider=0  solves=0  iterations=0
  certificate  stage=STEP 5 LOCAL  major=10  attempt=34  accepted  reason=success  P rel.= 7.699730e-14  objective=-1.751434e+00  upper=-4.887471e+00  gap=-3.136036e+00  wall=0.000000e+00s  cpu=0.000000e+00s  provider=0  solves=0  iterations=0
  certificate  stage=STEP 5 LOCAL  major=10  attempt=35  accepted  reason=success  P rel.= 5.128365e-14  objective=-1.751434e+00  upper=-4.887471e+00  gap=-3.136036e+00  wall=0.000000e+00s  cpu=0.000000e+00s  provider=0  solves=0  iterations=0
  certificate  stage=STEP 5 LOCAL  major=10  attempt=36  accepted  reason=success  P rel.=-5.935655e-09  objective=-4.887473e+00  upper=-4.887471e+00  gap= 1.922297e-06  wall=0.000000e+00s  cpu=0.000000e+00s  provider=0  solves=0  iterations=0
  certificate  stage=STEP 5  complete  reason=step5_complete  wall=2.055122e-01s  cpu=2.054920e-01s  provider=200  solves=10  iterations=175

STEP 6
  certificate  stage=STEP 6  complete  reason=candidate_set  wall=9.130000e-06s  cpu=9.000000e-06s  provider=0  solves=0  iterations=0

STEP 8
  certificate  stage=STEP 8  complete  reason=step8_complete  wall=4.995921e-02s  cpu=4.995000e-02s  provider=108  solves=2  iterations=13

STEP 9
  certificate  stage=STEP 9  failed  objective=-4.887478e+00  upper=-4.887471e+00  gap= 7.686458e-06  wall=0.000000e+00s  cpu=0.000000e+00s  provider=0  solves=0  iterations=0
  certificate  stage=STEP 9  complete  reason=paper_potential_convergence_failed  wall=1.476742e-03s  cpu=1.476000e-03s  provider=2  solves=0  iterations=0

STEP 7
  certificate  stage=STEP 7  complete  reason=continue_stage_ii  wall=1.020000e-06s  cpu=1.000000e-06s  provider=0  solves=0  iterations=0

STEP 4
  STAGE II STEP 4  major=11  upper=-4.887471e+00  LP_primal= 8.881784e-16  LP_dual= 7.914676e-18  active_cuts=16  certified
  certificate  stage=STEP 4  complete  reason=step4_complete  wall=2.772490e-04s  cpu=2.770000e-04s  provider=0  solves=1  iterations=1

STEP 5
  certificate  stage=STEP 5 LOCAL  major=11  attempt=37  accepted  reason=success  P rel.=-5.929601e-09  objective=-4.887471e+00  upper=-4.887471e+00  gap= 4.823359e-07  wall=0.000000e+00s  cpu=0.000000e+00s  provider=0  solves=0  iterations=0
  certificate  stage=STEP 5  complete  reason=step5_complete  wall=2.605881e-02s  cpu=2.605900e-02s  provider=27  solves=1  iterations=19

STEP 6
  certificate  stage=STEP 6  complete  reason=candidate_set  wall=8.590000e-06s  cpu=8.000000e-06s  provider=0  solves=0  iterations=0

STEP 8
  certificate  stage=STEP 8  complete  reason=step8_complete  wall=5.007274e-02s  cpu=5.006500e-02s  provider=108  solves=2  iterations=13

STEP 9
  certificate  stage=STEP 9  failed  objective=-4.887478e+00  upper=-4.887471e+00  gap= 7.429921e-06  wall=0.000000e+00s  cpu=0.000000e+00s  provider=0  solves=0  iterations=0
  certificate  stage=STEP 9  complete  reason=paper_potential_convergence_failed  wall=1.496153e-03s  cpu=1.497000e-03s  provider=2  solves=0  iterations=0

STEP 7
  certificate  stage=STEP 7  complete  reason=continue_stage_ii  wall=1.010000e-06s  cpu=0.000000e+00s  provider=0  solves=0  iterations=0

STEP 4
  STAGE II STEP 4  major=12  upper=-4.887471e+00  LP_primal= 1.776357e-15  LP_dual= 3.686287e-18  active_cuts=17  certified
  certificate  stage=STEP 4  complete  reason=step4_complete  wall=2.751290e-04s  cpu=2.760000e-04s  provider=0  solves=1  iterations=1

STEP 5
  certificate  stage=STEP 5 LOCAL  major=12  attempt=38  accepted  reason=success  P rel.= 5.961545e-14  objective=-1.751742e+00  upper=-4.887471e+00  gap=-3.135729e+00  wall=0.000000e+00s  cpu=0.000000e+00s  provider=0  solves=0  iterations=0
  certificate  stage=STEP 5 LOCAL  major=12  attempt=39  accepted  reason=success  P rel.= 9.595932e-14  objective=-1.751742e+00  upper=-4.887471e+00  gap=-3.135729e+00  wall=0.000000e+00s  cpu=0.000000e+00s  provider=0  solves=0  iterations=0
  certificate  stage=STEP 5 LOCAL  major=12  attempt=40  accepted  reason=success  P rel.= 6.780359e-14  objective=-1.751742e+00  upper=-4.887471e+00  gap=-3.135729e+00  wall=0.000000e+00s  cpu=0.000000e+00s  provider=0  solves=0  iterations=0
  certificate  stage=STEP 5 LOCAL  major=12  attempt=41  accepted  reason=success  P rel.= 6.047736e-14  objective=-1.751742e+00  upper=-4.887471e+00  gap=-3.135729e+00  wall=0.000000e+00s  cpu=0.000000e+00s  provider=0  solves=0  iterations=0
  certificate  stage=STEP 5 LOCAL  major=12  attempt=42  accepted  reason=success  P rel.= 7.426792e-14  objective=-1.751742e+00  upper=-4.887471e+00  gap=-3.135729e+00  wall=0.000000e+00s  cpu=0.000000e+00s  provider=0  solves=0  iterations=0
  certificate  stage=STEP 5 LOCAL  major=12  attempt=43  accepted  reason=success  P rel.=-5.964144e-09  objective=-4.887471e+00  upper=-4.887471e+00  gap= 1.227034e-07  wall=0.000000e+00s  cpu=0.000000e+00s  provider=0  solves=0  iterations=0
  certificate  stage=STEP 5  complete  reason=step5_complete  wall=1.197975e-01s  cpu=1.197990e-01s  provider=120  solves=6  iterations=103

STEP 6
  certificate  stage=STEP 6  complete  reason=candidate_set  wall=9.430000e-06s  cpu=1.000000e-05s  provider=0  solves=0  iterations=0

STEP 8
  certificate  stage=STEP 8  complete  reason=step8_complete  wall=4.953106e-02s  cpu=4.953200e-02s  provider=108  solves=2  iterations=13

STEP 9
  certificate  stage=STEP 9  failed  objective=-4.887478e+00  upper=-4.887471e+00  gap= 7.300658e-06  wall=0.000000e+00s  cpu=0.000000e+00s  provider=0  solves=0  iterations=0
  certificate  stage=STEP 9  complete  reason=paper_potential_convergence_failed  wall=1.494362e-03s  cpu=1.495000e-03s  provider=2  solves=0  iterations=0

STEP 7
  certificate  stage=STEP 7  complete  reason=continue_stage_ii  wall=9.300000e-07s  cpu=1.000000e-06s  provider=0  solves=0  iterations=0

STEP 4
  STAGE II STEP 4  major=13  upper=-4.887471e+00  LP_primal= 3.552714e-15  LP_dual= 8.673617e-19  active_cuts=18  certified
  certificate  stage=STEP 4  complete  reason=step4_complete  wall=2.823380e-04s  cpu=2.830000e-04s  provider=0  solves=1  iterations=1

STEP 5
  certificate  stage=STEP 5 LOCAL  major=13  attempt=44  accepted  reason=success  P rel.= 6.809090e-14  objective=-1.751796e+00  upper=-4.887471e+00  gap=-3.135675e+00  wall=0.000000e+00s  cpu=0.000000e+00s  provider=0  solves=0  iterations=0
  certificate  stage=STEP 5 LOCAL  major=13  attempt=45  accepted  reason=success  P rel.= 8.259972e-14  objective=-1.751796e+00  upper=-4.887471e+00  gap=-3.135675e+00  wall=0.000000e+00s  cpu=0.000000e+00s  provider=0  solves=0  iterations=0
  certificate  stage=STEP 5 LOCAL  major=13  attempt=47  accepted  reason=success  P rel.=-5.940997e-09  objective=-4.887471e+00  upper=-4.887471e+00  gap= 3.295661e-08  wall=0.000000e+00s  cpu=0.000000e+00s  provider=0  solves=0  iterations=0
  certificate  stage=STEP 5  complete  reason=step5_complete  wall=6.004271e-02s  cpu=6.004400e-02s  provider=63  solves=4  iterations=47

STEP 6
  certificate  stage=STEP 6  complete  reason=candidate_set  wall=9.140000e-06s  cpu=9.000000e-06s  provider=0  solves=0  iterations=0

STEP 8
  certificate  stage=STEP 8  complete  reason=step8_complete  wall=4.999347e-02s  cpu=4.999400e-02s  provider=108  solves=2  iterations=13

STEP 9
  certificate  stage=STEP 9  failed  objective=-4.887478e+00  upper=-4.887471e+00  gap= 7.233700e-06  wall=0.000000e+00s  cpu=0.000000e+00s  provider=0  solves=0  iterations=0
  certificate  stage=STEP 9  complete  reason=paper_potential_convergence_failed  wall=1.513822e-03s  cpu=1.514000e-03s  provider=2  solves=0  iterations=0

STEP 7
  certificate  stage=STEP 7  complete  reason=continue_stage_ii  wall=9.400000e-07s  cpu=1.000000e-06s  provider=0  solves=0  iterations=0

STEP 4
  STAGE II STEP 4  major=14  upper=-4.887471e+00  LP_primal= 8.881784e-16  LP_dual= 2.602085e-18  active_cuts=19  certified
  certificate  stage=STEP 4  complete  reason=step4_complete  wall=2.835080e-04s  cpu=2.840000e-04s  provider=0  solves=1  iterations=1

STEP 5
  certificate  stage=STEP 5 LOCAL  major=14  attempt=48  accepted  reason=success  P rel.= 5.494677e-13  objective=-1.751769e+00  upper=-4.887471e+00  gap=-3.135702e+00  wall=0.000000e+00s  cpu=0.000000e+00s  provider=0  solves=0  iterations=0
  certificate  stage=STEP 5 LOCAL  major=14  attempt=49  accepted  reason=success  P rel.= 6.406865e-14  objective=-1.751769e+00  upper=-4.887471e+00  gap=-3.135702e+00  wall=0.000000e+00s  cpu=0.000000e+00s  provider=0  solves=0  iterations=0
  certificate  stage=STEP 5 LOCAL  major=14  attempt=50  accepted  reason=success  P rel.=-5.969129e-09  objective=-4.887471e+00  upper=-4.887471e+00  gap= 8.240003e-09  wall=0.000000e+00s  cpu=0.000000e+00s  provider=0  solves=0  iterations=0
  certificate  stage=STEP 5  complete  reason=step5_complete  wall=7.049700e-02s  cpu=7.049900e-02s  provider=69  solves=3  iterations=58

STEP 6
  certificate  stage=STEP 6  complete  reason=candidate_set  wall=1.457000e-05s  cpu=1.400000e-05s  provider=0  solves=0  iterations=0

STEP 8
  certificate  stage=STEP 8  complete  reason=step8_complete  wall=5.202137e-02s  cpu=5.201700e-02s  provider=108  solves=2  iterations=13

STEP 9
  certificate  stage=STEP 9  failed  objective=-4.887478e+00  upper=-4.887471e+00  gap= 7.212983e-06  wall=0.000000e+00s  cpu=0.000000e+00s  provider=0  solves=0  iterations=0
  certificate  stage=STEP 9  complete  reason=paper_potential_convergence_failed  wall=1.531892e-03s  cpu=1.532000e-03s  provider=2  solves=0  iterations=0

STEP 7
  certificate  stage=STEP 7  complete  reason=continue_stage_ii  wall=1.080000e-06s  cpu=1.000000e-06s  provider=0  solves=0  iterations=0

STEP 4
  STAGE II STEP 4  major=15  upper=-4.887471e+00  LP_primal= 0.000000e+00  LP_dual= 0.000000e+00  active_cuts=20  certified
  certificate  stage=STEP 4  complete  reason=step4_complete  wall=3.209990e-04s  cpu=3.210000e-04s  provider=0  solves=1  iterations=1

STEP 5
  certificate  stage=STEP 5 LOCAL  major=15  attempt=51  accepted  reason=success  P rel.= 7.699730e-14  objective=-1.751782e+00  upper=-4.887471e+00  gap=-3.135689e+00  wall=0.000000e+00s  cpu=0.000000e+00s  provider=0  solves=0  iterations=0
  certificate  stage=STEP 5 LOCAL  major=15  attempt=52  accepted  reason=success  P rel.= 4.553758e-14  objective=-1.751782e+00  upper=-4.887471e+00  gap=-3.135689e+00  wall=0.000000e+00s  cpu=0.000000e+00s  provider=0  solves=0  iterations=0
  certificate  stage=STEP 5 LOCAL  major=15  attempt=53  accepted  reason=success  P rel.= 5.070904e-14  objective=-1.751782e+00  upper=-4.887471e+00  gap=-3.135689e+00  wall=0.000000e+00s  cpu=0.000000e+00s  provider=0  solves=0  iterations=0
  certificate  stage=STEP 5 LOCAL  major=15  attempt=54  accepted  reason=success  P rel.= 6.823455e-14  objective=-1.751782e+00  upper=-4.887471e+00  gap=-3.135689e+00  wall=0.000000e+00s  cpu=0.000000e+00s  provider=0  solves=0  iterations=0
  certificate  stage=STEP 5 LOCAL  major=15  attempt=55  accepted  reason=success  P rel.= 7.107885e-13  objective=-1.751782e+00  upper=-4.887471e+00  gap=-3.135689e+00  wall=0.000000e+00s  cpu=0.000000e+00s  provider=0  solves=0  iterations=0
  certificate  stage=STEP 5 LOCAL  major=15  attempt=56  accepted  reason=success  P rel.= 4.313860e-13  objective=-1.751782e+00  upper=-4.887471e+00  gap=-3.135689e+00  wall=0.000000e+00s  cpu=0.000000e+00s  provider=0  solves=0  iterations=0
  certificate  stage=STEP 5 LOCAL  major=15  attempt=57  accepted  reason=success  P rel.= 6.220118e-14  objective=-1.751782e+00  upper=-4.887471e+00  gap=-3.135689e+00  wall=0.000000e+00s  cpu=0.000000e+00s  provider=0  solves=0  iterations=0
  certificate  stage=STEP 5 LOCAL  major=15  attempt=59  accepted  reason=success  P rel.= 7.989906e-13  objective=-1.751782e+00  upper=-4.887471e+00  gap=-3.135689e+00  wall=0.000000e+00s  cpu=0.000000e+00s  provider=0  solves=0  iterations=0
  certificate  stage=STEP 5 LOCAL  major=15  attempt=60  accepted  reason=success  P rel.= 6.392500e-14  objective=-1.751782e+00  upper=-4.887471e+00  gap=-3.135689e+00  wall=0.000000e+00s  cpu=0.000000e+00s  provider=0  solves=0  iterations=0
  certificate  stage=STEP 5 LOCAL  major=15  attempt=61  accepted  reason=success  P rel.= 5.702972e-14  objective=-1.751782e+00  upper=-4.887471e+00  gap=-3.135689e+00  wall=0.000000e+00s  cpu=0.000000e+00s  provider=0  solves=0  iterations=0
  certificate  stage=STEP 5 LOCAL  major=15  attempt=62  accepted  reason=success  P rel.=-5.876542e-09  objective=-4.887471e+00  upper=-4.887471e+00  gap= 2.059886e-09  wall=0.000000e+00s  cpu=0.000000e+00s  provider=0  solves=0  iterations=0
  certificate  stage=STEP 5  complete  reason=step5_complete  wall=2.968580e-01s  cpu=2.968340e-01s  provider=290  solves=12  iterations=195

STEP 6
  certificate  stage=STEP 6  complete  reason=candidate_set  wall=1.287900e-05s  cpu=1.300000e-05s  provider=0  solves=0  iterations=0

STEP 8
  certificate  stage=STEP 8  complete  reason=step8_complete  wall=5.568303e-02s  cpu=5.568500e-02s  provider=108  solves=2  iterations=13

STEP 9
  certificate  stage=STEP 9  failed  objective=-4.887478e+00  upper=-4.887471e+00  gap= 7.208785e-06  wall=0.000000e+00s  cpu=0.000000e+00s  provider=0  solves=0  iterations=0
  certificate  stage=STEP 9  complete  reason=paper_potential_convergence_failed  wall=1.754051e-03s  cpu=1.755000e-03s  provider=2  solves=0  iterations=0

STEP 7
  certificate  stage=STEP 7  complete  reason=continue_stage_ii  wall=1.190000e-06s  cpu=1.000000e-06s  provider=0  solves=0  iterations=0

STEP 4
  STAGE II STEP 4  major=16  upper=-4.887471e+00  LP_primal= 0.000000e+00  LP_dual= 1.734723e-18  active_cuts=21  certified
  certificate  stage=STEP 4  complete  reason=step4_complete  wall=3.637080e-04s  cpu=3.640000e-04s  provider=0  solves=1  iterations=1

STEP 5
  certificate  stage=STEP 5 LOCAL  major=16  attempt=63  accepted  reason=success  P rel.=-2.238937e-08  objective=-4.887643e+00  upper=-4.887471e+00  gap= 1.714192e-04  wall=0.000000e+00s  cpu=0.000000e+00s  provider=0  solves=0  iterations=0
  certificate  stage=STEP 5  complete  reason=step5_complete  wall=3.164795e-02s  cpu=3.165000e-02s  provider=29  solves=1  iterations=22

STEP 6
  certificate  stage=STEP 6  complete  reason=candidate_set  wall=9.109000e-06s  cpu=9.000000e-06s  provider=0  solves=0  iterations=0

STEP 8
  certificate  stage=STEP 8  complete  reason=step8_complete  wall=5.671534e-02s  cpu=5.671700e-02s  provider=105  solves=2  iterations=14

STEP 9
  certificate  stage=STEP 9  passed  objective=-4.887490e+00  upper=-4.887471e+00  gap= 1.928814e-05  wall=0.000000e+00s  cpu=0.000000e+00s  provider=0  solves=0  iterations=0
  certificate  stage=STEP 9  complete  reason=step9_complete  wall=1.672341e-03s  cpu=1.673000e-03s  provider=2  solves=0  iterations=0

STEP 10
  certificate  stage=STEP 10  passed  wall=0.000000e+00s  cpu=0.000000e+00s  provider=0  solves=0  iterations=0
  certificate  stage=STEP 10  complete  reason=trace_refinement_not_required  wall=3.079694e-03s  cpu=3.080000e-03s  provider=4  solves=0  iterations=0
