HELD2.0  case=installed-held2-paper-rewrite  T=2.981500e+02 K  P=1.013000e+05 Pa

STEP 1
  certificate  stage=STEP 1  complete  reason=step1_complete  wall=2.308000e-05s  cpu=2.200000e-05s  provider=1  solves=0  iterations=0

STEP 2

REFERENCE PRESSURE ROOTS
  root   0  V= 2.921544e-05  P rel.=-1.572819e-09  G/RT=-1.182703e+01  strict_stable
  root   1  V= 5.790449e-04  P rel.=-6.351243e-09  G/RT=-7.176363e+00  unstable
  root   2  V= 2.268264e-02  P rel.= 2.822678e-10  G/RT=-8.546906e+00  strict_stable
  selected root 0  status=selected
  eval     1  TPD= 5.336934e-01  P rel.= 2.232178e-09  V= 4.684854e-05  certified
  eval     2  TPD= 1.412988e-01  P rel.=-9.329527e-09  V= 5.717807e-05  certified
  eval     3  TPD= 9.855508e-01  P rel.=-6.602069e-10  V= 3.654838e-05  certified
  eval     4  TPD= 1.135940e+00  P rel.=-8.348988e-09  V= 6.774147e-05  certified
  eval     5  TPD= 8.851449e-02  P rel.= 6.419810e-09  V= 2.643126e-05  certified
  eval     6  TPD= 5.455918e-02  P rel.=-7.663127e-09  V= 4.748642e-05  certified
  eval     7  TPD= 5.322078e-01  P rel.=-9.435112e-09  V= 2.693881e-05  certified
  eval     8  TPD=-5.125210e-03  P rel.=-5.837331e-10  V= 5.090922e-05  certified
  certificate  stage=STEP 2  complete  reason=negative_tpd_witness  wall=1.809971e+00s  cpu=1.809419e+00s  provider=2464  solves=1  iterations=8

STEP 3
  certificate  stage=STEP 3  complete  reason=step3_complete  wall=8.119700e-01s  cpu=8.118750e-01s  provider=4  solves=0  iterations=0

STEP 4
  STAGE II STEP 4  major=0  upper=-1.183339e+01  LP_primal= 0.000000e+00  LP_dual= 0.000000e+00  active_cuts=5  certified
  certificate  stage=STEP 4  complete  reason=step4_complete  wall=3.983780e-04s  cpu=3.990000e-04s  provider=0  solves=1  iterations=1

STEP 5
  certificate  stage=STEP 5 LOCAL  major=0  attempt=0  accepted  reason=success  P rel.=-6.064554e-03  objective=-1.183697e+01  upper=-1.183339e+01  gap= 3.571878e-03  wall=0.000000e+00s  cpu=0.000000e+00s  provider=0  solves=0  iterations=0
  certificate  stage=STEP 5  complete  reason=step5_complete  wall=2.496164e-02s  cpu=2.496200e-02s  provider=152  solves=1  iterations=20

STEP 6
  certificate  stage=STEP 6  complete  reason=candidate_set  wall=3.540000e-06s  cpu=3.000000e-06s  provider=0  solves=0  iterations=0

STEP 8
  certificate  stage=STEP 8  complete  reason=step8_complete  wall=7.089979e-02s  cpu=7.090000e-02s  provider=146  solves=2  iterations=15

STEP 9
  certificate  stage=STEP 9  failed  objective=-1.182725e+01  upper=-1.183339e+01  gap=-6.146154e-03  wall=0.000000e+00s  cpu=0.000000e+00s  provider=0  solves=0  iterations=0
  certificate  stage=STEP 9  complete  reason=paper_free_energy_convergence_failed  wall=2.312897e-03s  cpu=2.313000e-03s  provider=3  solves=0  iterations=0

STEP 7
  certificate  stage=STEP 7  complete  reason=continue_stage_ii  wall=9.400000e-07s  cpu=1.000000e-06s  provider=0  solves=0  iterations=0

STEP 4
  STAGE II STEP 4  major=1  upper=-1.183489e+01  LP_primal= 7.105427e-15  LP_dual= 1.387779e-17  active_cuts=6  certified
  certificate  stage=STEP 4  complete  reason=step4_complete  wall=1.998090e-04s  cpu=2.000000e-04s  provider=0  solves=1  iterations=1

STEP 5
  certificate  stage=STEP 5 LOCAL  major=1  attempt=1  accepted  reason=success  P rel.=-7.462430e-08  objective=-1.194667e+01  upper=-1.183489e+01  gap= 1.117813e-01  wall=0.000000e+00s  cpu=0.000000e+00s  provider=0  solves=0  iterations=0
  certificate  stage=STEP 5  complete  reason=step5_complete  wall=2.328178e-02s  cpu=2.326300e-02s  provider=21  solves=1  iterations=20

STEP 6
  certificate  stage=STEP 6  complete  reason=candidate_set  wall=3.610000e-06s  cpu=3.000000e-06s  provider=0  solves=0  iterations=0

STEP 8
  certificate  stage=STEP 8  complete  reason=unchanged_problem_67  wall=1.810000e-06s  cpu=2.000000e-06s  provider=0  solves=0  iterations=0

STEP 9
  certificate  stage=STEP 9  failed  objective=-1.182725e+01  upper=-1.183489e+01  gap=-7.641953e-03  wall=0.000000e+00s  cpu=0.000000e+00s  provider=0  solves=0  iterations=0
  certificate  stage=STEP 9  complete  reason=paper_free_energy_convergence_failed  wall=2.141929e-03s  cpu=2.142000e-03s  provider=3  solves=0  iterations=0

STEP 7
  certificate  stage=STEP 7  complete  reason=continue_stage_ii  wall=9.300000e-07s  cpu=1.000000e-06s  provider=0  solves=0  iterations=0

STEP 4
  STAGE II STEP 4  major=2  upper=-1.185709e+01  LP_primal= 0.000000e+00  LP_dual= 5.551115e-17  active_cuts=7  certified
  certificate  stage=STEP 4  complete  reason=step4_complete  wall=2.838690e-04s  cpu=2.850000e-04s  provider=0  solves=1  iterations=1

STEP 5
  certificate  stage=STEP 5 LOCAL  major=2  attempt=2  accepted  reason=success  P rel.= 7.857747e-14  objective=-8.772406e+00  upper=-1.185709e+01  gap=-3.084689e+00  wall=0.000000e+00s  cpu=0.000000e+00s  provider=0  solves=0  iterations=0
  certificate  stage=STEP 5 LOCAL  major=2  attempt=3  accepted  reason=success  P rel.= 5.257652e-14  objective=-8.772406e+00  upper=-1.185709e+01  gap=-3.084689e+00  wall=0.000000e+00s  cpu=0.000000e+00s  provider=0  solves=0  iterations=0
  certificate  stage=STEP 5 LOCAL  major=2  attempt=4  accepted  reason=success  P rel.=-5.019216e-09  objective=-1.186693e+01  upper=-1.185709e+01  gap= 9.837725e-03  wall=0.000000e+00s  cpu=0.000000e+00s  provider=0  solves=0  iterations=0
  certificate  stage=STEP 5  complete  reason=step5_complete  wall=8.383445e-02s  cpu=8.373600e-02s  provider=71  solves=3  iterations=63

STEP 6
  certificate  stage=STEP 6  complete  reason=candidate_set  wall=4.970000e-06s  cpu=5.000000e-06s  provider=0  solves=0  iterations=0

STEP 8
  certificate  stage=STEP 8  complete  reason=problem_67_infeasible  wall=2.887880e-04s  cpu=2.900000e-04s  provider=3  solves=1  iterations=0

STEP 7
  certificate  stage=STEP 7  complete  reason=continue_stage_ii  wall=1.080000e-06s  cpu=0.000000e+00s  provider=0  solves=0  iterations=0

STEP 4
  STAGE II STEP 4  major=3  upper=-1.186290e+01  LP_primal= 0.000000e+00  LP_dual= 6.938894e-18  active_cuts=8  certified
  certificate  stage=STEP 4  complete  reason=step4_complete  wall=2.378490e-04s  cpu=2.390000e-04s  provider=0  solves=1  iterations=1

STEP 5
  certificate  stage=STEP 5 LOCAL  major=3  attempt=5  accepted  reason=success  P rel.= 5.559320e-14  objective=-8.783663e+00  upper=-1.186290e+01  gap=-3.079240e+00  wall=0.000000e+00s  cpu=0.000000e+00s  provider=0  solves=0  iterations=0
  certificate  stage=STEP 5 LOCAL  major=3  attempt=6  accepted  reason=success  P rel.=-4.120581e-09  objective=-1.186645e+01  upper=-1.186290e+01  gap= 3.548540e-03  wall=0.000000e+00s  cpu=0.000000e+00s  provider=0  solves=0  iterations=0
  certificate  stage=STEP 5  complete  reason=step5_complete  wall=4.418072e-02s  cpu=4.415000e-02s  provider=39  solves=2  iterations=34

STEP 6
  certificate  stage=STEP 6  complete  reason=candidate_set  wall=3.620000e-06s  cpu=4.000000e-06s  provider=0  solves=0  iterations=0

STEP 8
  certificate  stage=STEP 8  complete  reason=step8_complete  wall=8.017563e-02s  cpu=8.017600e-02s  provider=173  solves=2  iterations=14

STEP 9
  certificate  stage=STEP 9  failed  objective=-1.186373e+01  upper=-1.186290e+01  gap= 8.273682e-04  wall=0.000000e+00s  cpu=0.000000e+00s  provider=0  solves=0  iterations=0
  certificate  stage=STEP 9  complete  reason=paper_free_energy_convergence_failed  wall=2.337407e-03s  cpu=2.337000e-03s  provider=3  solves=0  iterations=0

STEP 7
  certificate  stage=STEP 7  complete  reason=continue_stage_ii  wall=1.110000e-06s  cpu=1.000000e-06s  provider=0  solves=0  iterations=0

STEP 4
  STAGE II STEP 4  major=4  upper=-1.186343e+01  LP_primal= 3.552714e-15  LP_dual= 2.775558e-17  active_cuts=9  certified
  certificate  stage=STEP 4  complete  reason=step4_complete  wall=2.686480e-04s  cpu=2.690000e-04s  provider=0  solves=1  iterations=1

STEP 5
  certificate  stage=STEP 5 LOCAL  major=4  attempt=7  accepted  reason=success  P rel.=-4.493247e-09  objective=-1.186434e+01  upper=-1.186343e+01  gap= 9.041231e-04  wall=0.000000e+00s  cpu=0.000000e+00s  provider=0  solves=0  iterations=0
  certificate  stage=STEP 5  complete  reason=step5_complete  wall=2.394844e-02s  cpu=2.394900e-02s  provider=23  solves=1  iterations=19

STEP 6
  certificate  stage=STEP 6  complete  reason=candidate_set  wall=4.530000e-06s  cpu=5.000000e-06s  provider=0  solves=0  iterations=0

STEP 8
  certificate  stage=STEP 8  complete  reason=step8_complete  wall=7.139594e-02s  cpu=7.138800e-02s  provider=162  solves=2  iterations=14

STEP 9
  certificate  stage=STEP 9  failed  objective=-1.186398e+01  upper=-1.186343e+01  gap= 5.514086e-04  wall=0.000000e+00s  cpu=0.000000e+00s  provider=0  solves=0  iterations=0
  certificate  stage=STEP 9  complete  reason=paper_free_energy_convergence_failed  wall=2.337988e-03s  cpu=2.338000e-03s  provider=3  solves=0  iterations=0

STEP 7
  certificate  stage=STEP 7  complete  reason=continue_stage_ii  wall=9.600000e-07s  cpu=1.000000e-06s  provider=0  solves=0  iterations=0

STEP 4
  STAGE II STEP 4  major=5  upper=-1.186371e+01  LP_primal= 3.552714e-15  LP_dual= 6.938894e-18  active_cuts=10  certified
  certificate  stage=STEP 4  complete  reason=step4_complete  wall=2.547590e-04s  cpu=2.550000e-04s  provider=0  solves=1  iterations=1

STEP 5
  certificate  stage=STEP 5 LOCAL  major=5  attempt=8  accepted  reason=success  P rel.= 6.493056e-14  objective=-8.780968e+00  upper=-1.186371e+01  gap=-3.082738e+00  wall=0.000000e+00s  cpu=0.000000e+00s  provider=0  solves=0  iterations=0
  certificate  stage=STEP 5 LOCAL  major=5  attempt=9  accepted  reason=success  P rel.= 3.115805e-13  objective=-8.780968e+00  upper=-1.186371e+01  gap=-3.082738e+00  wall=0.000000e+00s  cpu=0.000000e+00s  provider=0  solves=0  iterations=0
  certificate  stage=STEP 5 LOCAL  major=5  attempt=10  accepted  reason=success  P rel.= 7.311871e-14  objective=-8.780968e+00  upper=-1.186371e+01  gap=-3.082738e+00  wall=0.000000e+00s  cpu=0.000000e+00s  provider=0  solves=0  iterations=0
  certificate  stage=STEP 5 LOCAL  major=5  attempt=11  accepted  reason=success  P rel.= 7.313307e-13  objective=-8.780968e+00  upper=-1.186371e+01  gap=-3.082738e+00  wall=0.000000e+00s  cpu=0.000000e+00s  provider=0  solves=0  iterations=0
  certificate  stage=STEP 5 LOCAL  major=5  attempt=12  accepted  reason=success  P rel.= 5.717337e-14  objective=-8.780968e+00  upper=-1.186371e+01  gap=-3.082738e+00  wall=0.000000e+00s  cpu=0.000000e+00s  provider=0  solves=0  iterations=0
  certificate  stage=STEP 5 LOCAL  major=5  attempt=13  accepted  reason=success  P rel.=-4.754629e-09  objective=-1.186394e+01  upper=-1.186371e+01  gap= 2.330771e-04  wall=0.000000e+00s  cpu=0.000000e+00s  provider=0  solves=0  iterations=0
  certificate  stage=STEP 5  complete  reason=step5_complete  wall=1.232097e-01s  cpu=1.232020e-01s  provider=114  solves=6  iterations=103

STEP 6
  certificate  stage=STEP 6  complete  reason=candidate_set  wall=8.080000e-06s  cpu=8.000000e-06s  provider=0  solves=0  iterations=0

STEP 8
  certificate  stage=STEP 8  complete  reason=step8_complete  wall=8.230355e-02s  cpu=8.230500e-02s  provider=176  solves=2  iterations=18

STEP 9
  certificate  stage=STEP 9  failed  objective=-1.186411e+01  upper=-1.186371e+01  gap= 4.054335e-04  wall=0.000000e+00s  cpu=0.000000e+00s  provider=0  solves=0  iterations=0
  certificate  stage=STEP 9  complete  reason=paper_free_energy_convergence_failed  wall=1.605652e-03s  cpu=1.606000e-03s  provider=2  solves=0  iterations=0

STEP 7
  certificate  stage=STEP 7  complete  reason=continue_stage_ii  wall=1.130000e-06s  cpu=1.000000e-06s  provider=0  solves=0  iterations=0

STEP 4
  STAGE II STEP 4  major=6  upper=-1.186385e+01  LP_primal= 1.776357e-15  LP_dual= 0.000000e+00  active_cuts=11  certified
  certificate  stage=STEP 4  complete  reason=step4_complete  wall=2.762290e-04s  cpu=2.760000e-04s  provider=0  solves=1  iterations=1

STEP 5
  certificate  stage=STEP 5 LOCAL  major=6  attempt=14  accepted  reason=success  P rel.= 4.252090e-14  objective=-8.780584e+00  upper=-1.186385e+01  gap=-3.083267e+00  wall=0.000000e+00s  cpu=0.000000e+00s  provider=0  solves=0  iterations=0
  certificate  stage=STEP 5 LOCAL  major=6  attempt=15  accepted  reason=success  P rel.= 8.762753e-14  objective=-8.780584e+00  upper=-1.186385e+01  gap=-3.083267e+00  wall=0.000000e+00s  cpu=0.000000e+00s  provider=0  solves=0  iterations=0
  certificate  stage=STEP 5 LOCAL  major=6  attempt=16  accepted  reason=success  P rel.=-4.899208e-09  objective=-1.186392e+01  upper=-1.186385e+01  gap= 6.451329e-05  wall=0.000000e+00s  cpu=0.000000e+00s  provider=0  solves=0  iterations=0
  certificate  stage=STEP 5  complete  reason=step5_complete  wall=5.513336e-02s  cpu=5.513500e-02s  provider=53  solves=3  iterations=46

STEP 6
  certificate  stage=STEP 6  complete  reason=candidate_set  wall=5.660000e-06s  cpu=6.000000e-06s  provider=0  solves=0  iterations=0

STEP 8
  certificate  stage=STEP 8  complete  reason=step8_complete  wall=5.672139e-02s  cpu=5.670200e-02s  provider=114  solves=2  iterations=15

STEP 9
  certificate  stage=STEP 9  failed  objective=-1.186411e+01  upper=-1.186385e+01  gap= 2.605587e-04  wall=0.000000e+00s  cpu=0.000000e+00s  provider=0  solves=0  iterations=0
  certificate  stage=STEP 9  complete  reason=paper_free_energy_convergence_failed  wall=1.619011e-03s  cpu=1.619000e-03s  provider=2  solves=0  iterations=0

STEP 7
  certificate  stage=STEP 7  complete  reason=continue_stage_ii  wall=1.250000e-06s  cpu=1.000000e-06s  provider=0  solves=0  iterations=0

STEP 4
  STAGE II STEP 4  major=7  upper=-1.186386e+01  LP_primal= 0.000000e+00  LP_dual= 1.387779e-17  active_cuts=12  certified
  certificate  stage=STEP 4  complete  reason=step4_complete  wall=2.616380e-04s  cpu=2.620000e-04s  provider=0  solves=1  iterations=1

STEP 5
  certificate  stage=STEP 5 LOCAL  major=7  attempt=17  accepted  reason=success  P rel.= 5.789163e-14  objective=-8.780869e+00  upper=-1.186386e+01  gap=-3.082992e+00  wall=0.000000e+00s  cpu=0.000000e+00s  provider=0  solves=0  iterations=0
  certificate  stage=STEP 5 LOCAL  major=7  attempt=18  accepted  reason=success  P rel.= 4.223359e-14  objective=-8.780869e+00  upper=-1.186386e+01  gap=-3.082992e+00  wall=0.000000e+00s  cpu=0.000000e+00s  provider=0  solves=0  iterations=0
  certificate  stage=STEP 5 LOCAL  major=7  attempt=19  accepted  reason=success  P rel.=-4.873390e-09  objective=-1.186388e+01  upper=-1.186386e+01  gap= 1.610167e-05  wall=0.000000e+00s  cpu=0.000000e+00s  provider=0  solves=0  iterations=0
  certificate  stage=STEP 5  complete  reason=step5_complete  wall=5.489471e-02s  cpu=5.488500e-02s  provider=53  solves=3  iterations=48

STEP 6
  certificate  stage=STEP 6  complete  reason=candidate_set  wall=7.810000e-06s  cpu=8.000000e-06s  provider=0  solves=0  iterations=0

STEP 8
  certificate  stage=STEP 8  complete  reason=step8_complete  wall=5.666007e-02s  cpu=5.665400e-02s  provider=114  solves=2  iterations=15

STEP 9
  certificate  stage=STEP 9  failed  objective=-1.186411e+01  upper=-1.186386e+01  gap= 2.515260e-04  wall=0.000000e+00s  cpu=0.000000e+00s  provider=0  solves=0  iterations=0
  certificate  stage=STEP 9  complete  reason=paper_free_energy_convergence_failed  wall=1.594072e-03s  cpu=1.594000e-03s  provider=2  solves=0  iterations=0

STEP 7
  certificate  stage=STEP 7  complete  reason=continue_stage_ii  wall=1.040000e-06s  cpu=1.000000e-06s  provider=0  solves=0  iterations=0

STEP 4
  STAGE II STEP 4  major=8  upper=-1.186387e+01  LP_primal= 1.776357e-15  LP_dual= 6.938894e-18  active_cuts=13  certified
  certificate  stage=STEP 4  complete  reason=step4_complete  wall=2.723390e-04s  cpu=2.720000e-04s  provider=0  solves=1  iterations=1

STEP 5
  certificate  stage=STEP 5 LOCAL  major=8  attempt=20  accepted  reason=success  P rel.= 5.386938e-14  objective=-8.781014e+00  upper=-1.186387e+01  gap=-3.082851e+00  wall=0.000000e+00s  cpu=0.000000e+00s  provider=0  solves=0  iterations=0
  certificate  stage=STEP 5 LOCAL  major=8  attempt=23  accepted  reason=success  P rel.= 6.493056e-14  objective=-8.781014e+00  upper=-1.186387e+01  gap=-3.082851e+00  wall=0.000000e+00s  cpu=0.000000e+00s  provider=0  solves=0  iterations=0
  certificate  stage=STEP 5 LOCAL  major=8  attempt=24  accepted  reason=success  P rel.=-4.789616e-09  objective=-1.186387e+01  upper=-1.186387e+01  gap= 4.024607e-06  wall=0.000000e+00s  cpu=0.000000e+00s  provider=0  solves=0  iterations=0
  certificate  stage=STEP 5  complete  reason=step5_complete  wall=6.327373e-02s  cpu=6.327500e-02s  provider=63  solves=5  iterations=49

STEP 6
  certificate  stage=STEP 6  complete  reason=candidate_set  wall=5.530000e-06s  cpu=5.000000e-06s  provider=0  solves=0  iterations=0

STEP 8
  certificate  stage=STEP 8  complete  reason=step8_complete  wall=7.682008e-02s  cpu=7.681400e-02s  provider=235  solves=1  iterations=20

STEP 9
  certificate  stage=STEP 9  failed  objective=-1.186411e+01  upper=-1.186387e+01  gap= 2.464053e-04  wall=0.000000e+00s  cpu=0.000000e+00s  provider=0  solves=0  iterations=0
  certificate  stage=STEP 9  complete  reason=paper_free_energy_convergence_failed  wall=1.615491e-03s  cpu=1.615000e-03s  provider=2  solves=0  iterations=0

STEP 7
  certificate  stage=STEP 7  complete  reason=continue_stage_ii  wall=9.700000e-07s  cpu=1.000000e-06s  provider=0  solves=0  iterations=0

STEP 4
  STAGE II STEP 4  major=9  upper=-1.186387e+01  LP_primal= 1.776357e-15  LP_dual= 0.000000e+00  active_cuts=14  certified
  certificate  stage=STEP 4  complete  reason=step4_complete  wall=3.117280e-04s  cpu=3.120000e-04s  provider=0  solves=1  iterations=1

STEP 5
  certificate  stage=STEP 5 LOCAL  major=9  attempt=25  accepted  reason=success  P rel.= 5.645511e-14  objective=-8.781088e+00  upper=-1.186387e+01  gap=-3.082780e+00  wall=0.000000e+00s  cpu=0.000000e+00s  provider=0  solves=0  iterations=0
  certificate  stage=STEP 5 LOCAL  major=9  attempt=26  accepted  reason=success  P rel.=-4.790417e-09  objective=-1.186387e+01  upper=-1.186387e+01  gap= 1.008605e-06  wall=0.000000e+00s  cpu=0.000000e+00s  provider=0  solves=0  iterations=0
  certificate  stage=STEP 5  complete  reason=step5_complete  wall=4.342846e-02s  cpu=4.343000e-02s  provider=41  solves=2  iterations=36

STEP 6
  certificate  stage=STEP 6  complete  reason=candidate_set  wall=9.750000e-06s  cpu=1.000000e-05s  provider=0  solves=0  iterations=0

STEP 8
  certificate  stage=STEP 8  complete  reason=step8_complete  wall=9.758472e-02s  cpu=9.756600e-02s  provider=235  solves=1  iterations=28

STEP 9
  certificate  stage=STEP 9  failed  objective=-1.186411e+01  upper=-1.186387e+01  gap= 2.440785e-04  wall=0.000000e+00s  cpu=0.000000e+00s  provider=0  solves=0  iterations=0
  certificate  stage=STEP 9  complete  reason=paper_free_energy_convergence_failed  wall=1.704781e-03s  cpu=1.705000e-03s  provider=2  solves=0  iterations=0

STEP 7
  certificate  stage=STEP 7  complete  reason=continue_stage_ii  wall=1.250000e-06s  cpu=1.000000e-06s  provider=0  solves=0  iterations=0

STEP 4
  STAGE II STEP 4  major=10  upper=-1.186387e+01  LP_primal= 7.105427e-15  LP_dual= 5.551115e-17  active_cuts=15  certified
  certificate  stage=STEP 4  complete  reason=step4_complete  wall=3.879370e-04s  cpu=3.890000e-04s  provider=0  solves=1  iterations=1

STEP 5
  certificate  stage=STEP 5 LOCAL  major=10  attempt=27  accepted  reason=success  P rel.= 5.889719e-14  objective=-8.781053e+00  upper=-1.186387e+01  gap=-3.082815e+00  wall=0.000000e+00s  cpu=0.000000e+00s  provider=0  solves=0  iterations=0
  certificate  stage=STEP 5 LOCAL  major=10  attempt=28  accepted  reason=success  P rel.= 5.860989e-14  objective=-8.781053e+00  upper=-1.186387e+01  gap=-3.082815e+00  wall=0.000000e+00s  cpu=0.000000e+00s  provider=0  solves=0  iterations=0
  certificate  stage=STEP 5 LOCAL  major=10  attempt=29  accepted  reason=success  P rel.= 6.536151e-14  objective=-8.781053e+00  upper=-1.186387e+01  gap=-3.082815e+00  wall=0.000000e+00s  cpu=0.000000e+00s  provider=0  solves=0  iterations=0
  certificate  stage=STEP 5 LOCAL  major=10  attempt=30  accepted  reason=success  P rel.= 6.880915e-14  objective=-8.781053e+00  upper=-1.186387e+01  gap=-3.082815e+00  wall=0.000000e+00s  cpu=0.000000e+00s  provider=0  solves=0  iterations=0
  certificate  stage=STEP 5 LOCAL  major=10  attempt=31  accepted  reason=success  P rel.= 6.579247e-14  objective=-8.781053e+00  upper=-1.186387e+01  gap=-3.082815e+00  wall=0.000000e+00s  cpu=0.000000e+00s  provider=0  solves=0  iterations=0
  certificate  stage=STEP 5 LOCAL  major=10  attempt=32  accepted  reason=success  P rel.= 8.978230e-14  objective=-8.781053e+00  upper=-1.186387e+01  gap=-3.082815e+00  wall=0.000000e+00s  cpu=0.000000e+00s  provider=0  solves=0  iterations=0
  certificate  stage=STEP 5 LOCAL  major=10  attempt=33  accepted  reason=success  P rel.= 6.880915e-14  objective=-8.781053e+00  upper=-1.186387e+01  gap=-3.082815e+00  wall=0.000000e+00s  cpu=0.000000e+00s  provider=0  solves=0  iterations=0
  certificate  stage=STEP 5 LOCAL  major=10  attempt=34  accepted  reason=success  P rel.= 8.303067e-14  objective=-8.781053e+00  upper=-1.186387e+01  gap=-3.082815e+00  wall=0.000000e+00s  cpu=0.000000e+00s  provider=0  solves=0  iterations=0
  certificate  stage=STEP 5 LOCAL  major=10  attempt=35  accepted  reason=success  P rel.= 7.441157e-14  objective=-8.781053e+00  upper=-1.186387e+01  gap=-3.082815e+00  wall=0.000000e+00s  cpu=0.000000e+00s  provider=0  solves=0  iterations=0
  certificate  stage=STEP 5 LOCAL  major=10  attempt=36  accepted  reason=success  P rel.=-4.820775e-09  objective=-1.186387e+01  upper=-1.186387e+01  gap= 2.522098e-07  wall=0.000000e+00s  cpu=0.000000e+00s  provider=0  solves=0  iterations=0
  certificate  stage=STEP 5  complete  reason=step5_complete  wall=1.881462e-01s  cpu=1.881490e-01s  provider=177  solves=10  iterations=166

STEP 6
  certificate  stage=STEP 6  complete  reason=candidate_set  wall=9.090000e-06s  cpu=1.000000e-05s  provider=0  solves=0  iterations=0

STEP 8
  certificate  stage=STEP 8  complete  reason=step8_complete  wall=9.245721e-02s  cpu=9.245900e-02s  provider=235  solves=1  iterations=28

STEP 9
  certificate  stage=STEP 9  failed  objective=-1.186411e+01  upper=-1.186387e+01  gap= 2.438289e-04  wall=0.000000e+00s  cpu=0.000000e+00s  provider=0  solves=0  iterations=0
  certificate  stage=STEP 9  complete  reason=paper_free_energy_convergence_failed  wall=1.579412e-03s  cpu=1.580000e-03s  provider=2  solves=0  iterations=0

STEP 7
  certificate  stage=STEP 7  complete  reason=continue_stage_ii  wall=1.010000e-06s  cpu=1.000000e-06s  provider=0  solves=0  iterations=0

STEP 4
  STAGE II STEP 4  major=11  upper=-1.186387e+01  LP_primal= 5.329071e-15  LP_dual= 3.469447e-18  active_cuts=16  certified
  certificate  stage=STEP 4  complete  reason=step4_complete  wall=3.551390e-04s  cpu=3.550000e-04s  provider=0  solves=1  iterations=1

STEP 5
  certificate  stage=STEP 5 LOCAL  major=11  attempt=37  accepted  reason=success  P rel.=-4.799231e-09  objective=-1.186387e+01  upper=-1.186387e+01  gap= 6.306054e-08  wall=0.000000e+00s  cpu=0.000000e+00s  provider=0  solves=0  iterations=0
  certificate  stage=STEP 5  complete  reason=step5_complete  wall=2.204276e-02s  cpu=2.204400e-02s  provider=21  solves=1  iterations=19

STEP 6
  certificate  stage=STEP 6  complete  reason=candidate_set  wall=9.910000e-06s  cpu=1.000000e-05s  provider=0  solves=0  iterations=0

STEP 8
  certificate  stage=STEP 8  complete  reason=step8_complete  wall=9.310887e-02s  cpu=9.310500e-02s  provider=235  solves=1  iterations=28

STEP 9
  certificate  stage=STEP 9  failed  objective=-1.186411e+01  upper=-1.186387e+01  gap= 2.437040e-04  wall=0.000000e+00s  cpu=0.000000e+00s  provider=0  solves=0  iterations=0
  certificate  stage=STEP 9  complete  reason=paper_free_energy_convergence_failed  wall=1.592731e-03s  cpu=1.593000e-03s  provider=2  solves=0  iterations=0

STEP 7
  certificate  stage=STEP 7  complete  reason=continue_stage_ii  wall=1.100000e-06s  cpu=1.000000e-06s  provider=0  solves=0  iterations=0

STEP 4
  STAGE II STEP 4  major=12  upper=-1.186387e+01  LP_primal= 1.776357e-15  LP_dual= 2.081668e-17  active_cuts=17  certified
  certificate  stage=STEP 4  complete  reason=step4_complete  wall=3.555680e-04s  cpu=3.560000e-04s  provider=0  solves=1  iterations=1

STEP 5
  certificate  stage=STEP 5 LOCAL  major=12  attempt=38  accepted  reason=success  P rel.= 5.746067e-14  objective=-8.781044e+00  upper=-1.186387e+01  gap=-3.082824e+00  wall=0.000000e+00s  cpu=0.000000e+00s  provider=0  solves=0  iterations=0
  certificate  stage=STEP 5 LOCAL  major=12  attempt=39  accepted  reason=success  P rel.= 6.694168e-14  objective=-8.781044e+00  upper=-1.186387e+01  gap=-3.082824e+00  wall=0.000000e+00s  cpu=0.000000e+00s  provider=0  solves=0  iterations=0
  certificate  stage=STEP 5 LOCAL  major=12  attempt=40  accepted  reason=success  P rel.= 5.731702e-14  objective=-8.781044e+00  upper=-1.186387e+01  gap=-3.082824e+00  wall=0.000000e+00s  cpu=0.000000e+00s  provider=0  solves=0  iterations=0
  certificate  stage=STEP 5 LOCAL  major=12  attempt=41  accepted  reason=success  P rel.= 8.762753e-14  objective=-8.781044e+00  upper=-1.186387e+01  gap=-3.082824e+00  wall=0.000000e+00s  cpu=0.000000e+00s  provider=0  solves=0  iterations=0
  certificate  stage=STEP 5 LOCAL  major=12  attempt=42  accepted  reason=success  P rel.= 5.731702e-14  objective=-8.781044e+00  upper=-1.186387e+01  gap=-3.082824e+00  wall=0.000000e+00s  cpu=0.000000e+00s  provider=0  solves=0  iterations=0
  certificate  stage=STEP 5 LOCAL  major=12  attempt=43  accepted  reason=success  P rel.=-4.812318e-09  objective=-1.186387e+01  upper=-1.186387e+01  gap= 1.576423e-08  wall=0.000000e+00s  cpu=0.000000e+00s  provider=0  solves=0  iterations=0
  certificate  stage=STEP 5  complete  reason=step5_complete  wall=1.134515e-01s  cpu=1.134320e-01s  provider=110  solves=6  iterations=101

STEP 6
  certificate  stage=STEP 6  complete  reason=candidate_set  wall=1.009000e-05s  cpu=1.000000e-05s  provider=0  solves=0  iterations=0

STEP 8
  certificate  stage=STEP 8  complete  reason=step8_complete  wall=9.258619e-02s  cpu=9.258800e-02s  provider=235  solves=1  iterations=28

STEP 9
  certificate  stage=STEP 9  failed  objective=-1.186411e+01  upper=-1.186387e+01  gap= 2.436778e-04  wall=0.000000e+00s  cpu=0.000000e+00s  provider=0  solves=0  iterations=0
  certificate  stage=STEP 9  complete  reason=paper_free_energy_convergence_failed  wall=1.596901e-03s  cpu=1.597000e-03s  provider=2  solves=0  iterations=0

STEP 7
  certificate  stage=STEP 7  complete  reason=continue_stage_ii  wall=1.170000e-06s  cpu=1.000000e-06s  provider=0  solves=0  iterations=0

STEP 4
  STAGE II STEP 4  major=13  upper=-1.186387e+01  LP_primal= 0.000000e+00  LP_dual= 6.938894e-18  active_cuts=18  certified
  certificate  stage=STEP 4  complete  reason=step4_complete  wall=3.606080e-04s  cpu=3.610000e-04s  provider=0  solves=1  iterations=1

STEP 5
  certificate  stage=STEP 5 LOCAL  major=13  attempt=44  accepted  reason=success  P rel.= 4.165899e-14  objective=-8.781040e+00  upper=-1.186387e+01  gap=-3.082828e+00  wall=0.000000e+00s  cpu=0.000000e+00s  provider=0  solves=0  iterations=0
  certificate  stage=STEP 5 LOCAL  major=13  attempt=45  accepted  reason=success  P rel.= 6.291944e-14  objective=-8.781040e+00  upper=-1.186387e+01  gap=-3.082828e+00  wall=0.000000e+00s  cpu=0.000000e+00s  provider=0  solves=0  iterations=0
  certificate  stage=STEP 5 LOCAL  major=13  attempt=47  accepted  reason=success  P rel.=-4.810181e-09  objective=-1.186387e+01  upper=-1.186387e+01  gap= 3.941167e-09  wall=0.000000e+00s  cpu=0.000000e+00s  provider=0  solves=0  iterations=0
  certificate  stage=STEP 5  complete  reason=step5_complete  wall=5.930188e-02s  cpu=5.930300e-02s  provider=60  solves=4  iterations=50

STEP 6
  certificate  stage=STEP 6  complete  reason=candidate_set  wall=1.008000e-05s  cpu=1.000000e-05s  provider=0  solves=0  iterations=0

STEP 8
  certificate  stage=STEP 8  complete  reason=step8_complete  wall=9.822037e-02s  cpu=9.821300e-02s  provider=235  solves=1  iterations=28

STEP 9
  certificate  stage=STEP 9  failed  objective=-1.186411e+01  upper=-1.186387e+01  gap= 2.436687e-04  wall=0.000000e+00s  cpu=0.000000e+00s  provider=0  solves=0  iterations=0
  certificate  stage=STEP 9  complete  reason=paper_free_energy_convergence_failed  wall=1.898990e-03s  cpu=1.899000e-03s  provider=2  solves=0  iterations=0

STEP 7
  certificate  stage=STEP 7  complete  reason=continue_stage_ii  wall=1.120000e-06s  cpu=1.000000e-06s  provider=0  solves=0  iterations=0

STEP 4
  STAGE II STEP 4  major=14  upper=-1.186387e+01  LP_primal= 3.552714e-15  LP_dual= 5.551115e-17  active_cuts=19  certified
  certificate  stage=STEP 4  complete  reason=step4_complete  wall=4.605280e-04s  cpu=4.610000e-04s  provider=0  solves=1  iterations=1

STEP 5
  certificate  stage=STEP 5 LOCAL  major=14  attempt=48  accepted  reason=success  P rel.= 5.340969e-13  objective=-8.781042e+00  upper=-1.186387e+01  gap=-3.082826e+00  wall=0.000000e+00s  cpu=0.000000e+00s  provider=0  solves=0  iterations=0
  certificate  stage=STEP 5 LOCAL  major=14  attempt=49  accepted  reason=success  P rel.= 4.869792e-14  objective=-8.781042e+00  upper=-1.186387e+01  gap=-3.082826e+00  wall=0.000000e+00s  cpu=0.000000e+00s  provider=0  solves=0  iterations=0
  certificate  stage=STEP 5 LOCAL  major=14  attempt=50  accepted  reason=success  P rel.=-4.825850e-09  objective=-1.186387e+01  upper=-1.186387e+01  gap= 9.852865e-10  wall=0.000000e+00s  cpu=0.000000e+00s  provider=0  solves=0  iterations=0
  certificate  stage=STEP 5  complete  reason=step5_complete  wall=6.930533e-02s  cpu=6.930700e-02s  provider=64  solves=3  iterations=59

STEP 6
  certificate  stage=STEP 6  complete  reason=candidate_set  wall=1.318000e-05s  cpu=1.300000e-05s  provider=0  solves=0  iterations=0

STEP 8
  certificate  stage=STEP 8  complete  reason=step8_complete  wall=9.606984e-02s  cpu=9.606400e-02s  provider=235  solves=1  iterations=28

STEP 9
  certificate  stage=STEP 9  failed  objective=-1.186411e+01  upper=-1.186387e+01  gap= 2.436678e-04  wall=0.000000e+00s  cpu=0.000000e+00s  provider=0  solves=0  iterations=0
  certificate  stage=STEP 9  complete  reason=paper_free_energy_convergence_failed  wall=1.643582e-03s  cpu=1.644000e-03s  provider=2  solves=0  iterations=0

STEP 7
  certificate  stage=STEP 7  complete  reason=continue_stage_ii  wall=1.350000e-06s  cpu=1.000000e-06s  provider=0  solves=0  iterations=0

STEP 4
  STAGE II STEP 4  major=15  upper=-1.186387e+01  LP_primal= 3.552714e-15  LP_dual= 2.081668e-17  active_cuts=20  certified
  certificate  stage=STEP 4  complete  reason=step4_complete  wall=3.859980e-04s  cpu=3.860000e-04s  provider=0  solves=1  iterations=1

STEP 5
  certificate  stage=STEP 5 LOCAL  major=15  attempt=51  accepted  reason=success  P rel.= 5.588050e-14  objective=-8.781043e+00  upper=-1.186387e+01  gap=-3.082825e+00  wall=0.000000e+00s  cpu=0.000000e+00s  provider=0  solves=0  iterations=0
  certificate  stage=STEP 5 LOCAL  major=15  attempt=52  accepted  reason=success  P rel.= 4.625584e-14  objective=-8.781043e+00  upper=-1.186387e+01  gap=-3.082825e+00  wall=0.000000e+00s  cpu=0.000000e+00s  provider=0  solves=0  iterations=0
  certificate  stage=STEP 5 LOCAL  major=15  attempt=53  accepted  reason=success  P rel.= 5.645511e-14  objective=-8.781043e+00  upper=-1.186387e+01  gap=-3.082825e+00  wall=0.000000e+00s  cpu=0.000000e+00s  provider=0  solves=0  iterations=0
  certificate  stage=STEP 5 LOCAL  major=15  attempt=54  accepted  reason=success  P rel.= 3.806770e-14  objective=-8.781043e+00  upper=-1.186387e+01  gap=-3.082825e+00  wall=0.000000e+00s  cpu=0.000000e+00s  provider=0  solves=0  iterations=0
  certificate  stage=STEP 5 LOCAL  major=15  attempt=55  accepted  reason=success  P rel.= 7.011639e-13  objective=-8.781043e+00  upper=-1.186387e+01  gap=-3.082825e+00  wall=0.000000e+00s  cpu=0.000000e+00s  provider=0  solves=0  iterations=0
  certificate  stage=STEP 5 LOCAL  major=15  attempt=56  accepted  reason=success  P rel.= 4.049541e-13  objective=-8.781043e+00  upper=-1.186387e+01  gap=-3.082825e+00  wall=0.000000e+00s  cpu=0.000000e+00s  provider=0  solves=0  iterations=0
  certificate  stage=STEP 5 LOCAL  major=15  attempt=57  accepted  reason=success  P rel.= 6.291944e-14  objective=-8.781043e+00  upper=-1.186387e+01  gap=-3.082825e+00  wall=0.000000e+00s  cpu=0.000000e+00s  provider=0  solves=0  iterations=0
  certificate  stage=STEP 5 LOCAL  major=15  attempt=59  accepted  reason=success  P rel.= 8.055986e-13  objective=-8.781043e+00  upper=-1.186387e+01  gap=-3.082825e+00  wall=0.000000e+00s  cpu=0.000000e+00s  provider=0  solves=0  iterations=0
  certificate  stage=STEP 5 LOCAL  major=15  attempt=60  accepted  reason=success  P rel.= 6.248848e-14  objective=-8.781043e+00  upper=-1.186387e+01  gap=-3.082825e+00  wall=0.000000e+00s  cpu=0.000000e+00s  provider=0  solves=0  iterations=0
  certificate  stage=STEP 5 LOCAL  major=15  attempt=61  accepted  reason=success  P rel.= 6.866550e-14  objective=-8.781043e+00  upper=-1.186387e+01  gap=-3.082825e+00  wall=0.000000e+00s  cpu=0.000000e+00s  provider=0  solves=0  iterations=0
  certificate  stage=STEP 5 LOCAL  major=15  attempt=62  accepted  reason=success  P rel.=-4.814989e-09  objective=-1.186387e+01  upper=-1.186387e+01  gap= 2.463203e-10  wall=0.000000e+00s  cpu=0.000000e+00s  provider=0  solves=0  iterations=0
  certificate  stage=STEP 5  complete  reason=step5_complete  wall=2.279701e-01s  cpu=2.279480e-01s  provider=218  solves=12  iterations=189

STEP 6
  certificate  stage=STEP 6  complete  reason=candidate_set  wall=1.509000e-05s  cpu=1.500000e-05s  provider=0  solves=0  iterations=0

STEP 8
  certificate  stage=STEP 8  complete  reason=step8_complete  wall=9.544208e-02s  cpu=9.542100e-02s  provider=235  solves=1  iterations=28

STEP 9
  certificate  stage=STEP 9  failed  objective=-1.186411e+01  upper=-1.186387e+01  gap= 2.436673e-04  wall=0.000000e+00s  cpu=0.000000e+00s  provider=0  solves=0  iterations=0
  certificate  stage=STEP 9  complete  reason=paper_free_energy_convergence_failed  wall=1.607542e-03s  cpu=1.608000e-03s  provider=2  solves=0  iterations=0

STEP 7
  certificate  stage=STEP 7  complete  reason=continue_stage_ii  wall=1.080000e-06s  cpu=1.000000e-06s  provider=0  solves=0  iterations=0

STEP 4
  STAGE II STEP 4  major=16  upper=-1.186387e+01  LP_primal= 3.552714e-15  LP_dual= 3.469447e-18  active_cuts=21  certified
  certificate  stage=STEP 4  complete  reason=step4_complete  wall=3.618780e-04s  cpu=3.620000e-04s  provider=0  solves=1  iterations=1

STEP 5
  certificate  stage=STEP 5 LOCAL  major=16  attempt=63  accepted  reason=success  P rel.=-2.444304e-08  objective=-1.188397e+01  upper=-1.186387e+01  gap= 2.010019e-02  wall=0.000000e+00s  cpu=0.000000e+00s  provider=0  solves=0  iterations=0
  certificate  stage=STEP 5  complete  reason=step5_complete  wall=2.923909e-02s  cpu=2.923900e-02s  provider=29  solves=1  iterations=24

STEP 6
  certificate  stage=STEP 6  complete  reason=candidate_set  wall=1.446000e-05s  cpu=1.400000e-05s  provider=0  solves=0  iterations=0

STEP 8
  certificate  stage=STEP 8  complete  reason=step8_complete  wall=9.572530e-02s  cpu=9.571500e-02s  provider=235  solves=1  iterations=28

STEP 9
  certificate  stage=STEP 9  failed  objective=-1.186411e+01  upper=-1.186387e+01  gap= 2.436672e-04  wall=0.000000e+00s  cpu=0.000000e+00s  provider=0  solves=0  iterations=0
  certificate  stage=STEP 9  complete  reason=paper_free_energy_convergence_failed  wall=1.503592e-03s  cpu=1.503000e-03s  provider=2  solves=0  iterations=0

STEP 7
  certificate  stage=STEP 7  complete  reason=continue_stage_ii  wall=1.170000e-06s  cpu=1.000000e-06s  provider=0  solves=0  iterations=0

STEP 4
  STAGE II STEP 4  major=17  upper=-1.187044e+01  LP_primal= 0.000000e+00  LP_dual= 5.551115e-17  active_cuts=22  certified
  certificate  stage=STEP 4  complete  reason=step4_complete  wall=3.648480e-04s  cpu=3.660000e-04s  provider=0  solves=1  iterations=1

STEP 5
  certificate  stage=STEP 5 LOCAL  major=17  attempt=64  accepted  reason=success  P rel.=-5.494529e-09  objective=-1.187685e+01  upper=-1.187044e+01  gap= 6.407921e-03  wall=0.000000e+00s  cpu=0.000000e+00s  provider=0  solves=0  iterations=0
  certificate  stage=STEP 5  complete  reason=step5_complete  wall=2.024365e-02s  cpu=2.024500e-02s  provider=19  solves=1  iterations=18

STEP 6
  certificate  stage=STEP 6  complete  reason=candidate_set  wall=1.057000e-05s  cpu=1.000000e-05s  provider=0  solves=0  iterations=0

STEP 8
  certificate  stage=STEP 8  complete  reason=step8_complete  wall=5.463503e-02s  cpu=5.463000e-02s  provider=105  solves=2  iterations=14

STEP 9
  certificate  stage=STEP 9  failed  objective=-1.186411e+01  upper=-1.187044e+01  gap=-6.326301e-03  wall=0.000000e+00s  cpu=0.000000e+00s  provider=0  solves=0  iterations=0
  certificate  stage=STEP 9  complete  reason=paper_free_energy_convergence_failed  wall=1.581221e-03s  cpu=1.581000e-03s  provider=2  solves=0  iterations=0

STEP 7
  certificate  stage=STEP 7  complete  reason=continue_stage_ii  wall=1.070000e-06s  cpu=1.000000e-06s  provider=0  solves=0  iterations=0

STEP 4
  STAGE II STEP 4  major=18  upper=-1.187056e+01  LP_primal= 0.000000e+00  LP_dual= 5.551115e-17  active_cuts=23  certified
  certificate  stage=STEP 4  complete  reason=step4_complete  wall=2.982080e-04s  cpu=2.980000e-04s  provider=0  solves=1  iterations=1

STEP 5
  certificate  stage=STEP 5 LOCAL  major=18  attempt=65  accepted  reason=success  P rel.= 5.487494e-14  objective=-8.786516e+00  upper=-1.187056e+01  gap=-3.084046e+00  wall=0.000000e+00s  cpu=0.000000e+00s  provider=0  solves=0  iterations=0
  certificate  stage=STEP 5 LOCAL  major=18  attempt=66  accepted  reason=success  P rel.= 5.789163e-14  objective=-8.786516e+00  upper=-1.187056e+01  gap=-3.084046e+00  wall=0.000000e+00s  cpu=0.000000e+00s  provider=0  solves=0  iterations=0
  certificate  stage=STEP 5 LOCAL  major=18  attempt=67  accepted  reason=success  P rel.= 5.731702e-14  objective=-8.786516e+00  upper=-1.187056e+01  gap=-3.084046e+00  wall=0.000000e+00s  cpu=0.000000e+00s  provider=0  solves=0  iterations=0
  certificate  stage=STEP 5 LOCAL  major=18  attempt=68  accepted  reason=success  P rel.= 4.912887e-14  objective=-8.786516e+00  upper=-1.187056e+01  gap=-3.084046e+00  wall=0.000000e+00s  cpu=0.000000e+00s  provider=0  solves=0  iterations=0
  certificate  stage=STEP 5 LOCAL  major=18  attempt=69  accepted  reason=success  P rel.= 6.550517e-14  objective=-8.786516e+00  upper=-1.187056e+01  gap=-3.084046e+00  wall=0.000000e+00s  cpu=0.000000e+00s  provider=0  solves=0  iterations=0
  certificate  stage=STEP 5 LOCAL  major=18  attempt=70  accepted  reason=success  P rel.=-3.600488e-09  objective=-1.187220e+01  upper=-1.187056e+01  gap= 1.642161e-03  wall=0.000000e+00s  cpu=0.000000e+00s  provider=0  solves=0  iterations=0
  certificate  stage=STEP 5  complete  reason=step5_complete  wall=1.401655e-01s  cpu=1.401150e-01s  provider=122  solves=6  iterations=110

STEP 6
  certificate  stage=STEP 6  complete  reason=candidate_set  wall=1.245000e-05s  cpu=1.200000e-05s  provider=0  solves=0  iterations=0

STEP 8
  certificate  stage=STEP 8  complete  reason=step8_complete  wall=5.673903e-02s  cpu=5.672900e-02s  provider=111  solves=2  iterations=15

STEP 9
  certificate  stage=STEP 9  failed  objective=-1.186411e+01  upper=-1.187056e+01  gap=-6.450561e-03  wall=0.000000e+00s  cpu=0.000000e+00s  provider=0  solves=0  iterations=0
  certificate  stage=STEP 9  complete  reason=paper_free_energy_convergence_failed  wall=1.574801e-03s  cpu=1.575000e-03s  provider=2  solves=0  iterations=0

STEP 7
  certificate  stage=STEP 7  complete  reason=continue_stage_ii  wall=1.090000e-06s  cpu=1.000000e-06s  provider=0  solves=0  iterations=0

STEP 4
  STAGE II STEP 4  major=19  upper=-1.187063e+01  LP_primal= 1.776357e-15  LP_dual= 8.239937e-18  active_cuts=24  certified
  certificate  stage=STEP 4  complete  reason=step4_complete  wall=3.220280e-04s  cpu=3.220000e-04s  provider=0  solves=1  iterations=1

STEP 5
  certificate  stage=STEP 5 LOCAL  major=19  attempt=71  accepted  reason=success  P rel.= 5.645511e-14  objective=-8.778911e+00  upper=-1.187063e+01  gap=-3.091716e+00  wall=0.000000e+00s  cpu=0.000000e+00s  provider=0  solves=0  iterations=0
  certificate  stage=STEP 5 LOCAL  major=19  attempt=72  accepted  reason=success  P rel.= 4.697410e-14  objective=-8.778911e+00  upper=-1.187063e+01  gap=-3.091716e+00  wall=0.000000e+00s  cpu=0.000000e+00s  provider=0  solves=0  iterations=0
  certificate  stage=STEP 5 LOCAL  major=19  attempt=73  accepted  reason=success  P rel.= 2.852922e-13  objective=-8.778911e+00  upper=-1.187063e+01  gap=-3.091716e+00  wall=0.000000e+00s  cpu=0.000000e+00s  provider=0  solves=0  iterations=0
  certificate  stage=STEP 5 LOCAL  major=19  attempt=74  accepted  reason=success  P rel.= 3.003757e-13  objective=-8.778911e+00  upper=-1.187063e+01  gap=-3.091716e+00  wall=0.000000e+00s  cpu=0.000000e+00s  provider=0  solves=0  iterations=0
  certificate  stage=STEP 5 LOCAL  major=19  attempt=75  accepted  reason=success  P rel.= 4.970348e-14  objective=-8.778911e+00  upper=-1.187063e+01  gap=-3.091716e+00  wall=0.000000e+00s  cpu=0.000000e+00s  provider=0  solves=0  iterations=0
  certificate  stage=STEP 5 LOCAL  major=19  attempt=76  accepted  reason=success  P rel.= 8.498433e-13  objective=-8.778911e+00  upper=-1.187063e+01  gap=-3.091716e+00  wall=0.000000e+00s  cpu=0.000000e+00s  provider=0  solves=0  iterations=0
  certificate  stage=STEP 5 LOCAL  major=19  attempt=77  accepted  reason=success  P rel.= 2.937677e-13  objective=-8.778911e+00  upper=-1.187063e+01  gap=-3.091716e+00  wall=0.000000e+00s  cpu=0.000000e+00s  provider=0  solves=0  iterations=0
  certificate  stage=STEP 5 LOCAL  major=19  attempt=78  accepted  reason=success  P rel.= 6.550517e-14  objective=-8.778911e+00  upper=-1.187063e+01  gap=-3.091716e+00  wall=0.000000e+00s  cpu=0.000000e+00s  provider=0  solves=0  iterations=0
  certificate  stage=STEP 5 LOCAL  major=19  attempt=79  accepted  reason=success  P rel.= 6.722899e-14  objective=-8.778911e+00  upper=-1.187063e+01  gap=-3.091716e+00  wall=0.000000e+00s  cpu=0.000000e+00s  provider=0  solves=0  iterations=0
  certificate  stage=STEP 5 LOCAL  major=19  attempt=80  accepted  reason=success  P rel.= 8.604736e-14  objective=-8.778911e+00  upper=-1.187063e+01  gap=-3.091716e+00  wall=0.000000e+00s  cpu=0.000000e+00s  provider=0  solves=0  iterations=0
  certificate  stage=STEP 5 LOCAL  major=19  attempt=81  accepted  reason=success  P rel.= 2.216545e-13  objective=-8.778911e+00  upper=-1.187063e+01  gap=-3.091716e+00  wall=0.000000e+00s  cpu=0.000000e+00s  provider=0  solves=0  iterations=0
  certificate  stage=STEP 5 LOCAL  major=19  attempt=82  accepted  reason=success  P rel.= 5.645511e-14  objective=-8.778911e+00  upper=-1.187063e+01  gap=-3.091716e+00  wall=0.000000e+00s  cpu=0.000000e+00s  provider=0  solves=0  iterations=0
  certificate  stage=STEP 5 LOCAL  major=19  attempt=83  accepted  reason=success  P rel.= 7.153854e-14  objective=-8.778911e+00  upper=-1.187063e+01  gap=-3.091716e+00  wall=0.000000e+00s  cpu=0.000000e+00s  provider=0  solves=0  iterations=0
  certificate  stage=STEP 5 LOCAL  major=19  attempt=84  accepted  reason=success  P rel.= 5.243286e-14  objective=-8.778911e+00  upper=-1.187063e+01  gap=-3.091716e+00  wall=0.000000e+00s  cpu=0.000000e+00s  provider=0  solves=0  iterations=0
  certificate  stage=STEP 5 LOCAL  major=19  attempt=85  accepted  reason=success  P rel.= 7.369331e-14  objective=-8.778911e+00  upper=-1.187063e+01  gap=-3.091716e+00  wall=0.000000e+00s  cpu=0.000000e+00s  provider=0  solves=0  iterations=0
  certificate  stage=STEP 5 LOCAL  major=19  attempt=87  accepted  reason=success  P rel.= 6.809090e-14  objective=-8.778911e+00  upper=-1.187063e+01  gap=-3.091716e+00  wall=0.000000e+00s  cpu=0.000000e+00s  provider=0  solves=0  iterations=0
  certificate  stage=STEP 5 LOCAL  major=19  attempt=88  accepted  reason=success  P rel.= 6.062101e-14  objective=-8.778911e+00  upper=-1.187063e+01  gap=-3.091716e+00  wall=0.000000e+00s  cpu=0.000000e+00s  provider=0  solves=0  iterations=0
  certificate  stage=STEP 5 LOCAL  major=19  attempt=89  accepted  reason=success  P rel.=-3.848961e-09  objective=-1.187105e+01  upper=-1.187063e+01  gap= 4.229365e-04  wall=0.000000e+00s  cpu=0.000000e+00s  provider=0  solves=0  iterations=0
  certificate  stage=STEP 5  complete  reason=step5_complete  wall=3.513065e-01s  cpu=3.512630e-01s  provider=339  solves=19  iterations=304

STEP 6
  certificate  stage=STEP 6  complete  reason=candidate_set  wall=1.099000e-05s  cpu=1.100000e-05s  provider=0  solves=0  iterations=0

STEP 8
  certificate  stage=STEP 8  complete  reason=problem_67_infeasible  wall=1.236690e-04s  cpu=1.240000e-04s  provider=2  solves=1  iterations=0

STEP 7
  certificate  stage=STEP 7  complete  reason=continue_stage_ii  wall=1.030000e-06s  cpu=1.000000e-06s  provider=0  solves=0  iterations=0

STEP 4
  STAGE II STEP 4  major=20  upper=-1.187066e+01  LP_primal= 0.000000e+00  LP_dual= 5.551115e-17  active_cuts=25  certified
  certificate  stage=STEP 4  complete  reason=step4_complete  wall=3.322180e-04s  cpu=3.330000e-04s  provider=0  solves=1  iterations=1

STEP 5
  certificate  stage=STEP 5 LOCAL  major=20  attempt=90  accepted  reason=success  P rel.= 5.171460e-14  objective=-8.775110e+00  upper=-1.187066e+01  gap=-3.095551e+00  wall=0.000000e+00s  cpu=0.000000e+00s  provider=0  solves=0  iterations=0
  certificate  stage=STEP 5 LOCAL  major=20  attempt=91  accepted  reason=success  P rel.= 4.726140e-14  objective=-8.775110e+00  upper=-1.187066e+01  gap=-3.095551e+00  wall=0.000000e+00s  cpu=0.000000e+00s  provider=0  solves=0  iterations=0
  certificate  stage=STEP 5 LOCAL  major=20  attempt=92  accepted  reason=success  P rel.= 4.783601e-14  objective=-8.775110e+00  upper=-1.187066e+01  gap=-3.095551e+00  wall=0.000000e+00s  cpu=0.000000e+00s  provider=0  solves=0  iterations=0
  certificate  stage=STEP 5 LOCAL  major=20  attempt=93  accepted  reason=success  P rel.= 8.486941e-13  objective=-8.775110e+00  upper=-1.187066e+01  gap=-3.095551e+00  wall=0.000000e+00s  cpu=0.000000e+00s  provider=0  solves=0  iterations=0
  certificate  stage=STEP 5 LOCAL  major=20  attempt=94  accepted  reason=success  P rel.= 4.812331e-14  objective=-8.775110e+00  upper=-1.187066e+01  gap=-3.095551e+00  wall=0.000000e+00s  cpu=0.000000e+00s  provider=0  solves=0  iterations=0
  certificate  stage=STEP 5 LOCAL  major=20  attempt=95  accepted  reason=success  P rel.=-3.945822e-09  objective=-1.187078e+01  upper=-1.187066e+01  gap= 1.141907e-04  wall=0.000000e+00s  cpu=0.000000e+00s  provider=0  solves=0  iterations=0
  certificate  stage=STEP 5  complete  reason=step5_complete  wall=1.200659e-01s  cpu=1.200680e-01s  provider=114  solves=6  iterations=106

STEP 6
  certificate  stage=STEP 6  complete  reason=candidate_set  wall=1.172000e-05s  cpu=1.200000e-05s  provider=0  solves=0  iterations=0

STEP 8
  certificate  stage=STEP 8  complete  reason=step8_complete  wall=2.721710e-01s  cpu=2.721450e-01s  provider=1058  solves=2  iterations=21

STEP 9
  certificate  stage=STEP 9  failed  objective=-1.187073e+01  upper=-1.187066e+01  gap= 6.522767e-05  wall=0.000000e+00s  cpu=0.000000e+00s  provider=0  solves=0  iterations=0
  certificate  stage=STEP 9  complete  reason=paper_potential_convergence_failed  wall=2.296568e-03s  cpu=2.297000e-03s  provider=3  solves=0  iterations=0

STEP 7
  certificate  stage=STEP 7  complete  reason=continue_stage_ii  wall=1.110000e-06s  cpu=2.000000e-06s  provider=0  solves=0  iterations=0

STEP 4
  STAGE II STEP 4  major=21  upper=-1.187068e+01  LP_primal= 0.000000e+00  LP_dual= 3.469447e-18  active_cuts=26  certified
  certificate  stage=STEP 4  complete  reason=step4_complete  wall=3.151280e-04s  cpu=3.160000e-04s  provider=0  solves=1  iterations=1

STEP 5
  certificate  stage=STEP 5 LOCAL  major=21  attempt=96  accepted  reason=success  P rel.=-6.592266e-08  objective=-1.187083e+01  upper=-1.187068e+01  gap= 1.448905e-04  wall=0.000000e+00s  cpu=0.000000e+00s  provider=0  solves=0  iterations=0
  certificate  stage=STEP 5  complete  reason=step5_complete  wall=1.969857e-02s  cpu=1.969900e-02s  provider=19  solves=1  iterations=18

STEP 6
  certificate  stage=STEP 6  complete  reason=candidate_set  wall=8.690000e-06s  cpu=9.000000e-06s  provider=0  solves=0  iterations=0

STEP 8
  certificate  stage=STEP 8  complete  reason=step8_complete  wall=8.754512e-02s  cpu=8.754600e-02s  provider=256  solves=2  iterations=20

STEP 9
  certificate  stage=STEP 9  failed  objective=-1.187074e+01  upper=-1.187068e+01  gap= 6.338477e-05  wall=0.000000e+00s  cpu=0.000000e+00s  provider=0  solves=0  iterations=0
  certificate  stage=STEP 9  complete  reason=paper_potential_convergence_failed  wall=1.520043e-03s  cpu=1.520000e-03s  provider=2  solves=0  iterations=0

STEP 7
  certificate  stage=STEP 7  complete  reason=continue_stage_ii  wall=9.600000e-07s  cpu=1.000000e-06s  provider=0  solves=0  iterations=0

STEP 4
  STAGE II STEP 4  major=22  upper=-1.187071e+01  LP_primal= 0.000000e+00  LP_dual= 2.775558e-17  active_cuts=27  certified
  certificate  stage=STEP 4  complete  reason=step4_complete  wall=3.002180e-04s  cpu=3.010000e-04s  provider=0  solves=1  iterations=1

STEP 5
  certificate  stage=STEP 5 LOCAL  major=22  attempt=97  accepted  reason=success  P rel.=-4.155658e-09  objective=-1.187076e+01  upper=-1.187071e+01  gap= 5.259422e-05  wall=0.000000e+00s  cpu=0.000000e+00s  provider=0  solves=0  iterations=0
  certificate  stage=STEP 5  complete  reason=step5_complete  wall=1.633071e-02s  cpu=1.632600e-02s  provider=16  solves=1  iterations=15

STEP 6
  certificate  stage=STEP 6  complete  reason=candidate_set  wall=1.051000e-05s  cpu=1.000000e-05s  provider=0  solves=0  iterations=0

STEP 8
  certificate  stage=STEP 8  complete  reason=step8_complete  wall=1.936517e-01s  cpu=1.936450e-01s  provider=828  solves=2  iterations=59

STEP 9
  certificate  stage=STEP 9  failed  objective=-1.187074e+01  upper=-1.187071e+01  gap= 3.757884e-05  wall=0.000000e+00s  cpu=0.000000e+00s  provider=0  solves=0  iterations=0
  certificate  stage=STEP 9  complete  reason=paper_potential_convergence_failed  wall=1.707161e-03s  cpu=1.707000e-03s  provider=2  solves=0  iterations=0

STEP 7
  certificate  stage=STEP 7  complete  reason=continue_stage_ii  wall=1.199000e-06s  cpu=1.000000e-06s  provider=0  solves=0  iterations=0

STEP 4
  STAGE II STEP 4  major=23  upper=-1.187073e+01  LP_primal= 1.776357e-15  LP_dual= 5.551115e-17  active_cuts=28  certified
  certificate  stage=STEP 4  complete  reason=step4_complete  wall=4.216580e-04s  cpu=4.220000e-04s  provider=0  solves=1  iterations=1

STEP 5
  certificate  stage=STEP 5 LOCAL  major=23  attempt=98  accepted  reason=success  P rel.= 6.133927e-14  objective=-8.772001e+00  upper=-1.187073e+01  gap=-3.098729e+00  wall=0.000000e+00s  cpu=0.000000e+00s  provider=0  solves=0  iterations=0
  certificate  stage=STEP 5 LOCAL  major=23  attempt=99  accepted  reason=success  P rel.= 4.582489e-14  objective=-8.772001e+00  upper=-1.187073e+01  gap=-3.098729e+00  wall=0.000000e+00s  cpu=0.000000e+00s  provider=0  solves=0  iterations=0
  certificate  stage=STEP 5 LOCAL  major=23  attempt=100  accepted  reason=success  P rel.= 6.880915e-14  objective=-8.772001e+00  upper=-1.187073e+01  gap=-3.098729e+00  wall=0.000000e+00s  cpu=0.000000e+00s  provider=0  solves=0  iterations=0
  certificate  stage=STEP 5 LOCAL  major=23  attempt=102  accepted  reason=success  P rel.= 6.607977e-14  objective=-8.772001e+00  upper=-1.187073e+01  gap=-3.098729e+00  wall=0.000000e+00s  cpu=0.000000e+00s  provider=0  solves=0  iterations=0
  certificate  stage=STEP 5 LOCAL  major=23  attempt=103  accepted  reason=success  P rel.= 5.702972e-14  objective=-8.772001e+00  upper=-1.187073e+01  gap=-3.098729e+00  wall=0.000000e+00s  cpu=0.000000e+00s  provider=0  solves=0  iterations=0
  certificate  stage=STEP 5 LOCAL  major=23  attempt=104  accepted  reason=success  P rel.=-4.047669e-09  objective=-1.187076e+01  upper=-1.187073e+01  gap= 2.985141e-05  wall=0.000000e+00s  cpu=0.000000e+00s  provider=0  solves=0  iterations=0
  certificate  stage=STEP 5  complete  reason=step5_complete  wall=1.278431e-01s  cpu=1.278450e-01s  provider=121  solves=7  iterations=106

STEP 6
  certificate  stage=STEP 6  complete  reason=candidate_set  wall=1.278000e-05s  cpu=1.300000e-05s  provider=0  solves=0  iterations=0

STEP 8
  certificate  stage=STEP 8  complete  reason=step8_complete  wall=5.798677e-02s  cpu=5.798800e-02s  provider=129  solves=2  iterations=16

STEP 9
  certificate  stage=STEP 9  failed  objective=-1.187074e+01  upper=-1.187073e+01  gap= 1.489642e-05  wall=0.000000e+00s  cpu=0.000000e+00s  provider=0  solves=0  iterations=0
  certificate  stage=STEP 9  complete  reason=paper_potential_convergence_failed  wall=1.574752e-03s  cpu=1.577000e-03s  provider=2  solves=0  iterations=0

STEP 7
  certificate  stage=STEP 7  complete  reason=continue_stage_ii  wall=1.110000e-06s  cpu=1.000000e-06s  provider=0  solves=0  iterations=0

STEP 4
  STAGE II STEP 4  major=24  upper=-1.187073e+01  LP_primal= 0.000000e+00  LP_dual= 3.469447e-18  active_cuts=29  certified
  certificate  stage=STEP 4  complete  reason=step4_complete  wall=3.180080e-04s  cpu=3.180000e-04s  provider=0  solves=1  iterations=1

STEP 5
  certificate  stage=STEP 5 LOCAL  major=24  attempt=105  accepted  reason=success  P rel.= 5.142730e-14  objective=-8.771150e+00  upper=-1.187073e+01  gap=-3.099584e+00  wall=0.000000e+00s  cpu=0.000000e+00s  provider=0  solves=0  iterations=0
  certificate  stage=STEP 5 LOCAL  major=24  attempt=106  accepted  reason=success  P rel.= 6.521786e-14  objective=-8.771150e+00  upper=-1.187073e+01  gap=-3.099584e+00  wall=0.000000e+00s  cpu=0.000000e+00s  provider=0  solves=0  iterations=0
  certificate  stage=STEP 5 LOCAL  major=24  attempt=107  accepted  reason=success  P rel.= 5.871044e-13  objective=-8.771150e+00  upper=-1.187073e+01  gap=-3.099584e+00  wall=0.000000e+00s  cpu=0.000000e+00s  provider=0  solves=0  iterations=0
  certificate  stage=STEP 5 LOCAL  major=24  attempt=108  accepted  reason=success  P rel.= 5.728829e-13  objective=-8.771150e+00  upper=-1.187073e+01  gap=-3.099584e+00  wall=0.000000e+00s  cpu=0.000000e+00s  provider=0  solves=0  iterations=0
  certificate  stage=STEP 5 LOCAL  major=24  attempt=109  accepted  reason=success  P rel.=-4.120136e-09  objective=-1.187074e+01  upper=-1.187073e+01  gap= 7.477326e-06  wall=0.000000e+00s  cpu=0.000000e+00s  provider=0  solves=0  iterations=0
  certificate  stage=STEP 5  complete  reason=step5_complete  wall=9.837226e-02s  cpu=9.836700e-02s  provider=95  solves=5  iterations=88

STEP 6
  certificate  stage=STEP 6  complete  reason=candidate_set  wall=1.269000e-05s  cpu=1.300000e-05s  provider=0  solves=0  iterations=0

STEP 8
  certificate  stage=STEP 8  complete  reason=step8_complete  wall=7.743991e-02s  cpu=7.744100e-02s  provider=187  solves=1  iterations=22

STEP 9
  certificate  stage=STEP 9  failed  objective=-1.187074e+01  upper=-1.187073e+01  gap= 1.075144e-05  wall=0.000000e+00s  cpu=0.000000e+00s  provider=0  solves=0  iterations=0
  certificate  stage=STEP 9  complete  reason=paper_potential_convergence_failed  wall=1.594942e-03s  cpu=1.595000e-03s  provider=2  solves=0  iterations=0

STEP 7
  certificate  stage=STEP 7  complete  reason=continue_stage_ii  wall=1.130000e-06s  cpu=1.000000e-06s  provider=0  solves=0  iterations=0

STEP 4
  STAGE II STEP 4  major=25  upper=-1.187074e+01  LP_primal= 3.552714e-15  LP_dual= 1.734723e-18  active_cuts=30  certified
  certificate  stage=STEP 4  complete  reason=step4_complete  wall=3.881580e-04s  cpu=3.880000e-04s  provider=0  solves=1  iterations=1

STEP 5
  certificate  stage=STEP 5 LOCAL  major=25  attempt=110  accepted  reason=success  P rel.= 8.547275e-14  objective=-8.770727e+00  upper=-1.187074e+01  gap=-3.100009e+00  wall=0.000000e+00s  cpu=0.000000e+00s  provider=0  solves=0  iterations=0
  certificate  stage=STEP 5 LOCAL  major=25  attempt=111  accepted  reason=success  P rel.= 5.889719e-14  objective=-8.770727e+00  upper=-1.187074e+01  gap=-3.100009e+00  wall=0.000000e+00s  cpu=0.000000e+00s  provider=0  solves=0  iterations=0
  certificate  stage=STEP 5 LOCAL  major=25  attempt=112  accepted  reason=success  P rel.= 8.748387e-14  objective=-8.770727e+00  upper=-1.187074e+01  gap=-3.100009e+00  wall=0.000000e+00s  cpu=0.000000e+00s  provider=0  solves=0  iterations=0
  certificate  stage=STEP 5 LOCAL  major=25  attempt=113  accepted  reason=success  P rel.= 7.541713e-14  objective=-8.770727e+00  upper=-1.187074e+01  gap=-3.100009e+00  wall=0.000000e+00s  cpu=0.000000e+00s  provider=0  solves=0  iterations=0
  certificate  stage=STEP 5 LOCAL  major=25  attempt=114  accepted  reason=success  P rel.= 5.157095e-14  objective=-8.770727e+00  upper=-1.187074e+01  gap=-3.100009e+00  wall=0.000000e+00s  cpu=0.000000e+00s  provider=0  solves=0  iterations=0
  certificate  stage=STEP 5 LOCAL  major=25  attempt=115  accepted  reason=success  P rel.= 5.501859e-14  objective=-8.770727e+00  upper=-1.187074e+01  gap=-3.100009e+00  wall=0.000000e+00s  cpu=0.000000e+00s  provider=0  solves=0  iterations=0
  certificate  stage=STEP 5 LOCAL  major=25  attempt=116  accepted  reason=success  P rel.=-4.106693e-09  objective=-1.187074e+01  upper=-1.187074e+01  gap= 1.871311e-06  wall=0.000000e+00s  cpu=0.000000e+00s  provider=0  solves=0  iterations=0
  certificate  stage=STEP 5  complete  reason=step5_complete  wall=1.334426e-01s  cpu=1.334450e-01s  provider=125  solves=7  iterations=110

STEP 6
  certificate  stage=STEP 6  complete  reason=candidate_set  wall=1.849000e-05s  cpu=1.800000e-05s  provider=0  solves=0  iterations=0

STEP 8
  certificate  stage=STEP 8  complete  reason=step8_complete  wall=1.145960e-01s  cpu=1.145990e-01s  provider=276  solves=2  iterations=33

STEP 9
  certificate  stage=STEP 9  failed  objective=-1.187074e+01  upper=-1.187074e+01  gap= 8.493240e-06  wall=0.000000e+00s  cpu=0.000000e+00s  provider=0  solves=0  iterations=0
  certificate  stage=STEP 9  complete  reason=paper_potential_convergence_failed  wall=1.602742e-03s  cpu=1.603000e-03s  provider=2  solves=0  iterations=0

STEP 7
  certificate  stage=STEP 7  complete  reason=continue_stage_ii  wall=1.070000e-06s  cpu=2.000000e-06s  provider=0  solves=0  iterations=0

STEP 4
  STAGE II STEP 4  major=26  upper=-1.187074e+01  LP_primal= 5.329071e-15  LP_dual= 0.000000e+00  active_cuts=31  certified
  certificate  stage=STEP 4  complete  reason=step4_complete  wall=3.376680e-04s  cpu=3.380000e-04s  provider=0  solves=1  iterations=1

STEP 5
  certificate  stage=STEP 5 LOCAL  major=26  attempt=117  accepted  reason=success  P rel.= 6.248848e-14  objective=-8.770942e+00  upper=-1.187074e+01  gap=-3.099795e+00  wall=0.000000e+00s  cpu=0.000000e+00s  provider=0  solves=0  iterations=0
  certificate  stage=STEP 5 LOCAL  major=26  attempt=118  accepted  reason=success  P rel.= 4.974658e-13  objective=-8.770942e+00  upper=-1.187074e+01  gap=-3.099795e+00  wall=0.000000e+00s  cpu=0.000000e+00s  provider=0  solves=0  iterations=0
  certificate  stage=STEP 5 LOCAL  major=26  attempt=119  accepted  reason=success  P rel.= 8.101955e-14  objective=-8.770942e+00  upper=-1.187074e+01  gap=-3.099795e+00  wall=0.000000e+00s  cpu=0.000000e+00s  provider=0  solves=0  iterations=0
  certificate  stage=STEP 5 LOCAL  major=26  attempt=120  accepted  reason=success  P rel.= 8.413679e-13  objective=-8.770942e+00  upper=-1.187074e+01  gap=-3.099795e+00  wall=0.000000e+00s  cpu=0.000000e+00s  provider=0  solves=0  iterations=0
  certificate  stage=STEP 5 LOCAL  major=26  attempt=121  accepted  reason=success  P rel.= 5.904084e-14  objective=-8.770942e+00  upper=-1.187074e+01  gap=-3.099795e+00  wall=0.000000e+00s  cpu=0.000000e+00s  provider=0  solves=0  iterations=0
  certificate  stage=STEP 5 LOCAL  major=26  attempt=122  accepted  reason=success  P rel.=-4.136072e-09  objective=-1.187074e+01  upper=-1.187074e+01  gap= 4.676037e-07  wall=0.000000e+00s  cpu=0.000000e+00s  provider=0  solves=0  iterations=0
  certificate  stage=STEP 5  complete  reason=step5_complete  wall=1.246536e-01s  cpu=1.246390e-01s  provider=119  solves=6  iterations=110

STEP 6
  certificate  stage=STEP 6  complete  reason=candidate_set  wall=1.423000e-05s  cpu=1.400000e-05s  provider=0  solves=0  iterations=0

STEP 8
  certificate  stage=STEP 8  complete  reason=step8_complete  wall=5.063337e-02s  cpu=5.061600e-02s  provider=111  solves=2  iterations=13

STEP 9
  certificate  stage=STEP 9  failed  objective=-1.187074e+01  upper=-1.187074e+01  gap= 7.393392e-06  wall=0.000000e+00s  cpu=0.000000e+00s  provider=0  solves=0  iterations=0
  certificate  stage=STEP 9  complete  reason=paper_potential_convergence_failed  wall=1.657871e-03s  cpu=1.658000e-03s  provider=2  solves=0  iterations=0

STEP 7
  certificate  stage=STEP 7  complete  reason=continue_stage_ii  wall=1.100000e-06s  cpu=1.000000e-06s  provider=0  solves=0  iterations=0

STEP 4
  STAGE II STEP 4  major=27  upper=-1.187074e+01  LP_primal= 0.000000e+00  LP_dual= 1.994932e-17  active_cuts=32  certified
  certificate  stage=STEP 4  complete  reason=step4_complete  wall=3.150990e-04s  cpu=3.160000e-04s  provider=0  solves=1  iterations=1

STEP 5
  certificate  stage=STEP 5 LOCAL  major=27  attempt=123  accepted  reason=success  P rel.= 6.794724e-14  objective=-8.770835e+00  upper=-1.187074e+01  gap=-3.099902e+00  wall=0.000000e+00s  cpu=0.000000e+00s  provider=0  solves=0  iterations=0
  certificate  stage=STEP 5 LOCAL  major=27  attempt=124  accepted  reason=success  P rel.= 6.248848e-14  objective=-8.770835e+00  upper=-1.187074e+01  gap=-3.099902e+00  wall=0.000000e+00s  cpu=0.000000e+00s  provider=0  solves=0  iterations=0
  certificate  stage=STEP 5 LOCAL  major=27  attempt=125  accepted  reason=success  P rel.= 4.999078e-14  objective=-8.770835e+00  upper=-1.187074e+01  gap=-3.099902e+00  wall=0.000000e+00s  cpu=0.000000e+00s  provider=0  solves=0  iterations=0
  certificate  stage=STEP 5 LOCAL  major=27  attempt=126  accepted  reason=success  P rel.= 4.338281e-14  objective=-8.770835e+00  upper=-1.187074e+01  gap=-3.099902e+00  wall=0.000000e+00s  cpu=0.000000e+00s  provider=0  solves=0  iterations=0
  certificate  stage=STEP 5 LOCAL  major=27  attempt=127  accepted  reason=success  P rel.= 5.789163e-14  objective=-8.770835e+00  upper=-1.187074e+01  gap=-3.099902e+00  wall=0.000000e+00s  cpu=0.000000e+00s  provider=0  solves=0  iterations=0
  certificate  stage=STEP 5 LOCAL  major=27  attempt=128  accepted  reason=success  P rel.= 5.257652e-14  objective=-8.770835e+00  upper=-1.187074e+01  gap=-3.099902e+00  wall=0.000000e+00s  cpu=0.000000e+00s  provider=0  solves=0  iterations=0
  certificate  stage=STEP 5 LOCAL  major=27  attempt=129  accepted  reason=success  P rel.=-4.148180e-09  objective=-1.187074e+01  upper=-1.187074e+01  gap= 1.169295e-07  wall=0.000000e+00s  cpu=0.000000e+00s  provider=0  solves=0  iterations=0
  certificate  stage=STEP 5  complete  reason=step5_complete  wall=1.404735e-01s  cpu=1.404540e-01s  provider=136  solves=7  iterations=119

STEP 6
  certificate  stage=STEP 6  complete  reason=candidate_set  wall=1.354000e-05s  cpu=1.300000e-05s  provider=0  solves=0  iterations=0

STEP 8
  certificate  stage=STEP 8  complete  reason=step8_complete  wall=5.000937e-02s  cpu=5.000400e-02s  provider=111  solves=2  iterations=13

STEP 9
  certificate  stage=STEP 9  failed  objective=-1.187074e+01  upper=-1.187074e+01  gap= 7.385623e-06  wall=0.000000e+00s  cpu=0.000000e+00s  provider=0  solves=0  iterations=0
  certificate  stage=STEP 9  complete  reason=paper_potential_convergence_failed  wall=1.528682e-03s  cpu=1.529000e-03s  provider=2  solves=0  iterations=0

STEP 7
  certificate  stage=STEP 7  complete  reason=continue_stage_ii  wall=1.040000e-06s  cpu=1.000000e-06s  provider=0  solves=0  iterations=0

STEP 4
  STAGE II STEP 4  major=28  upper=-1.187074e+01  LP_primal= 3.552714e-15  LP_dual= 1.647987e-17  active_cuts=33  certified
  certificate  stage=STEP 4  complete  reason=step4_complete  wall=3.200490e-04s  cpu=3.200000e-04s  provider=0  solves=1  iterations=1

STEP 5
  certificate  stage=STEP 5 LOCAL  major=28  attempt=130  accepted  reason=success  P rel.= 7.268775e-14  objective=-8.770782e+00  upper=-1.187074e+01  gap=-3.099955e+00  wall=0.000000e+00s  cpu=0.000000e+00s  provider=0  solves=0  iterations=0
  certificate  stage=STEP 5 LOCAL  major=28  attempt=131  accepted  reason=success  P rel.=-4.144618e-09  objective=-1.187074e+01  upper=-1.187074e+01  gap= 2.923612e-08  wall=0.000000e+00s  cpu=0.000000e+00s  provider=0  solves=0  iterations=0
  certificate  stage=STEP 5  complete  reason=step5_complete  wall=4.301700e-02s  cpu=4.300800e-02s  provider=43  solves=2  iterations=39

STEP 6
  certificate  stage=STEP 6  complete  reason=candidate_set  wall=1.265000e-05s  cpu=1.300000e-05s  provider=0  solves=0  iterations=0

STEP 8
  certificate  stage=STEP 8  complete  reason=step8_complete  wall=5.028209e-02s  cpu=5.027400e-02s  provider=111  solves=2  iterations=13

STEP 9
  certificate  stage=STEP 9  failed  objective=-1.187074e+01  upper=-1.187074e+01  gap= 7.381738e-06  wall=0.000000e+00s  cpu=0.000000e+00s  provider=0  solves=0  iterations=0
  certificate  stage=STEP 9  complete  reason=paper_potential_convergence_failed  wall=1.541911e-03s  cpu=1.542000e-03s  provider=2  solves=0  iterations=0

STEP 7
  certificate  stage=STEP 7  complete  reason=continue_stage_ii  wall=1.190000e-06s  cpu=1.000000e-06s  provider=0  solves=0  iterations=0

STEP 4
  STAGE II STEP 4  major=29  upper=-1.187074e+01  LP_primal= 3.552714e-15  LP_dual= 4.336809e-18  active_cuts=34  certified
  certificate  stage=STEP 4  complete  reason=step4_complete  wall=3.333380e-04s  cpu=3.340000e-04s  provider=0  solves=1  iterations=1

STEP 5
  certificate  stage=STEP 5 LOCAL  major=29  attempt=132  accepted  reason=success  P rel.= 5.731702e-14  objective=-8.770755e+00  upper=-1.187074e+01  gap=-3.099982e+00  wall=0.000000e+00s  cpu=0.000000e+00s  provider=0  solves=0  iterations=0
  certificate  stage=STEP 5 LOCAL  major=29  attempt=133  accepted  reason=success  P rel.=-4.081944e-09  objective=-1.187074e+01  upper=-1.187074e+01  gap= 7.309685e-09  wall=0.000000e+00s  cpu=0.000000e+00s  provider=0  solves=0  iterations=0
  certificate  stage=STEP 5  complete  reason=step5_complete  wall=3.769571e-02s  cpu=3.769700e-02s  provider=37  solves=2  iterations=32

STEP 6
  certificate  stage=STEP 6  complete  reason=candidate_set  wall=1.470000e-05s  cpu=1.500000e-05s  provider=0  solves=0  iterations=0

STEP 8
  certificate  stage=STEP 8  complete  reason=step8_complete  wall=5.041274e-02s  cpu=5.040500e-02s  provider=111  solves=2  iterations=13

STEP 9
  certificate  stage=STEP 9  failed  objective=-1.187074e+01  upper=-1.187074e+01  gap= 7.379795e-06  wall=0.000000e+00s  cpu=0.000000e+00s  provider=0  solves=0  iterations=0
  certificate  stage=STEP 9  complete  reason=paper_potential_convergence_failed  wall=1.541092e-03s  cpu=1.542000e-03s  provider=2  solves=0  iterations=0

STEP 7
  certificate  stage=STEP 7  complete  reason=continue_stage_ii  wall=1.070000e-06s  cpu=1.000000e-06s  provider=0  solves=0  iterations=0

STEP 4
  STAGE II STEP 4  major=30  upper=-1.187074e+01  LP_primal= 0.000000e+00  LP_dual= 7.806256e-18  active_cuts=35  certified
  certificate  stage=STEP 4  complete  reason=step4_complete  wall=3.444880e-04s  cpu=3.450000e-04s  provider=0  solves=1  iterations=1

STEP 5
  certificate  stage=STEP 5 LOCAL  major=30  attempt=134  accepted  reason=success  P rel.= 7.024567e-14  objective=-8.770742e+00  upper=-1.187074e+01  gap=-3.099995e+00  wall=0.000000e+00s  cpu=0.000000e+00s  provider=0  solves=0  iterations=0
  certificate  stage=STEP 5 LOCAL  major=30  attempt=135  accepted  reason=success  P rel.=-4.097523e-09  objective=-1.187074e+01  upper=-1.187074e+01  gap= 1.827688e-09  wall=0.000000e+00s  cpu=0.000000e+00s  provider=0  solves=0  iterations=0
  certificate  stage=STEP 5  complete  reason=step5_complete  wall=4.270238e-02s  cpu=4.269100e-02s  provider=42  solves=2  iterations=37

STEP 6
  certificate  stage=STEP 6  complete  reason=candidate_set  wall=1.490000e-05s  cpu=1.500000e-05s  provider=0  solves=0  iterations=0

STEP 8
  certificate  stage=STEP 8  complete  reason=step8_complete  wall=5.013993e-02s  cpu=5.014100e-02s  provider=111  solves=2  iterations=13

STEP 9
  certificate  stage=STEP 9  failed  objective=-1.187074e+01  upper=-1.187074e+01  gap= 7.378823e-06  wall=0.000000e+00s  cpu=0.000000e+00s  provider=0  solves=0  iterations=0
  certificate  stage=STEP 9  complete  reason=paper_potential_convergence_failed  wall=1.546872e-03s  cpu=1.547000e-03s  provider=2  solves=0  iterations=0

STEP 7
  certificate  stage=STEP 7  complete  reason=continue_stage_ii  wall=9.400000e-07s  cpu=1.000000e-06s  provider=0  solves=0  iterations=0

STEP 4
  STAGE II STEP 4  major=31  upper=-1.187074e+01  LP_primal= 1.776357e-15  LP_dual= 5.551115e-17  active_cuts=36  certified
  certificate  stage=STEP 4  complete  reason=step4_complete  wall=3.490080e-04s  cpu=3.490000e-04s  provider=0  solves=1  iterations=1

STEP 5
  certificate  stage=STEP 5 LOCAL  major=31  attempt=137  accepted  reason=success  P rel.= 4.510663e-14  objective=-8.770735e+00  upper=-1.187074e+01  gap=-3.100002e+00  wall=0.000000e+00s  cpu=0.000000e+00s  provider=0  solves=0  iterations=0
  certificate  stage=STEP 5 LOCAL  major=31  attempt=138  accepted  reason=success  P rel.= 7.965486e-13  objective=-8.770735e+00  upper=-1.187074e+01  gap=-3.100002e+00  wall=0.000000e+00s  cpu=0.000000e+00s  provider=0  solves=0  iterations=0
  certificate  stage=STEP 5 LOCAL  major=31  attempt=139  accepted  reason=success  P rel.= 6.464326e-14  objective=-8.770735e+00  upper=-1.187074e+01  gap=-3.100002e+00  wall=0.000000e+00s  cpu=0.000000e+00s  provider=0  solves=0  iterations=0
  certificate  stage=STEP 5 LOCAL  major=31  attempt=141  accepted  reason=success  P rel.= 7.771556e-14  objective=-8.770735e+00  upper=-1.187074e+01  gap=-3.100002e+00  wall=0.000000e+00s  cpu=0.000000e+00s  provider=0  solves=0  iterations=0
  certificate  stage=STEP 5 LOCAL  major=31  attempt=142  accepted  reason=success  P rel.= 6.148292e-14  objective=-8.770735e+00  upper=-1.187074e+01  gap=-3.100002e+00  wall=0.000000e+00s  cpu=0.000000e+00s  provider=0  solves=0  iterations=0
  certificate  stage=STEP 5 LOCAL  major=31  attempt=143  accepted  reason=success  P rel.= 6.062101e-14  objective=-8.770735e+00  upper=-1.187074e+01  gap=-3.100002e+00  wall=0.000000e+00s  cpu=0.000000e+00s  provider=0  solves=0  iterations=0
  certificate  stage=STEP 5 LOCAL  major=31  attempt=144  accepted  reason=success  P rel.=-4.112302e-09  objective=-1.187074e+01  upper=-1.187074e+01  gap= 4.571348e-10  wall=0.000000e+00s  cpu=0.000000e+00s  provider=0  solves=0  iterations=0
  certificate  stage=STEP 5  complete  reason=step5_complete  wall=1.295864e-01s  cpu=1.295720e-01s  provider=128  solves=9  iterations=115

STEP 6
  certificate  stage=STEP 6  complete  reason=candidate_set  wall=2.324000e-05s  cpu=2.300000e-05s  provider=0  solves=0  iterations=0

STEP 8
  certificate  stage=STEP 8  complete  reason=step8_complete  wall=6.609710e-02s  cpu=6.609900e-02s  provider=111  solves=2  iterations=13

STEP 9
  certificate  stage=STEP 9  failed  objective=-1.187074e+01  upper=-1.187074e+01  gap= 7.378337e-06  wall=0.000000e+00s  cpu=0.000000e+00s  provider=0  solves=0  iterations=0
  certificate  stage=STEP 9  complete  reason=paper_potential_convergence_failed  wall=1.557481e-03s  cpu=1.558000e-03s  provider=2  solves=0  iterations=0

STEP 7
  certificate  stage=STEP 7  complete  reason=continue_stage_ii  wall=1.150000e-06s  cpu=1.000000e-06s  provider=0  solves=0  iterations=0

STEP 4
  STAGE II STEP 4  major=32  upper=-1.187074e+01  LP_primal= 0.000000e+00  LP_dual= 1.110223e-16  active_cuts=37  certified
  certificate  stage=STEP 4  complete  reason=step4_complete  wall=4.815470e-04s  cpu=4.820000e-04s  provider=0  solves=1  iterations=1

STEP 5
  certificate  stage=STEP 5 LOCAL  major=32  attempt=145  accepted  reason=success  P rel.= 7.972668e-14  objective=-8.770732e+00  upper=-1.187074e+01  gap=-3.100005e+00  wall=0.000000e+00s  cpu=0.000000e+00s  provider=0  solves=0  iterations=0
  certificate  stage=STEP 5 LOCAL  major=32  attempt=146  accepted  reason=success  P rel.=-4.141503e-09  objective=-1.187074e+01  upper=-1.187074e+01  gap= 1.145040e-10  wall=0.000000e+00s  cpu=0.000000e+00s  provider=0  solves=0  iterations=0
  certificate  stage=STEP 5  complete  reason=step5_complete  wall=4.574140e-02s  cpu=4.574200e-02s  provider=40  solves=2  iterations=36

STEP 6
  certificate  stage=STEP 6  complete  reason=candidate_set  wall=1.536000e-05s  cpu=1.500000e-05s  provider=0  solves=0  iterations=0

STEP 8
  certificate  stage=STEP 8  complete  reason=step8_complete  wall=4.980080e-02s  cpu=4.980200e-02s  provider=111  solves=2  iterations=13

STEP 9
  certificate  stage=STEP 9  failed  objective=-1.187074e+01  upper=-1.187074e+01  gap= 7.378094e-06  wall=0.000000e+00s  cpu=0.000000e+00s  provider=0  solves=0  iterations=0
  certificate  stage=STEP 9  complete  reason=paper_potential_convergence_failed  wall=1.492052e-03s  cpu=1.492000e-03s  provider=2  solves=0  iterations=0

STEP 7
  certificate  stage=STEP 7  complete  reason=continue_stage_ii  wall=1.090000e-06s  cpu=1.000000e-06s  provider=0  solves=0  iterations=0

STEP 4
  STAGE II STEP 4  major=33  upper=-1.187074e+01  LP_primal= 1.776357e-15  LP_dual= 1.387779e-17  active_cuts=38  certified
  certificate  stage=STEP 4  complete  reason=step4_complete  wall=3.687080e-04s  cpu=3.690000e-04s  provider=0  solves=1  iterations=1

STEP 5
  certificate  stage=STEP 5 LOCAL  major=33  attempt=147  accepted  reason=success  P rel.= 7.067663e-14  objective=-8.770734e+00  upper=-1.187074e+01  gap=-3.100003e+00  wall=0.000000e+00s  cpu=0.000000e+00s  provider=0  solves=0  iterations=0
  certificate  stage=STEP 5 LOCAL  major=33  attempt=148  accepted  reason=success  P rel.= 6.536151e-13  objective=-8.770734e+00  upper=-1.187074e+01  gap=-3.100003e+00  wall=0.000000e+00s  cpu=0.000000e+00s  provider=0  solves=0  iterations=0
  certificate  stage=STEP 5 LOCAL  major=33  attempt=149  accepted  reason=success  P rel.=-4.095387e-09  objective=-1.187074e+01  upper=-1.187074e+01  gap= 2.861711e-11  wall=0.000000e+00s  cpu=0.000000e+00s  provider=0  solves=0  iterations=0
  certificate  stage=STEP 5  complete  reason=step5_complete  wall=6.784021e-02s  cpu=6.783400e-02s  provider=66  solves=3  iterations=59

STEP 6
  certificate  stage=STEP 6  complete  reason=candidate_set  wall=1.639000e-05s  cpu=1.700000e-05s  provider=0  solves=0  iterations=0

STEP 8
  certificate  stage=STEP 8  complete  reason=step8_complete  wall=5.139035e-02s  cpu=5.138400e-02s  provider=111  solves=2  iterations=13

STEP 9
  certificate  stage=STEP 9  failed  objective=-1.187074e+01  upper=-1.187074e+01  gap= 7.378079e-06  wall=0.000000e+00s  cpu=0.000000e+00s  provider=0  solves=0  iterations=0
  certificate  stage=STEP 9  complete  reason=paper_potential_convergence_failed  wall=1.569222e-03s  cpu=1.569000e-03s  provider=2  solves=0  iterations=0

STEP 7
  certificate  stage=STEP 7  complete  reason=continue_stage_ii  wall=1.100000e-06s  cpu=1.000000e-06s  provider=0  solves=0  iterations=0

STEP 4
  STAGE II STEP 4  major=34  upper=-1.187074e+01  LP_primal= 2.861711e-11  LP_dual= 1.387779e-17  active_cuts=39  certified
  certificate  stage=STEP 4  complete  reason=step4_complete  wall=3.665280e-04s  cpu=3.670000e-04s  provider=0  solves=1  iterations=1

STEP 5
  certificate  stage=STEP 5 LOCAL  major=34  attempt=151  accepted  reason=success  P rel.= 6.607977e-14  objective=-8.770734e+00  upper=-1.187074e+01  gap=-3.100003e+00  wall=0.000000e+00s  cpu=0.000000e+00s  provider=0  solves=0  iterations=0
  certificate  stage=STEP 5 LOCAL  major=34  attempt=152  accepted  reason=success  P rel.=-4.130552e-09  objective=-1.187074e+01  upper=-1.187074e+01  gap= 2.862421e-11  wall=0.000000e+00s  cpu=0.000000e+00s  provider=0  solves=0  iterations=0
  certificate  stage=STEP 5  complete  reason=step5_complete  wall=4.777568e-02s  cpu=4.777600e-02s  provider=46  solves=3  iterations=39

STEP 6
  certificate  stage=STEP 6  complete  reason=candidate_set  wall=2.030000e-05s  cpu=2.100000e-05s  provider=0  solves=0  iterations=0

STEP 8
  certificate  stage=STEP 8  complete  reason=step8_complete  wall=5.097346e-02s  cpu=5.096700e-02s  provider=111  solves=2  iterations=13

STEP 9
  certificate  stage=STEP 9  failed  objective=-1.187074e+01  upper=-1.187074e+01  gap= 7.378079e-06  wall=0.000000e+00s  cpu=0.000000e+00s  provider=0  solves=0  iterations=0
  certificate  stage=STEP 9  complete  reason=paper_potential_convergence_failed  wall=1.584842e-03s  cpu=1.585000e-03s  provider=2  solves=0  iterations=0

STEP 7
  certificate  stage=STEP 7  complete  reason=continue_stage_ii  wall=1.170000e-06s  cpu=1.000000e-06s  provider=0  solves=0  iterations=0

STEP 4
  STAGE II STEP 4  major=35  upper=-1.187074e+01  LP_primal= 2.862421e-11  LP_dual= 1.387779e-17  active_cuts=40  certified
  certificate  stage=STEP 4  complete  reason=step4_complete  wall=4.173980e-04s  cpu=4.180000e-04s  provider=0  solves=1  iterations=1

STEP 5
  certificate  stage=STEP 5 LOCAL  major=35  attempt=153  accepted  reason=success  P rel.= 7.067663e-14  objective=-8.770734e+00  upper=-1.187074e+01  gap=-3.100003e+00  wall=0.000000e+00s  cpu=0.000000e+00s  provider=0  solves=0  iterations=0
  certificate  stage=STEP 5 LOCAL  major=35  attempt=154  accepted  reason=success  P rel.=-4.144797e-09  objective=-1.187074e+01  upper=-1.187074e+01  gap= 2.862954e-11  wall=0.000000e+00s  cpu=0.000000e+00s  provider=0  solves=0  iterations=0
  certificate  stage=STEP 5  complete  reason=step5_complete  wall=3.650624e-02s  cpu=3.650700e-02s  provider=35  solves=2  iterations=31

STEP 6
  certificate  stage=STEP 6  complete  reason=candidate_set  wall=1.941900e-05s  cpu=2.000000e-05s  provider=0  solves=0  iterations=0

STEP 8
  certificate  stage=STEP 8  complete  reason=step8_complete  wall=5.164085e-02s  cpu=5.164300e-02s  provider=111  solves=2  iterations=13

STEP 9
  certificate  stage=STEP 9  failed  objective=-1.187074e+01  upper=-1.187074e+01  gap= 7.378079e-06  wall=0.000000e+00s  cpu=0.000000e+00s  provider=0  solves=0  iterations=0
  certificate  stage=STEP 9  complete  reason=paper_potential_convergence_failed  wall=1.566001e-03s  cpu=1.566000e-03s  provider=2  solves=0  iterations=0

STEP 7
  certificate  stage=STEP 7  complete  reason=continue_stage_ii  wall=1.130000e-06s  cpu=1.000000e-06s  provider=0  solves=0  iterations=0

STEP 4
  STAGE II STEP 4  major=36  upper=-1.187074e+01  LP_primal= 2.862954e-11  LP_dual= 1.387779e-17  active_cuts=41  certified
  certificate  stage=STEP 4  complete  reason=step4_complete  wall=3.945480e-04s  cpu=3.950000e-04s  provider=0  solves=1  iterations=1

STEP 5
  certificate  stage=STEP 5 LOCAL  major=36  attempt=155  accepted  reason=success  P rel.= 5.774798e-14  objective=-8.770734e+00  upper=-1.187074e+01  gap=-3.100003e+00  wall=0.000000e+00s  cpu=0.000000e+00s  provider=0  solves=0  iterations=0
  certificate  stage=STEP 5 LOCAL  major=36  attempt=156  accepted  reason=success  P rel.= 4.668680e-14  objective=-8.770734e+00  upper=-1.187074e+01  gap=-3.100003e+00  wall=0.000000e+00s  cpu=0.000000e+00s  provider=0  solves=0  iterations=0
  certificate  stage=STEP 5 LOCAL  major=36  attempt=157  accepted  reason=success  P rel.= 8.274337e-14  objective=-8.770734e+00  upper=-1.187074e+01  gap=-3.100003e+00  wall=0.000000e+00s  cpu=0.000000e+00s  provider=0  solves=0  iterations=0
  certificate  stage=STEP 5 LOCAL  major=36  attempt=158  accepted  reason=success  P rel.= 7.067663e-14  objective=-8.770734e+00  upper=-1.187074e+01  gap=-3.100003e+00  wall=0.000000e+00s  cpu=0.000000e+00s  provider=0  solves=0  iterations=0
  certificate  stage=STEP 5 LOCAL  major=36  attempt=159  accepted  reason=success  P rel.=-5.675595e-08  objective=-1.187076e+01  upper=-1.187074e+01  gap= 2.751470e-05  wall=0.000000e+00s  cpu=0.000000e+00s  provider=0  solves=0  iterations=0
  certificate  stage=STEP 5  complete  reason=step5_complete  wall=8.464661e-02s  cpu=8.464700e-02s  provider=81  solves=5  iterations=75

STEP 6
  certificate  stage=STEP 6  complete  reason=candidate_set  wall=1.679000e-05s  cpu=1.700000e-05s  provider=0  solves=0  iterations=0

STEP 8
  certificate  stage=STEP 8  complete  reason=step8_complete  wall=1.652642e-01s  cpu=1.652650e-01s  provider=609  solves=2  iterations=52

STEP 9
  certificate  stage=STEP 9  passed  objective=-1.187075e+01  upper=-1.187074e+01  gap= 7.923419e-06  wall=0.000000e+00s  cpu=0.000000e+00s  provider=0  solves=0  iterations=0
  certificate  stage=STEP 9  complete  reason=step9_complete  wall=1.534082e-03s  cpu=1.535000e-03s  provider=2  solves=0  iterations=0

STEP 10
  certificate  stage=STEP 10  passed  wall=0.000000e+00s  cpu=0.000000e+00s  provider=0  solves=0  iterations=0
  certificate  stage=STEP 10  complete  reason=trace_refinement_not_required  wall=2.888964e-03s  cpu=2.889000e-03s  provider=4  solves=0  iterations=0
