HELD2.0  case=installed-held2-paper-rewrite  T=2.981500e+02 K  P=1.013000e+05 Pa

STEP 1
  certificate  stage=STEP 1  complete  reason=step1_complete  wall=2.680000e-05s  cpu=2.600000e-05s  provider=1  solves=0  iterations=0

STEP 2

REFERENCE PRESSURE ROOTS
  root   0  V= 2.921634e-05  P rel.=-3.857775e-09  G/RT=-1.151702e+01  strict_stable
  root   1  V= 5.798210e-04  P rel.=-5.336356e-09  G/RT=-6.862691e+00  unstable
  root   2  V= 2.268131e-02  P rel.= 3.610639e-10  G/RT=-8.231754e+00  strict_stable
  selected root 0  status=selected
  eval     1  TPD= 5.456146e-01  P rel.= 2.232178e-09  V= 4.684854e-05  certified
  eval     2  TPD= 1.507725e-01  P rel.=-9.329527e-09  V= 5.717807e-05  certified
  eval     3  TPD= 9.999195e-01  P rel.=-6.602069e-10  V= 3.654838e-05  certified
  eval     4  TPD= 1.155039e+00  P rel.=-8.348988e-09  V= 6.774147e-05  certified
  eval     5  TPD= 9.325738e-02  P rel.= 6.419810e-09  V= 2.643126e-05  certified
  eval     6  TPD= 6.066528e-02  P rel.=-7.663127e-09  V= 4.748642e-05  certified
  eval     7  TPD= 5.432089e-01  P rel.=-9.435112e-09  V= 2.693881e-05  certified
  eval     8  TPD= 1.650578e-04  P rel.=-5.837331e-10  V= 5.090922e-05  certified
  eval     9  TPD= 3.075129e-02  P rel.=-4.944395e-10  V= 4.268412e-05  certified
  eval    10  TPD= 8.607447e-02  P rel.=-9.163047e-09  V= 5.070499e-05  certified
  eval    11  TPD=-1.739879e-02  P rel.= 1.465926e-09  V= 4.344906e-05  certified
  certificate  stage=STEP 2  complete  reason=negative_tpd_witness  wall=2.435213e+00s  cpu=2.434547e+00s  provider=3289  solves=1  iterations=11

STEP 3
  certificate  stage=STEP 3  complete  reason=step3_complete  wall=7.850789e-01s  cpu=7.849850e-01s  provider=4  solves=0  iterations=0

STEP 4
  STAGE II STEP 4  major=0  upper=-1.152283e+01  LP_primal= 0.000000e+00  LP_dual= 0.000000e+00  active_cuts=5  certified
  certificate  stage=STEP 4  complete  reason=step4_complete  wall=4.017180e-04s  cpu=4.020000e-04s  provider=0  solves=1  iterations=1

STEP 5
  certificate  stage=STEP 5 LOCAL  major=0  attempt=0  accepted  reason=success  P rel.=-8.374515e-03  objective=-1.152546e+01  upper=-1.152283e+01  gap= 2.637324e-03  wall=0.000000e+00s  cpu=0.000000e+00s  provider=0  solves=0  iterations=0
  certificate  stage=STEP 5  complete  reason=step5_complete  wall=2.708183e-02s  cpu=2.708300e-02s  provider=153  solves=1  iterations=21

STEP 6
  certificate  stage=STEP 6  complete  reason=candidate_set  wall=4.100000e-06s  cpu=4.000000e-06s  provider=0  solves=0  iterations=0

STEP 8
  certificate  stage=STEP 8  indeterminate  reason=stage_iii_phase_fraction_recovery_failed  wall=8.192046e-02s  cpu=8.188700e-02s  provider=160  solves=2  iterations=18
