HELD2.0  case=installed-held2-paper-rewrite  T=2.981500e+02 K  P=1.013000e+05 Pa

STEP 1
  certificate  stage=STEP 1  complete  reason=step1_complete  wall=2.776000e-05s  cpu=2.700000e-05s  provider=1  solves=0  iterations=0

STEP 2

REFERENCE PRESSURE ROOTS
  root   0  V= 2.928927e-05  P rel.= 3.347147e-09  G/RT=-8.420425e+00  strict_stable
  root   1  V= 5.896116e-04  P rel.=-5.334436e-09  G/RT=-3.728474e+00  unstable
  root   2  V= 2.265848e-02  P rel.=-4.024488e-11  G/RT=-5.079562e+00  strict_stable
  selected root 0  status=selected
  eval     1  TPD= 6.734182e-01  P rel.= 2.232178e-09  V= 4.684854e-05  certified
  eval     2  TPD= 2.496274e-01  P rel.=-9.329527e-09  V= 5.717807e-05  certified
  eval     3  TPD= 1.156672e+00  P rel.=-6.602069e-10  V= 3.654838e-05  certified
  eval     4  TPD= 1.353758e+00  P rel.=-8.348988e-09  V= 6.774147e-05  certified
  eval     5  TPD= 1.501461e-01  P rel.= 6.419810e-09  V= 2.643126e-05  certified
  eval     6  TPD= 1.262515e-01  P rel.=-7.663127e-09  V= 4.748642e-05  certified
  eval     7  TPD= 6.666925e-01  P rel.=-9.435112e-09  V= 2.693881e-05  certified
  eval     8  TPD= 5.610176e-02  P rel.=-5.837331e-10  V= 5.090922e-05  certified
  eval     9  TPD= 7.970319e-02  P rel.=-4.944395e-10  V= 4.268412e-05  certified
  eval    10  TPD= 1.627503e-01  P rel.=-9.163047e-09  V= 5.070499e-05  certified
  eval    11  TPD= 1.266225e-02  P rel.= 1.465926e-09  V= 4.344906e-05  certified
  eval    12  TPD= 4.195570e-01  P rel.=-3.979385e-09  V= 6.696404e-05  certified
  eval    13  TPD= 1.652532e+00  P rel.= 8.953507e-09  V= 4.626575e-05  certified
  eval    14  TPD= 3.420172e-02  P rel.= 3.055229e-09  V= 4.770266e-05  certified
  eval    15  TPD=-2.062453e-03  P rel.=-2.714228e-09  V= 3.502842e-05  certified
  certificate  stage=STEP 2  complete  reason=negative_tpd_witness  wall=3.208011e+00s  cpu=3.207553e+00s  provider=4384  solves=1  iterations=15

STEP 3
  certificate  stage=STEP 3  complete  reason=step3_complete  wall=7.809725e-01s  cpu=7.809110e-01s  provider=4  solves=0  iterations=0

STEP 4
  STAGE II STEP 4  major=0  upper=-8.421035e+00  LP_primal= 0.000000e+00  LP_dual= 5.551115e-17  active_cuts=5  certified
  certificate  stage=STEP 4  complete  reason=step4_complete  wall=4.155280e-04s  cpu=4.160000e-04s  provider=0  solves=1  iterations=1

STEP 5
  certificate  stage=STEP 5 LOCAL  major=0  attempt=0  accepted  reason=success  P rel.=-2.594725e-02  objective=-8.510576e+00  upper=-8.421035e+00  gap= 8.954064e-02  wall=0.000000e+00s  cpu=0.000000e+00s  provider=0  solves=0  iterations=0
  certificate  stage=STEP 5  complete  reason=step5_complete  wall=3.201014e-02s  cpu=3.201100e-02s  provider=159  solves=1  iterations=25

STEP 6
  certificate  stage=STEP 6  complete  reason=candidate_set  wall=3.790000e-06s  cpu=4.000000e-06s  provider=0  solves=0  iterations=0

STEP 8
  certificate  stage=STEP 8  complete  reason=collapsed_phase_set  wall=5.171875e-02s  cpu=5.171200e-02s  provider=127  solves=1  iterations=16

STEP 7
  certificate  stage=STEP 7  complete  reason=continue_stage_ii  wall=1.150000e-06s  cpu=1.000000e-06s  provider=0  solves=0  iterations=0

STEP 4
  STAGE II STEP 4  major=1  upper=-8.432054e+00  LP_primal= 0.000000e+00  LP_dual= 5.551115e-17  active_cuts=6  certified
  certificate  stage=STEP 4  complete  reason=step4_complete  wall=2.924080e-04s  cpu=2.930000e-04s  provider=0  solves=1  iterations=1

STEP 5
  certificate  stage=STEP 5 LOCAL  major=1  attempt=1  accepted  reason=success  P rel.=-5.679615e-09  objective=-8.560953e+00  upper=-8.432054e+00  gap= 1.288984e-01  wall=0.000000e+00s  cpu=0.000000e+00s  provider=0  solves=0  iterations=0
  certificate  stage=STEP 5  complete  reason=step5_complete  wall=2.576313e-02s  cpu=2.576500e-02s  provider=25  solves=1  iterations=22

STEP 6
  certificate  stage=STEP 6  complete  reason=insufficient_candidates  wall=3.160000e-06s  cpu=3.000000e-06s  provider=0  solves=0  iterations=0

STEP 7
  certificate  stage=STEP 7  complete  reason=continue_stage_ii  wall=9.200000e-07s  cpu=1.000000e-06s  provider=0  solves=0  iterations=0

STEP 4
  STAGE II STEP 4  major=2  upper=-8.433636e+00  LP_primal= 0.000000e+00  LP_dual= 3.295975e-17  active_cuts=7  certified
  certificate  stage=STEP 4  complete  reason=step4_complete  wall=3.199580e-04s  cpu=3.200000e-04s  provider=0  solves=1  iterations=1

STEP 5
  certificate  stage=STEP 5 LOCAL  major=2  attempt=2  accepted  reason=success  P rel.= 7.785921e-14  objective=-5.351554e+00  upper=-8.433636e+00  gap=-3.082082e+00  wall=0.000000e+00s  cpu=0.000000e+00s  provider=0  solves=0  iterations=0
  certificate  stage=STEP 5 LOCAL  major=2  attempt=3  accepted  reason=success  P rel.= 9.524106e-14  objective=-5.351554e+00  upper=-8.433636e+00  gap=-3.082082e+00  wall=0.000000e+00s  cpu=0.000000e+00s  provider=0  solves=0  iterations=0
  certificate  stage=STEP 5 LOCAL  major=2  attempt=4  accepted  reason=success  P rel.=-3.159272e-09  objective=-8.467406e+00  upper=-8.433636e+00  gap= 3.376996e-02  wall=0.000000e+00s  cpu=0.000000e+00s  provider=0  solves=0  iterations=0
  certificate  stage=STEP 5  complete  reason=step5_complete  wall=6.495351e-02s  cpu=6.494700e-02s  provider=62  solves=3  iterations=58

STEP 6
  certificate  stage=STEP 6  complete  reason=candidate_set  wall=4.050000e-06s  cpu=4.000000e-06s  provider=0  solves=0  iterations=0

STEP 8
  certificate  stage=STEP 8  complete  reason=step8_complete  wall=5.286890e-02s  cpu=5.285200e-02s  provider=108  solves=1  iterations=13

STEP 9
  certificate  stage=STEP 9  failed  objective=-8.434264e+00  upper=-8.433636e+00  gap= 6.273011e-04  wall=0.000000e+00s  cpu=0.000000e+00s  provider=0  solves=0  iterations=0
  certificate  stage=STEP 9  complete  reason=paper_free_energy_convergence_failed  wall=2.441097e-03s  cpu=2.441000e-03s  provider=3  solves=0  iterations=0

STEP 7
  certificate  stage=STEP 7  complete  reason=continue_stage_ii  wall=1.160000e-06s  cpu=1.000000e-06s  provider=0  solves=0  iterations=0

STEP 4
  STAGE II STEP 4  major=3  upper=-8.434503e+00  LP_primal= 3.197442e-14  LP_dual= 3.122502e-17  active_cuts=8  certified
  certificate  stage=STEP 4  complete  reason=step4_complete  wall=3.319580e-04s  cpu=3.320000e-04s  provider=0  solves=1  iterations=1

STEP 5
  certificate  stage=STEP 5 LOCAL  major=3  attempt=5  accepted  reason=success  P rel.= 6.033371e-14  objective=-5.336996e+00  upper=-8.434503e+00  gap=-3.097506e+00  wall=0.000000e+00s  cpu=0.000000e+00s  provider=0  solves=0  iterations=0
  certificate  stage=STEP 5 LOCAL  major=3  attempt=6  accepted  reason=success  P rel.=-4.100639e-09  objective=-8.443927e+00  upper=-8.434503e+00  gap= 9.424270e-03  wall=0.000000e+00s  cpu=0.000000e+00s  provider=0  solves=0  iterations=0
  certificate  stage=STEP 5  complete  reason=step5_complete  wall=4.972555e-02s  cpu=4.971000e-02s  provider=49  solves=2  iterations=37

STEP 6
  certificate  stage=STEP 6  complete  reason=candidate_set  wall=4.290000e-06s  cpu=4.000000e-06s  provider=0  solves=0  iterations=0

STEP 8
  certificate  stage=STEP 8  complete  reason=step8_complete  wall=6.544387e-02s  cpu=6.523500e-02s  provider=129  solves=1  iterations=17

STEP 9
  certificate  stage=STEP 9  failed  objective=-8.435425e+00  upper=-8.434503e+00  gap= 9.226868e-04  wall=0.000000e+00s  cpu=0.000000e+00s  provider=0  solves=0  iterations=0
  certificate  stage=STEP 9  complete  reason=paper_free_energy_convergence_failed  wall=2.191329e-03s  cpu=2.191000e-03s  provider=3  solves=0  iterations=0

STEP 7
  certificate  stage=STEP 7  complete  reason=continue_stage_ii  wall=9.900000e-07s  cpu=1.000000e-06s  provider=0  solves=0  iterations=0

STEP 4
  STAGE II STEP 4  major=4  upper=-8.435037e+00  LP_primal= 0.000000e+00  LP_dual= 4.857226e-17  active_cuts=9  certified
  certificate  stage=STEP 4  complete  reason=step4_complete  wall=2.949690e-04s  cpu=2.950000e-04s  provider=0  solves=1  iterations=1

STEP 5
  certificate  stage=STEP 5 LOCAL  major=4  attempt=7  accepted  reason=success  P rel.=-4.953959e-09  objective=-8.438237e+00  upper=-8.435037e+00  gap= 3.200607e-03  wall=0.000000e+00s  cpu=0.000000e+00s  provider=0  solves=0  iterations=0
  certificate  stage=STEP 5  complete  reason=step5_complete  wall=2.720447e-02s  cpu=2.719900e-02s  provider=27  solves=1  iterations=21

STEP 6
  certificate  stage=STEP 6  complete  reason=candidate_set  wall=4.700000e-06s  cpu=5.000000e-06s  provider=0  solves=0  iterations=0

STEP 8
  certificate  stage=STEP 8  complete  reason=step8_complete  wall=8.524994e-02s  cpu=8.525200e-02s  provider=226  solves=2  iterations=18

STEP 9
  certificate  stage=STEP 9  failed  objective=-8.436057e+00  upper=-8.435037e+00  gap= 1.020530e-03  wall=0.000000e+00s  cpu=0.000000e+00s  provider=0  solves=0  iterations=0
  certificate  stage=STEP 9  complete  reason=paper_free_energy_convergence_failed  wall=2.219328e-03s  cpu=2.219000e-03s  provider=3  solves=0  iterations=0

STEP 7
  certificate  stage=STEP 7  complete  reason=continue_stage_ii  wall=1.100000e-06s  cpu=1.000000e-06s  provider=0  solves=0  iterations=0

STEP 4
  STAGE II STEP 4  major=5  upper=-8.435584e+00  LP_primal= 0.000000e+00  LP_dual= 2.775558e-17  active_cuts=10  certified
  certificate  stage=STEP 4  complete  reason=step4_complete  wall=2.757080e-04s  cpu=2.760000e-04s  provider=0  solves=1  iterations=1

STEP 5
  certificate  stage=STEP 5 LOCAL  major=5  attempt=8  accepted  reason=success  P rel.= 5.774798e-14  objective=-5.325050e+00  upper=-8.435584e+00  gap=-3.110534e+00  wall=0.000000e+00s  cpu=0.000000e+00s  provider=0  solves=0  iterations=0
  certificate  stage=STEP 5 LOCAL  major=5  attempt=9  accepted  reason=success  P rel.= 2.962098e-13  objective=-5.325050e+00  upper=-8.435584e+00  gap=-3.110534e+00  wall=0.000000e+00s  cpu=0.000000e+00s  provider=0  solves=0  iterations=0
  certificate  stage=STEP 5 LOCAL  major=5  attempt=10  accepted  reason=success  P rel.= 6.981472e-14  objective=-5.325050e+00  upper=-8.435584e+00  gap=-3.110534e+00  wall=0.000000e+00s  cpu=0.000000e+00s  provider=0  solves=0  iterations=0
  certificate  stage=STEP 5 LOCAL  major=5  attempt=11  accepted  reason=success  P rel.= 7.373641e-13  objective=-5.325050e+00  upper=-8.435584e+00  gap=-3.110534e+00  wall=0.000000e+00s  cpu=0.000000e+00s  provider=0  solves=0  iterations=0
  certificate  stage=STEP 5 LOCAL  major=5  attempt=12  accepted  reason=success  P rel.= 7.153854e-14  objective=-5.325050e+00  upper=-8.435584e+00  gap=-3.110534e+00  wall=0.000000e+00s  cpu=0.000000e+00s  provider=0  solves=0  iterations=0
  certificate  stage=STEP 5 LOCAL  major=5  attempt=13  accepted  reason=success  P rel.=-6.048630e-09  objective=-8.438632e+00  upper=-8.435584e+00  gap= 3.047219e-03  wall=0.000000e+00s  cpu=0.000000e+00s  provider=0  solves=0  iterations=0
  certificate  stage=STEP 5  complete  reason=step5_complete  wall=1.208224e-01s  cpu=1.208240e-01s  provider=118  solves=6  iterations=105

STEP 6
  certificate  stage=STEP 6  complete  reason=candidate_set  wall=5.110000e-06s  cpu=5.000000e-06s  provider=0  solves=0  iterations=0

STEP 8
  certificate  stage=STEP 8  complete  reason=step8_complete  wall=8.542021e-02s  cpu=8.542200e-02s  provider=214  solves=2  iterations=18

STEP 9
  certificate  stage=STEP 9  failed  objective=-8.436775e+00  upper=-8.435584e+00  gap= 1.190564e-03  wall=0.000000e+00s  cpu=0.000000e+00s  provider=0  solves=0  iterations=0
  certificate  stage=STEP 9  complete  reason=paper_free_energy_convergence_failed  wall=2.206628e-03s  cpu=2.206000e-03s  provider=3  solves=0  iterations=0

STEP 7
  certificate  stage=STEP 7  complete  reason=continue_stage_ii  wall=1.090000e-06s  cpu=1.000000e-06s  provider=0  solves=0  iterations=0

STEP 4
  STAGE II STEP 4  major=6  upper=-8.436587e+00  LP_primal= 1.776357e-15  LP_dual= 2.255141e-17  active_cuts=11  certified
  certificate  stage=STEP 4  complete  reason=step4_complete  wall=2.866380e-04s  cpu=2.870000e-04s  provider=0  solves=1  iterations=1

STEP 5
  certificate  stage=STEP 5 LOCAL  major=6  attempt=14  accepted  reason=success  P rel.= 5.616781e-14  objective=-5.329100e+00  upper=-8.436587e+00  gap=-3.107487e+00  wall=0.000000e+00s  cpu=0.000000e+00s  provider=0  solves=0  iterations=0
  certificate  stage=STEP 5 LOCAL  major=6  attempt=15  accepted  reason=success  P rel.= 6.205753e-14  objective=-5.329100e+00  upper=-8.436587e+00  gap=-3.107487e+00  wall=0.000000e+00s  cpu=0.000000e+00s  provider=0  solves=0  iterations=0
  certificate  stage=STEP 5 LOCAL  major=6  attempt=16  accepted  reason=success  P rel.=-5.459541e-09  objective=-8.437334e+00  upper=-8.436587e+00  gap= 7.477470e-04  wall=0.000000e+00s  cpu=0.000000e+00s  provider=0  solves=0  iterations=0
  certificate  stage=STEP 5  complete  reason=step5_complete  wall=5.421115e-02s  cpu=5.420600e-02s  provider=54  solves=3  iterations=47

STEP 6
  certificate  stage=STEP 6  complete  reason=candidate_set  wall=4.560000e-06s  cpu=5.000000e-06s  provider=0  solves=0  iterations=0

STEP 8
  certificate  stage=STEP 8  complete  reason=step8_complete  wall=8.540788e-02s  cpu=8.541000e-02s  provider=194  solves=2  iterations=18

STEP 9
  certificate  stage=STEP 9  failed  objective=-8.437223e+00  upper=-8.436587e+00  gap= 6.361287e-04  wall=0.000000e+00s  cpu=0.000000e+00s  provider=0  solves=0  iterations=0
  certificate  stage=STEP 9  complete  reason=paper_free_energy_convergence_failed  wall=2.236678e-03s  cpu=2.236000e-03s  provider=3  solves=0  iterations=0

STEP 7
  certificate  stage=STEP 7  complete  reason=continue_stage_ii  wall=1.090000e-06s  cpu=1.000000e-06s  provider=0  solves=0  iterations=0

STEP 4
  STAGE II STEP 4  major=7  upper=-8.437074e+00  LP_primal= 3.552714e-15  LP_dual= 1.040834e-17  active_cuts=12  certified
  certificate  stage=STEP 4  complete  reason=step4_complete  wall=2.807180e-04s  cpu=2.810000e-04s  provider=0  solves=1  iterations=1

STEP 5
  certificate  stage=STEP 5 LOCAL  major=7  attempt=17  accepted  reason=success  P rel.= 5.588050e-14  objective=-5.331277e+00  upper=-8.437074e+00  gap=-3.105798e+00  wall=0.000000e+00s  cpu=0.000000e+00s  provider=0  solves=0  iterations=0
  certificate  stage=STEP 5 LOCAL  major=7  attempt=18  accepted  reason=success  P rel.= 9.006960e-14  objective=-5.331277e+00  upper=-8.437074e+00  gap=-3.105798e+00  wall=0.000000e+00s  cpu=0.000000e+00s  provider=0  solves=0  iterations=0
  certificate  stage=STEP 5 LOCAL  major=7  attempt=19  accepted  reason=success  P rel.=-5.192461e-09  objective=-8.437260e+00  upper=-8.437074e+00  gap= 1.858209e-04  wall=0.000000e+00s  cpu=0.000000e+00s  provider=0  solves=0  iterations=0
  certificate  stage=STEP 5  complete  reason=step5_complete  wall=5.630814e-02s  cpu=5.631000e-02s  provider=55  solves=3  iterations=50

STEP 6
  certificate  stage=STEP 6  complete  reason=candidate_set  wall=4.960000e-06s  cpu=4.000000e-06s  provider=0  solves=0  iterations=0

STEP 8
  certificate  stage=STEP 8  indeterminate  reason=problem_67_not_converged  wall=3.400234e-01s  cpu=3.399120e-01s  provider=895  solves=2  iterations=80
