HELD2.0  case=installed-held2-paper-rewrite  T=2.981500e+02 K  P=1.013000e+05 Pa

STEP 1
  certificate  stage=STEP 1  complete  reason=step1_complete  wall=3.944000e-05s  cpu=3.700000e-05s  provider=1  solves=0  iterations=0

STEP 2

REFERENCE PRESSURE ROOTS
  root   0  V= 2.936847e-05  P rel.= 2.662888e-09  G/RT=-6.354726e+00  strict_stable
  root   1  V= 5.977328e-04  P rel.=-4.788581e-09  G/RT=-1.636361e+00  unstable
  root   2  V= 2.263445e-02  P rel.= 2.252945e-10  G/RT=-2.972817e+00  strict_stable
  selected root 0  status=selected
  eval     1  TPD= 7.728865e-01  P rel.= 2.232178e-09  V= 4.684854e-05  certified
  eval     2  TPD= 3.214640e-01  P rel.=-9.329527e-09  V= 5.717807e-05  certified
  eval     3  TPD= 1.283772e+00  P rel.=-6.602069e-10  V= 3.654838e-05  certified
  eval     4  TPD= 1.500000e+00  P rel.=-8.348988e-09  V= 6.774147e-05  certified
  eval     5  TPD= 2.028405e-01  P rel.= 6.419810e-09  V= 2.643126e-05  certified
  eval     6  TPD= 1.761447e-01  P rel.=-7.663127e-09  V= 4.748642e-05  certified
  eval     7  TPD= 7.718492e-01  P rel.=-9.435112e-09  V= 2.693881e-05  certified
  eval     8  TPD= 9.678439e-02  P rel.=-5.837331e-10  V= 5.090922e-05  certified
  eval     9  TPD= 1.186248e-01  P rel.=-4.944395e-10  V= 4.268412e-05  certified
  eval    10  TPD= 2.199579e-01  P rel.=-9.163047e-09  V= 5.070499e-05  certified
  eval    11  TPD= 3.627786e-02  P rel.= 1.465926e-09  V= 4.344906e-05  certified
  eval    12  TPD= 5.133369e-01  P rel.=-3.979385e-09  V= 6.696404e-05  certified
  eval    13  TPD= 1.801575e+00  P rel.= 8.953507e-09  V= 4.626575e-05  certified
  eval    14  TPD= 6.756992e-02  P rel.= 3.055229e-09  V= 4.770266e-05  certified
  eval    15  TPD= 2.047993e-03  P rel.=-2.714228e-09  V= 3.502842e-05  certified
  eval    16  TPD= 1.175284e-02  P rel.=-8.877628e-09  V= 3.862188e-05  certified
  eval    17  TPD= 3.597920e-03  P rel.= 3.138290e-09  V= 3.004209e-05  certified
  eval    18  TPD= 2.276152e-02  P rel.=-4.353564e-09  V= 3.791081e-05  certified
  eval    19  TPD= 1.125309e-02  P rel.=-6.500796e-09  V= 3.182771e-05  certified
  eval    20  TPD= 6.685341e-03  P rel.= 5.917700e-09  V= 2.850789e-05  certified
  eval    21  TPD= 4.279799e-01  P rel.= 9.790396e-10  V= 2.601841e-05  certified
  eval    22  TPD= 3.894537e-01  P rel.= 2.716660e-09  V= 3.315917e-05  certified
  eval    23  TPD= 4.942810e-03  P rel.= 8.471695e-09  V= 1.981632e-05  certified
  eval    24  TPD= 4.685688e-03  P rel.= 5.787009e-09  V= 3.634945e-05  certified
  eval    25  TPD= 4.980000e-04  P rel.= 3.039510e-10  V= 3.355617e-05  certified
  eval    26  TPD= 6.258525e-03  P rel.= 4.204295e-09  V= 3.602510e-05  certified
  eval    27  TPD= 1.058765e-03  P rel.= 6.405744e-09  V= 3.399636e-05  certified
  eval    28  TPD=-2.176321e-03  P rel.= 2.055727e-09  V= 2.070286e-05  certified
  certificate  stage=STEP 2  complete  reason=negative_tpd_witness  wall=5.794729e+00s  cpu=5.794123e+00s  provider=7955  solves=1  iterations=28

STEP 3
  certificate  stage=STEP 3  complete  reason=step3_complete  wall=8.162387e-01s  cpu=8.161000e-01s  provider=4  solves=0  iterations=0

STEP 4
  STAGE II STEP 4  major=0  upper=-6.354726e+00  LP_primal= 8.881784e-16  LP_dual= 0.000000e+00  active_cuts=5  certified
  certificate  stage=STEP 4  complete  reason=step4_complete  wall=4.052980e-04s  cpu=4.050000e-04s  provider=0  solves=1  iterations=1

STEP 5
  certificate  stage=STEP 5 LOCAL  major=0  attempt=0  accepted  reason=success  P rel.=-2.518681e-02  objective=-6.433995e+00  upper=-6.354726e+00  gap= 7.926893e-02  wall=0.000000e+00s  cpu=0.000000e+00s  provider=0  solves=0  iterations=0
  certificate  stage=STEP 5  complete  reason=step5_complete  wall=3.952540e-02s  cpu=3.952000e-02s  provider=166  solves=1  iterations=25

STEP 6
  certificate  stage=STEP 6  complete  reason=candidate_set  wall=3.370000e-06s  cpu=3.000000e-06s  provider=0  solves=0  iterations=0

STEP 8
  certificate  stage=STEP 8  complete  reason=collapsed_phase_set  wall=3.771840e-02s  cpu=3.771900e-02s  provider=76  solves=1  iterations=10

STEP 7
  certificate  stage=STEP 7  complete  reason=continue_stage_ii  wall=1.370000e-06s  cpu=1.000000e-06s  provider=0  solves=0  iterations=0

STEP 4
  STAGE II STEP 4  major=1  upper=-6.359225e+00  LP_primal= 8.881784e-16  LP_dual= 1.387779e-17  active_cuts=6  certified
  certificate  stage=STEP 4  complete  reason=step4_complete  wall=2.583390e-04s  cpu=2.590000e-04s  provider=0  solves=1  iterations=1

STEP 5
  certificate  stage=STEP 5 LOCAL  major=1  attempt=1  accepted  reason=success  P rel.=-6.345178e-09  objective=-6.461599e+00  upper=-6.359225e+00  gap= 1.023744e-01  wall=0.000000e+00s  cpu=0.000000e+00s  provider=0  solves=0  iterations=0
  certificate  stage=STEP 5  complete  reason=step5_complete  wall=2.800871e-02s  cpu=2.800300e-02s  provider=24  solves=1  iterations=22

STEP 6
  certificate  stage=STEP 6  complete  reason=candidate_set  wall=3.030000e-06s  cpu=3.000000e-06s  provider=0  solves=0  iterations=0

STEP 8
  certificate  stage=STEP 8  complete  reason=collapsed_phase_set  wall=3.123913e-02s  cpu=3.124000e-02s  provider=56  solves=1  iterations=12

STEP 7
  certificate  stage=STEP 7  complete  reason=continue_stage_ii  wall=1.360000e-06s  cpu=1.000000e-06s  provider=0  solves=0  iterations=0

STEP 4
  STAGE II STEP 4  major=2  upper=-6.360497e+00  LP_primal= 0.000000e+00  LP_dual= 4.857226e-17  active_cuts=7  certified
  certificate  stage=STEP 4  complete  reason=step4_complete  wall=3.135090e-04s  cpu=3.130000e-04s  provider=0  solves=1  iterations=1

STEP 5
  certificate  stage=STEP 5 LOCAL  major=2  attempt=2  accepted  reason=success  P rel.= 8.130685e-14  objective=-3.268792e+00  upper=-6.360497e+00  gap=-3.091705e+00  wall=0.000000e+00s  cpu=0.000000e+00s  provider=0  solves=0  iterations=0
  certificate  stage=STEP 5 LOCAL  major=2  attempt=3  accepted  reason=success  P rel.= 8.777118e-14  objective=-3.268792e+00  upper=-6.360497e+00  gap=-3.091705e+00  wall=0.000000e+00s  cpu=0.000000e+00s  provider=0  solves=0  iterations=0
  certificate  stage=STEP 5 LOCAL  major=2  attempt=4  accepted  reason=success  P rel.=-3.441665e-09  objective=-6.387322e+00  upper=-6.360497e+00  gap= 2.682483e-02  wall=0.000000e+00s  cpu=0.000000e+00s  provider=0  solves=0  iterations=0
  certificate  stage=STEP 5  complete  reason=step5_complete  wall=6.773999e-02s  cpu=6.773400e-02s  provider=63  solves=3  iterations=56

STEP 6
  certificate  stage=STEP 6  complete  reason=candidate_set  wall=3.670000e-06s  cpu=4.000000e-06s  provider=0  solves=0  iterations=0

STEP 8
  certificate  stage=STEP 8  complete  reason=step8_complete  wall=7.442430e-02s  cpu=7.441600e-02s  provider=158  solves=2  iterations=16

STEP 9
  certificate  stage=STEP 9  failed  objective=-6.360950e+00  upper=-6.360497e+00  gap= 4.534127e-04  wall=0.000000e+00s  cpu=0.000000e+00s  provider=0  solves=0  iterations=0
  certificate  stage=STEP 9  complete  reason=paper_free_energy_convergence_failed  wall=2.427237e-03s  cpu=2.416000e-03s  provider=3  solves=0  iterations=0

STEP 7
  certificate  stage=STEP 7  complete  reason=continue_stage_ii  wall=1.070000e-06s  cpu=1.000000e-06s  provider=0  solves=0  iterations=0

STEP 4
  STAGE II STEP 4  major=3  upper=-6.361187e+00  LP_primal= 0.000000e+00  LP_dual= 1.734723e-17  active_cuts=8  certified
  certificate  stage=STEP 4  complete  reason=step4_complete  wall=2.615490e-04s  cpu=2.620000e-04s  provider=0  solves=1  iterations=1

STEP 5
  certificate  stage=STEP 5 LOCAL  major=3  attempt=5  accepted  reason=success  P rel.= 7.512983e-14  objective=-3.253195e+00  upper=-6.361187e+00  gap=-3.107992e+00  wall=0.000000e+00s  cpu=0.000000e+00s  provider=0  solves=0  iterations=0
  certificate  stage=STEP 5 LOCAL  major=3  attempt=6  accepted  reason=success  P rel.=-4.405644e-09  objective=-6.368269e+00  upper=-6.361187e+00  gap= 7.081837e-03  wall=0.000000e+00s  cpu=0.000000e+00s  provider=0  solves=0  iterations=0
  certificate  stage=STEP 5  complete  reason=step5_complete  wall=4.147864e-02s  cpu=4.147900e-02s  provider=40  solves=2  iterations=35

STEP 6
  certificate  stage=STEP 6  complete  reason=candidate_set  wall=3.730000e-06s  cpu=4.000000e-06s  provider=0  solves=0  iterations=0

STEP 8
  certificate  stage=STEP 8  complete  reason=step8_complete  wall=6.300559e-02s  cpu=6.299900e-02s  provider=135  solves=1  iterations=16

STEP 9
  certificate  stage=STEP 9  failed  objective=-6.361786e+00  upper=-6.361187e+00  gap= 5.987913e-04  wall=0.000000e+00s  cpu=0.000000e+00s  provider=0  solves=0  iterations=0
  certificate  stage=STEP 9  complete  reason=paper_free_energy_convergence_failed  wall=2.385138e-03s  cpu=2.385000e-03s  provider=3  solves=0  iterations=0

STEP 7
  certificate  stage=STEP 7  complete  reason=continue_stage_ii  wall=9.600000e-07s  cpu=1.000000e-06s  provider=0  solves=0  iterations=0

STEP 4
  STAGE II STEP 4  major=4  upper=-6.361564e+00  LP_primal= 0.000000e+00  LP_dual= 1.387779e-17  active_cuts=9  certified
  certificate  stage=STEP 4  complete  reason=step4_complete  wall=2.765490e-04s  cpu=2.770000e-04s  provider=0  solves=1  iterations=1

STEP 5
  certificate  stage=STEP 5 LOCAL  major=4  attempt=7  accepted  reason=success  P rel.=-5.068536e-09  objective=-6.363455e+00  upper=-6.361564e+00  gap= 1.890373e-03  wall=0.000000e+00s  cpu=0.000000e+00s  provider=0  solves=0  iterations=0
  certificate  stage=STEP 5  complete  reason=step5_complete  wall=2.723111e-02s  cpu=2.722500e-02s  provider=27  solves=1  iterations=20

STEP 6
  certificate  stage=STEP 6  complete  reason=candidate_set  wall=4.080000e-06s  cpu=4.000000e-06s  provider=0  solves=0  iterations=0

STEP 8
  certificate  stage=STEP 8  complete  reason=step8_complete  wall=8.564813e-02s  cpu=8.564000e-02s  provider=234  solves=2  iterations=18

STEP 9
  certificate  stage=STEP 9  failed  objective=-6.361954e+00  upper=-6.361564e+00  gap= 3.901644e-04  wall=0.000000e+00s  cpu=0.000000e+00s  provider=0  solves=0  iterations=0
  certificate  stage=STEP 9  complete  reason=paper_free_energy_convergence_failed  wall=2.363637e-03s  cpu=2.363000e-03s  provider=3  solves=0  iterations=0

STEP 7
  certificate  stage=STEP 7  complete  reason=continue_stage_ii  wall=9.200000e-07s  cpu=1.000000e-06s  provider=0  solves=0  iterations=0

STEP 4
  STAGE II STEP 4  major=5  upper=-6.361777e+00  LP_primal= 0.000000e+00  LP_dual= 6.938894e-17  active_cuts=10  certified
  certificate  stage=STEP 4  complete  reason=step4_complete  wall=2.591690e-04s  cpu=2.590000e-04s  provider=0  solves=1  iterations=1

STEP 5
  certificate  stage=STEP 5 LOCAL  major=5  attempt=8  accepted  reason=success  P rel.= 7.326236e-14  objective=-3.242761e+00  upper=-6.361777e+00  gap=-3.119016e+00  wall=0.000000e+00s  cpu=0.000000e+00s  provider=0  solves=0  iterations=0
  certificate  stage=STEP 5 LOCAL  major=5  attempt=9  accepted  reason=success  P rel.= 3.054035e-13  objective=-3.242761e+00  upper=-6.361777e+00  gap=-3.119016e+00  wall=0.000000e+00s  cpu=0.000000e+00s  provider=0  solves=0  iterations=0
  certificate  stage=STEP 5 LOCAL  major=5  attempt=10  accepted  reason=success  P rel.= 6.981472e-14  objective=-3.242761e+00  upper=-6.361777e+00  gap=-3.119016e+00  wall=0.000000e+00s  cpu=0.000000e+00s  provider=0  solves=0  iterations=0
  certificate  stage=STEP 5 LOCAL  major=5  attempt=11  accepted  reason=success  P rel.= 7.227116e-13  objective=-3.242761e+00  upper=-6.361777e+00  gap=-3.119016e+00  wall=0.000000e+00s  cpu=0.000000e+00s  provider=0  solves=0  iterations=0
  certificate  stage=STEP 5 LOCAL  major=5  attempt=12  accepted  reason=success  P rel.= 6.550517e-14  objective=-3.242761e+00  upper=-6.361777e+00  gap=-3.119016e+00  wall=0.000000e+00s  cpu=0.000000e+00s  provider=0  solves=0  iterations=0
  certificate  stage=STEP 5 LOCAL  major=5  attempt=13  accepted  reason=success  P rel.=-2.317441e-08  objective=-6.367680e+00  upper=-6.361777e+00  gap= 5.903494e-03  wall=0.000000e+00s  cpu=0.000000e+00s  provider=0  solves=0  iterations=0
  certificate  stage=STEP 5  complete  reason=step5_complete  wall=1.260934e-01s  cpu=1.260940e-01s  provider=123  solves=6  iterations=105

STEP 6
  certificate  stage=STEP 6  complete  reason=candidate_set  wall=4.690000e-06s  cpu=5.000000e-06s  provider=0  solves=0  iterations=0

STEP 8
  certificate  stage=STEP 8  complete  reason=step8_complete  wall=8.158889e-02s  cpu=8.159000e-02s  provider=186  solves=2  iterations=17

STEP 9
  certificate  stage=STEP 9  failed  objective=-6.362923e+00  upper=-6.361777e+00  gap= 1.146070e-03  wall=0.000000e+00s  cpu=0.000000e+00s  provider=0  solves=0  iterations=0
  certificate  stage=STEP 9  complete  reason=paper_free_energy_convergence_failed  wall=2.408798e-03s  cpu=2.409000e-03s  provider=3  solves=0  iterations=0

STEP 7
  certificate  stage=STEP 7  complete  reason=continue_stage_ii  wall=1.460000e-06s  cpu=1.000000e-06s  provider=0  solves=0  iterations=0

STEP 4
  STAGE II STEP 4  major=6  upper=-6.362784e+00  LP_primal= 2.664535e-15  LP_dual= 0.000000e+00  active_cuts=11  certified
  certificate  stage=STEP 4  complete  reason=step4_complete  wall=2.590790e-04s  cpu=2.590000e-04s  provider=0  solves=1  iterations=1

STEP 5
  certificate  stage=STEP 5 LOCAL  major=6  attempt=14  accepted  reason=success  P rel.= 5.774798e-14  objective=-3.233187e+00  upper=-6.362784e+00  gap=-3.129597e+00  wall=0.000000e+00s  cpu=0.000000e+00s  provider=0  solves=0  iterations=0
  certificate  stage=STEP 5 LOCAL  major=6  attempt=15  accepted  reason=success  P rel.= 4.884157e-14  objective=-3.233187e+00  upper=-6.362784e+00  gap=-3.129597e+00  wall=0.000000e+00s  cpu=0.000000e+00s  provider=0  solves=0  iterations=0
  certificate  stage=STEP 5 LOCAL  major=6  attempt=16  accepted  reason=success  P rel.=-5.495597e-09  objective=-6.363491e+00  upper=-6.362784e+00  gap= 7.071111e-04  wall=0.000000e+00s  cpu=0.000000e+00s  provider=0  solves=0  iterations=0
  certificate  stage=STEP 5  complete  reason=step5_complete  wall=5.681298e-02s  cpu=5.681400e-02s  provider=55  solves=3  iterations=47

STEP 6
  certificate  stage=STEP 6  complete  reason=candidate_set  wall=4.620000e-06s  cpu=4.000000e-06s  provider=0  solves=0  iterations=0

STEP 8
  certificate  stage=STEP 8  complete  reason=step8_complete  wall=9.969797e-02s  cpu=9.970000e-02s  provider=300  solves=2  iterations=22

STEP 9
  certificate  stage=STEP 9  failed  objective=-6.363358e+00  upper=-6.362784e+00  gap= 5.739228e-04  wall=0.000000e+00s  cpu=0.000000e+00s  provider=0  solves=0  iterations=0
  certificate  stage=STEP 9  complete  reason=paper_free_energy_convergence_failed  wall=1.663171e-03s  cpu=1.663000e-03s  provider=2  solves=0  iterations=0

STEP 7
  certificate  stage=STEP 7  complete  reason=continue_stage_ii  wall=1.150000e-06s  cpu=1.000000e-06s  provider=0  solves=0  iterations=0

STEP 4
  STAGE II STEP 4  major=7  upper=-6.363326e+00  LP_primal= 2.664535e-15  LP_dual= 3.469447e-18  active_cuts=12  certified
  certificate  stage=STEP 4  complete  reason=step4_complete  wall=2.826380e-04s  cpu=2.830000e-04s  provider=0  solves=1  iterations=1

STEP 5
  certificate  stage=STEP 5 LOCAL  major=7  attempt=17  accepted  reason=success  P rel.= 7.455522e-14  objective=-3.238159e+00  upper=-6.363326e+00  gap=-3.125167e+00  wall=0.000000e+00s  cpu=0.000000e+00s  provider=0  solves=0  iterations=0
  certificate  stage=STEP 5 LOCAL  major=7  attempt=18  accepted  reason=success  P rel.= 7.872112e-14  objective=-3.238159e+00  upper=-6.363326e+00  gap=-3.125167e+00  wall=0.000000e+00s  cpu=0.000000e+00s  provider=0  solves=0  iterations=0
  certificate  stage=STEP 5 LOCAL  major=7  attempt=19  accepted  reason=success  P rel.=-5.293774e-09  objective=-6.363501e+00  upper=-6.363326e+00  gap= 1.747939e-04  wall=0.000000e+00s  cpu=0.000000e+00s  provider=0  solves=0  iterations=0
  certificate  stage=STEP 5  complete  reason=step5_complete  wall=7.907198e-02s  cpu=7.890200e-02s  provider=80  solves=3  iterations=54

STEP 6
  certificate  stage=STEP 6  complete  reason=candidate_set  wall=5.460000e-06s  cpu=5.000000e-06s  provider=0  solves=0  iterations=0

STEP 8
  certificate  stage=STEP 8  complete  reason=step8_complete  wall=5.275962e-02s  cpu=5.274500e-02s  provider=105  solves=1  iterations=12

STEP 9
  certificate  stage=STEP 9  failed  objective=-6.363359e+00  upper=-6.363326e+00  gap= 3.353383e-05  wall=0.000000e+00s  cpu=0.000000e+00s  provider=0  solves=0  iterations=0
  certificate  stage=STEP 9  complete  reason=paper_potential_convergence_failed  wall=2.893645e-03s  cpu=2.893000e-03s  provider=3  solves=0  iterations=0

STEP 7
  certificate  stage=STEP 7  complete  reason=continue_stage_ii  wall=1.540000e-06s  cpu=1.000000e-06s  provider=0  solves=0  iterations=0

STEP 4
  STAGE II STEP 4  major=8  upper=-6.363340e+00  LP_primal= 0.000000e+00  LP_dual= 1.344411e-17  active_cuts=13  certified
  certificate  stage=STEP 4  complete  reason=step4_complete  wall=4.005780e-04s  cpu=4.010000e-04s  provider=0  solves=1  iterations=1

STEP 5
  certificate  stage=STEP 5 LOCAL  major=8  attempt=20  accepted  reason=success  P rel.= 9.883236e-14  objective=-3.236160e+00  upper=-6.363340e+00  gap=-3.127180e+00  wall=0.000000e+00s  cpu=0.000000e+00s  provider=0  solves=0  iterations=0
  certificate  stage=STEP 5 LOCAL  major=8  attempt=23  accepted  reason=success  P rel.= 8.130685e-14  objective=-3.236160e+00  upper=-6.363340e+00  gap=-3.127180e+00  wall=0.000000e+00s  cpu=0.000000e+00s  provider=0  solves=0  iterations=0
  certificate  stage=STEP 5 LOCAL  major=8  attempt=24  accepted  reason=success  P rel.=-5.397490e-09  objective=-6.363384e+00  upper=-6.363340e+00  gap= 4.406453e-05  wall=0.000000e+00s  cpu=0.000000e+00s  provider=0  solves=0  iterations=0
  certificate  stage=STEP 5  complete  reason=step5_complete  wall=6.530179e-02s  cpu=6.530300e-02s  provider=63  solves=5  iterations=51

STEP 6
  certificate  stage=STEP 6  complete  reason=candidate_set  wall=6.390000e-06s  cpu=6.000000e-06s  provider=0  solves=0  iterations=0

STEP 8
  certificate  stage=STEP 8  complete  reason=step8_complete  wall=7.240214e-02s  cpu=7.238500e-02s  provider=166  solves=2  iterations=14

STEP 9
  certificate  stage=STEP 9  failed  objective=-6.363361e+00  upper=-6.363340e+00  gap= 2.090970e-05  wall=0.000000e+00s  cpu=0.000000e+00s  provider=0  solves=0  iterations=0
  certificate  stage=STEP 9  complete  reason=paper_potential_convergence_failed  wall=2.346537e-03s  cpu=2.347000e-03s  provider=3  solves=0  iterations=0

STEP 7
  certificate  stage=STEP 7  complete  reason=continue_stage_ii  wall=1.090000e-06s  cpu=1.000000e-06s  provider=0  solves=0  iterations=0

STEP 4
  STAGE II STEP 4  major=9  upper=-6.363347e+00  LP_primal= 1.776357e-15  LP_dual= 7.806256e-18  active_cuts=14  certified
  certificate  stage=STEP 4  complete  reason=step4_complete  wall=2.772180e-04s  cpu=2.780000e-04s  provider=0  solves=1  iterations=1

STEP 5
  certificate  stage=STEP 5 LOCAL  major=9  attempt=25  accepted  reason=success  P rel.= 9.208073e-14  objective=-3.235166e+00  upper=-6.363347e+00  gap=-3.128181e+00  wall=0.000000e+00s  cpu=0.000000e+00s  provider=0  solves=0  iterations=0
  certificate  stage=STEP 5 LOCAL  major=9  attempt=26  accepted  reason=success  P rel.=-5.456781e-09  objective=-6.363358e+00  upper=-6.363347e+00  gap= 1.112706e-05  wall=0.000000e+00s  cpu=0.000000e+00s  provider=0  solves=0  iterations=0
  certificate  stage=STEP 5  complete  reason=step5_complete  wall=4.612164e-02s  cpu=4.610800e-02s  provider=44  solves=2  iterations=37

STEP 6
  certificate  stage=STEP 6  complete  reason=candidate_set  wall=8.170000e-06s  cpu=8.000000e-06s  provider=0  solves=0  iterations=0

STEP 8
  certificate  stage=STEP 8  complete  reason=step8_complete  wall=8.222367e-02s  cpu=8.220400e-02s  provider=182  solves=2  iterations=16

STEP 9
  certificate  stage=STEP 9  failed  objective=-6.363362e+00  upper=-6.363347e+00  gap= 1.468453e-05  wall=0.000000e+00s  cpu=0.000000e+00s  provider=0  solves=0  iterations=0
  certificate  stage=STEP 9  complete  reason=paper_potential_convergence_failed  wall=2.464948e-03s  cpu=2.465000e-03s  provider=3  solves=0  iterations=0

STEP 7
  certificate  stage=STEP 7  complete  reason=continue_stage_ii  wall=1.210000e-06s  cpu=1.000000e-06s  provider=0  solves=0  iterations=0

STEP 4
  STAGE II STEP 4  major=10  upper=-6.363351e+00  LP_primal= 0.000000e+00  LP_dual= 5.551115e-17  active_cuts=15  certified
  certificate  stage=STEP 4  complete  reason=step4_complete  wall=2.878690e-04s  cpu=2.880000e-04s  provider=0  solves=1  iterations=1

STEP 5
  certificate  stage=STEP 5 LOCAL  major=10  attempt=27  accepted  reason=success  P rel.= 7.096393e-14  objective=-3.234664e+00  upper=-6.363351e+00  gap=-3.128687e+00  wall=0.000000e+00s  cpu=0.000000e+00s  provider=0  solves=0  iterations=0
  certificate  stage=STEP 5 LOCAL  major=10  attempt=28  accepted  reason=success  P rel.= 3.576927e-14  objective=-3.234664e+00  upper=-6.363351e+00  gap=-3.128687e+00  wall=0.000000e+00s  cpu=0.000000e+00s  provider=0  solves=0  iterations=0
  certificate  stage=STEP 5 LOCAL  major=10  attempt=29  accepted  reason=success  P rel.= 6.550517e-14  objective=-3.234664e+00  upper=-6.363351e+00  gap=-3.128687e+00  wall=0.000000e+00s  cpu=0.000000e+00s  provider=0  solves=0  iterations=0
  certificate  stage=STEP 5 LOCAL  major=10  attempt=30  accepted  reason=success  P rel.= 6.148292e-14  objective=-3.234664e+00  upper=-6.363351e+00  gap=-3.128687e+00  wall=0.000000e+00s  cpu=0.000000e+00s  provider=0  solves=0  iterations=0
  certificate  stage=STEP 5 LOCAL  major=10  attempt=31  accepted  reason=success  P rel.= 8.518545e-14  objective=-3.234664e+00  upper=-6.363351e+00  gap=-3.128687e+00  wall=0.000000e+00s  cpu=0.000000e+00s  provider=0  solves=0  iterations=0
  certificate  stage=STEP 5 LOCAL  major=10  attempt=32  accepted  reason=success  P rel.= 6.220118e-14  objective=-3.234664e+00  upper=-6.363351e+00  gap=-3.128687e+00  wall=0.000000e+00s  cpu=0.000000e+00s  provider=0  solves=0  iterations=0
  certificate  stage=STEP 5 LOCAL  major=10  attempt=33  accepted  reason=success  P rel.= 4.424472e-14  objective=-3.234664e+00  upper=-6.363351e+00  gap=-3.128687e+00  wall=0.000000e+00s  cpu=0.000000e+00s  provider=0  solves=0  iterations=0
  certificate  stage=STEP 5 LOCAL  major=10  attempt=34  accepted  reason=success  P rel.= 7.024567e-14  objective=-3.234664e+00  upper=-6.363351e+00  gap=-3.128687e+00  wall=0.000000e+00s  cpu=0.000000e+00s  provider=0  solves=0  iterations=0
  certificate  stage=STEP 5 LOCAL  major=10  attempt=35  accepted  reason=success  P rel.= 5.817893e-14  objective=-3.234664e+00  upper=-6.363351e+00  gap=-3.128687e+00  wall=0.000000e+00s  cpu=0.000000e+00s  provider=0  solves=0  iterations=0
  certificate  stage=STEP 5 LOCAL  major=10  attempt=36  accepted  reason=success  P rel.=-5.470402e-09  objective=-6.363354e+00  upper=-6.363351e+00  gap= 2.861233e-06  wall=0.000000e+00s  cpu=0.000000e+00s  provider=0  solves=0  iterations=0
  certificate  stage=STEP 5  complete  reason=step5_complete  wall=2.411270e-01s  cpu=2.409410e-01s  provider=227  solves=10  iterations=174

STEP 6
  certificate  stage=STEP 6  complete  reason=candidate_set  wall=8.980000e-06s  cpu=9.000000e-06s  provider=0  solves=0  iterations=0

STEP 8
  certificate  stage=STEP 8  indeterminate  reason=stage_iii_active_set_balance_failed  wall=8.530286e-02s  cpu=8.522600e-02s  provider=178  solves=2  iterations=18
