HELD2.0  case=installed-held2-paper-rewrite  T=2.981500e+02 K  P=1.013000e+05 Pa

STEP 1
  certificate  stage=STEP 1  complete  reason=step1_complete  wall=2.968900e-05s  cpu=2.900000e-05s  provider=1  solves=0  iterations=0

STEP 2

REFERENCE PRESSURE ROOTS
  root   0  V= 2.977295e-05  P rel.=-2.191019e-09  G/RT=-7.904318e-01  strict_stable
  root   1  V= 6.273136e-04  P rel.= 2.447489e-09  G/RT= 4.007216e+00  unstable
  root   2  V= 2.254059e-02  P rel.= 3.388200e-10  G/RT= 2.719843e+00  strict_stable
  selected root 0  status=selected
  eval     1  TPD= 1.336665e+00  P rel.= 2.232178e-09  V= 4.684854e-05  certified
  eval     2  TPD= 6.151197e-01  P rel.=-9.329527e-09  V= 5.717807e-05  certified
  eval     3  TPD= 2.117673e+00  P rel.=-6.602069e-10  V= 3.654838e-05  certified
  eval     4  TPD= 2.185598e+00  P rel.=-8.348988e-09  V= 6.774147e-05  certified
  eval     5  TPD= 6.447990e-01  P rel.= 6.419810e-09  V= 2.643126e-05  certified
  eval     6  TPD= 8.641426e-01  P rel.=-3.979385e-09  V= 6.696404e-05  certified
  eval     7  TPD= 4.126504e-01  P rel.=-7.663127e-09  V= 4.748642e-05  certified
  eval     8  TPD= 2.432492e-01  P rel.=-5.837331e-10  V= 5.090922e-05  certified
  eval     9  TPD= 3.265554e-01  P rel.=-4.944395e-10  V= 4.268412e-05  certified
  eval    10  TPD= 4.755136e-01  P rel.=-9.163047e-09  V= 5.070499e-05  certified
  eval    11  TPD= 1.382926e-01  P rel.= 1.465926e-09  V= 4.344906e-05  certified
  eval    12  TPD= 2.692626e+00  P rel.= 8.953507e-09  V= 4.626575e-05  certified
  eval    13  TPD= 1.548600e+00  P rel.=-9.435112e-09  V= 2.693881e-05  certified
  eval    14  TPD= 1.949847e-01  P rel.= 3.055229e-09  V= 4.770266e-05  certified
  eval    15  TPD= 5.326273e-02  P rel.=-2.714228e-09  V= 3.502842e-05  certified
  eval    16  TPD= 8.473903e-02  P rel.=-8.877628e-09  V= 3.862188e-05  certified
  eval    17  TPD= 2.433263e-02  P rel.= 3.138290e-09  V= 3.004209e-05  certified
  eval    18  TPD= 1.283316e-01  P rel.=-4.353564e-09  V= 3.791081e-05  certified
  eval    19  TPD= 5.995849e-03  P rel.=-6.500796e-09  V= 3.182771e-05  certified
  eval    20  TPD= 2.963970e-01  P rel.=-1.481922e-09  V= 5.412856e-05  certified
  eval    21  TPD= 6.797858e-01  P rel.= 1.134341e-10  V= 4.727004e-05  certified
  eval    22  TPD= 2.553405e-02  P rel.= 8.754177e-09  V= 3.601293e-05  certified
  eval    23  TPD= 8.056152e-03  P rel.= 2.189979e-09  V= 2.603718e-05  certified
  eval    24  TPD= 4.177085e-01  P rel.=-8.333052e-09  V= 6.060184e-05  certified
  eval    25  TPD= 8.418012e-01  P rel.= 5.023913e-10  V= 5.373922e-05  certified
  eval    26  TPD= 6.924154e-01  P rel.=-1.970907e-10  V= 6.043068e-05  certified
  eval    27  TPD= 5.429253e-01  P rel.= 1.189498e-09  V= 5.393587e-05  certified
  eval    28  TPD= 1.152882e-02  P rel.=-6.261760e-09  V= 3.336526e-05  certified
  eval    29  TPD= 2.442620e-03  P rel.= 6.087385e-09  V= 3.011572e-05  certified
  eval    30  TPD= 1.764972e-02  P rel.=-3.402671e-09  V= 3.292931e-05  certified
  eval    31  TPD= 4.341462e-04  P rel.=-3.840771e-09  V= 3.069198e-05  certified
  eval    32  TPD= 4.862915e-01  P rel.= 3.854554e-09  V= 6.385411e-05  certified
  eval    33  TPD= 3.544966e-01  P rel.= 4.986660e-09  V= 5.735973e-05  certified
  eval    34  TPD= 3.279808e-03  P rel.= 7.522672e-09  V= 3.230430e-05  certified
  eval    35  TPD= 5.695338e-04  P rel.= 2.794826e-09  V= 2.889740e-05  certified
  eval    36  TPD= 1.649472e-01  P rel.= 4.025707e-09  V= 4.094960e-05  certified
  eval    37  TPD= 8.553486e-02  P rel.= 5.485071e-10  V= 3.368490e-05  certified
  eval    38  TPD= 1.288909e-01  P rel.= 5.917700e-09  V= 2.850789e-05  certified
  eval    39  TPD= 1.044340e+00  P rel.= 9.790396e-10  V= 2.601841e-05  certified
  eval    40  TPD= 8.720188e-01  P rel.= 2.716660e-09  V= 3.315917e-05  certified
  eval    41  TPD= 4.062947e-01  P rel.= 8.471695e-09  V= 1.981632e-05  certified
  eval    42  TPD= 1.121199e-03  P rel.= 2.207963e-09  V= 3.124827e-05  certified
  eval    43  TPD= 7.185405e-05  P rel.= 5.942450e-09  V= 3.011548e-05  certified
  eval    44  TPD= 1.404950e-03  P rel.=-4.208451e-09  V= 3.107432e-05  certified
  eval    45  TPD= 8.769431e-04  P rel.= 3.471962e-09  V= 3.030587e-05  certified
  eval    46  TPD= 2.278983e-03  P rel.=-4.245931e-09  V= 2.819835e-05  certified
  eval    47  TPD= 2.488035e-02  P rel.=-6.733868e-09  V= 2.358400e-05  certified
  eval    48  TPD= 6.631174e-03  P rel.=-9.151652e-09  V= 2.741111e-05  certified
  eval    49  TPD= 1.952761e-02  P rel.=-8.580457e-09  V= 2.462549e-05  certified
  eval    50  TPD= 5.338444e-01  P rel.=-4.960102e-09  V= 4.085220e-05  certified
  certificate  stage=STEP 2  complete  reason=declared_search_complete  wall=1.016889e+01s  cpu=1.016384e+01s  provider=13985  solves=1  iterations=50
