HELD2.0  case=installed-held2-paper-rewrite  T=2.981500e+02 K  P=1.013000e+05 Pa

STEP 1
  certificate  stage=STEP 1  complete  reason=step1_complete  wall=2.360000e-05s  cpu=2.300000e-05s  provider=1  solves=0  iterations=0

STEP 2

REFERENCE PRESSURE ROOTS
  root   0  V= 2.966365e-05  P rel.= 5.511561e-09  G/RT=-1.877320e+00  strict_stable
  root   1  V= 6.204594e-04  P rel.=-4.139127e-09  G/RT= 2.903438e+00  unstable
  root   2  V= 2.256198e-02  P rel.=-3.296366e-10  G/RT= 1.605349e+00  strict_stable
  selected root 0  status=selected
  eval     1  TPD= 1.107932e+00  P rel.= 2.232178e-09  V= 4.684854e-05  certified
  eval     2  TPD= 5.182868e-01  P rel.=-9.329527e-09  V= 5.717807e-05  certified
  eval     3  TPD= 1.757041e+00  P rel.=-6.602069e-10  V= 3.654838e-05  certified
  eval     4  TPD= 1.933696e+00  P rel.=-8.348988e-09  V= 6.774147e-05  certified
  eval     5  TPD= 4.392360e-01  P rel.= 6.419810e-09  V= 2.643126e-05  certified
  eval     6  TPD= 3.266872e-01  P rel.=-7.663127e-09  V= 4.748642e-05  certified
  eval     7  TPD= 1.198838e+00  P rel.=-9.435112e-09  V= 2.693881e-05  certified
  eval     8  TPD= 2.012525e-01  P rel.=-5.837331e-10  V= 5.090922e-05  certified
  eval     9  TPD= 2.460270e-01  P rel.=-4.944395e-10  V= 4.268412e-05  certified
  eval    10  TPD= 3.859272e-01  P rel.=-9.163047e-09  V= 5.070499e-05  certified
  eval    11  TPD= 1.047500e-01  P rel.= 1.465926e-09  V= 4.344906e-05  certified
  eval    12  TPD= 7.564402e-01  P rel.=-3.979385e-09  V= 6.696404e-05  certified
  eval    13  TPD= 2.321125e+00  P rel.= 8.953507e-09  V= 4.626575e-05  certified
  eval    14  TPD= 1.566112e-01  P rel.= 3.055229e-09  V= 4.770266e-05  certified
  eval    15  TPD= 2.938199e-02  P rel.=-2.714228e-09  V= 3.502842e-05  certified
  eval    16  TPD= 5.671748e-02  P rel.=-8.877628e-09  V= 3.862188e-05  certified
  eval    17  TPD= 6.249011e-03  P rel.= 3.138290e-09  V= 3.004209e-05  certified
  eval    18  TPD= 8.516567e-02  P rel.=-4.353564e-09  V= 3.791081e-05  certified
  eval    19  TPD= 1.802827e-03  P rel.=-6.500796e-09  V= 3.182771e-05  certified
  eval    20  TPD= 2.507771e-01  P rel.=-1.481922e-09  V= 5.412856e-05  certified
  eval    21  TPD= 5.462328e-01  P rel.= 1.134341e-10  V= 4.727004e-05  certified
  eval    22  TPD= 1.648133e-02  P rel.= 8.754177e-09  V= 3.601293e-05  certified
  eval    23  TPD= 1.066670e-02  P rel.= 2.189979e-09  V= 2.603718e-05  certified
  eval    24  TPD= 6.466688e-02  P rel.= 5.917700e-09  V= 2.850789e-05  certified
  eval    25  TPD= 7.626964e-01  P rel.= 9.790396e-10  V= 2.601841e-05  certified
  eval    26  TPD= 6.587327e-01  P rel.= 2.716660e-09  V= 3.315917e-05  certified
  eval    27  TPD= 2.084549e-01  P rel.= 8.471695e-09  V= 1.981632e-05  certified
  eval    28  TPD= 5.545390e-03  P rel.=-6.261760e-09  V= 3.336526e-05  certified
  eval    29  TPD= 2.506479e-04  P rel.= 6.087385e-09  V= 3.011572e-05  certified
  eval    30  TPD= 6.849395e-03  P rel.=-3.402671e-09  V= 3.292931e-05  certified
  eval    31  TPD= 2.893161e-03  P rel.=-3.840771e-09  V= 3.069198e-05  certified
  eval    32  TPD= 4.075379e-01  P rel.=-4.960102e-09  V= 4.085220e-05  certified
  eval    33  TPD= 2.654293e-02  P rel.= 2.055727e-09  V= 2.070286e-05  certified
  eval    34  TPD= 2.293929e-03  P rel.= 9.223970e-09  V= 3.129864e-05  certified
  eval    35  TPD= 5.133532e-03  P rel.= 2.794826e-09  V= 2.889740e-05  certified
  eval    36  TPD= 2.304490e-02  P rel.= 9.438346e-09  V= 2.267971e-05  certified
  eval    37  TPD= 6.782119e-02  P rel.= 8.507484e-09  V= 2.033778e-05  certified
  eval    38  TPD= 2.961585e-02  P rel.= 6.436013e-09  V= 2.289438e-05  certified
  eval    39  TPD= 3.518554e-02  P rel.=-1.278853e-09  V= 1.853257e-05  certified
  eval    40  TPD= 3.648422e-01  P rel.=-8.333052e-09  V= 6.060184e-05  certified
  eval    41  TPD= 7.010018e-01  P rel.= 5.023913e-10  V= 5.373922e-05  certified
  eval    42  TPD= 5.919593e-01  P rel.=-1.970907e-10  V= 6.043068e-05  certified
  eval    43  TPD= 4.497156e-01  P rel.= 1.189498e-09  V= 5.393587e-05  certified
  eval    44  TPD= 4.515485e-04  P rel.=-8.693966e-09  V= 3.070754e-05  certified
  eval    45  TPD= 4.454084e-04  P rel.= 3.976387e-09  V= 2.950114e-05  certified
  eval    46  TPD= 2.885533e-04  P rel.= 5.853779e-09  V= 3.051398e-05  certified
  eval    47  TPD= 9.551424e-04  P rel.= 3.478550e-09  V= 2.971352e-05  certified
  eval    48  TPD= 1.281384e-02  P rel.= 8.240404e-09  V= 3.439333e-05  certified
  eval    49  TPD= 3.855417e-03  P rel.= 7.522672e-09  V= 3.230430e-05  certified
  eval    50  TPD= 1.335383e-02  P rel.=-1.401175e-09  V= 2.741803e-05  certified
  certificate  stage=STEP 2  complete  reason=declared_search_complete  wall=1.043211e+01s  cpu=1.042741e+01s  provider=13990  solves=1  iterations=50
