HELD2.0  case=installed-held2-paper-rewrite  T=2.981500e+02 K  P=1.013000e+05 Pa

STEP 1
  certificate  stage=STEP 1  complete  reason=step1_complete  wall=2.604000e-05s  cpu=2.500000e-05s  provider=1  solves=0  iterations=0

STEP 2

REFERENCE PRESSURE ROOTS
  root   0  V= 2.957542e-05  P rel.=-6.639322e-09  G/RT=-2.920769e+00  strict_stable
  root   1  V= 6.144454e-04  P rel.= 8.245228e-09  G/RT= 1.844622e+00  unstable
  root   2  V= 2.258114e-02  P rel.= 1.751358e-10  G/RT= 5.367914e-01  strict_stable
  selected root 0  status=selected
  eval     1  TPD= 9.973471e-01  P rel.= 2.232178e-09  V= 4.684854e-05  certified
  eval     2  TPD= 4.615775e-01  P rel.=-9.329527e-09  V= 5.717807e-05  certified
  eval     3  TPD= 1.592580e+00  P rel.=-6.602069e-10  V= 3.654838e-05  certified
  eval     4  TPD= 1.800565e+00  P rel.=-8.348988e-09  V= 6.774147e-05  certified
  eval     5  TPD= 3.511965e-01  P rel.= 6.419810e-09  V= 2.643126e-05  certified
  eval     6  TPD= 2.805549e-01  P rel.=-7.663127e-09  V= 4.748642e-05  certified
  eval     7  TPD= 1.044954e+00  P rel.=-9.435112e-09  V= 2.693881e-05  certified
  eval     8  TPD= 1.730788e-01  P rel.=-5.837331e-10  V= 5.090922e-05  certified
  eval     9  TPD= 2.051832e-01  P rel.=-4.944395e-10  V= 4.268412e-05  certified
  eval    10  TPD= 3.362692e-01  P rel.=-9.163047e-09  V= 5.070499e-05  certified
  eval    11  TPD= 8.480299e-02  P rel.= 1.465926e-09  V= 4.344906e-05  certified
  eval    12  TPD= 6.891538e-01  P rel.=-3.979385e-09  V= 6.696404e-05  certified
  eval    13  TPD= 2.146086e+00  P rel.= 8.953507e-09  V= 4.626575e-05  certified
  eval    14  TPD= 1.319632e-01  P rel.= 3.055229e-09  V= 4.770266e-05  certified
  eval    15  TPD= 1.883677e-02  P rel.=-2.714228e-09  V= 3.502842e-05  certified
  eval    16  TPD= 4.214291e-02  P rel.=-8.877628e-09  V= 3.862188e-05  certified
  eval    17  TPD= 1.344894e-03  P rel.= 3.138290e-09  V= 3.004209e-05  certified
  eval    18  TPD= 6.412920e-02  P rel.=-4.353564e-09  V= 3.791081e-05  certified
  eval    19  TPD= 2.140620e-03  P rel.=-6.500796e-09  V= 3.182771e-05  certified
  eval    20  TPD= 2.190777e-01  P rel.=-1.481922e-09  V= 5.412856e-05  certified
  eval    21  TPD= 4.786162e-01  P rel.= 1.134341e-10  V= 4.727004e-05  certified
  eval    22  TPD= 3.094378e-02  P rel.= 5.485071e-10  V= 3.368490e-05  certified
  eval    23  TPD= 1.762494e-02  P rel.= 2.189979e-09  V= 2.603718e-05  certified
  eval    24  TPD= 3.968869e-02  P rel.= 5.917700e-09  V= 2.850789e-05  certified
  eval    25  TPD= 6.403102e-01  P rel.= 9.790396e-10  V= 2.601841e-05  certified
  eval    26  TPD= 5.631779e-01  P rel.= 2.716660e-09  V= 3.315917e-05  certified
  eval    27  TPD= 1.279306e-01  P rel.= 8.471695e-09  V= 1.981632e-05  certified
  eval    28  TPD= 5.556526e-03  P rel.= 4.483482e-09  V= 3.190543e-05  certified
  eval    29  TPD= 6.720419e-04  P rel.=-7.432294e-11  V= 2.792297e-05  certified
  eval    30  TPD= 7.278244e-03  P rel.=-6.274451e-10  V= 3.129754e-05  certified
  eval    31  TPD= 3.192306e-04  P rel.= 9.059449e-09  V= 2.874636e-05  certified
  eval    32  TPD= 3.469726e-01  P rel.=-4.960102e-09  V= 4.085220e-05  certified
  eval    33  TPD= 7.079469e-03  P rel.= 2.055727e-09  V= 2.070286e-05  certified
  eval    34  TPD= 7.338716e-04  P rel.= 5.644567e-09  V= 3.070750e-05  certified
  eval    35  TPD= 5.308949e-03  P rel.= 7.443616e-09  V= 2.651724e-05  certified
  eval    36  TPD= 2.660242e-02  P rel.= 9.438346e-09  V= 2.267971e-05  certified
  eval    37  TPD= 2.393342e-02  P rel.= 8.507484e-09  V= 2.033778e-05  certified
  eval    38  TPD= 9.555442e-03  P rel.= 6.436013e-09  V= 2.289438e-05  certified
  eval    39  TPD= 1.670065e-02  P rel.=-1.278853e-09  V= 1.853257e-05  certified
  eval    40  TPD= 3.260915e-01  P rel.=-8.333052e-09  V= 6.060184e-05  certified
  eval    41  TPD= 6.263338e-01  P rel.= 5.023913e-10  V= 5.373922e-05  certified
  eval    42  TPD= 5.317243e-01  P rel.=-1.970907e-10  V= 6.043068e-05  certified
  eval    43  TPD= 3.965319e-01  P rel.= 1.189498e-09  V= 5.393587e-05  certified
  eval    44  TPD= 5.789911e-06  P rel.=-5.787515e-09  V= 2.942740e-05  certified
  eval    45  TPD= 1.215272e-03  P rel.=-4.692488e-09  V= 2.803564e-05  certified
  eval    46  TPD= 5.856400e-05  P rel.= 5.875858e-09  V= 2.918270e-05  certified
  eval    47  TPD= 1.237252e-03  P rel.=-6.385952e-09  V= 2.830562e-05  certified
  eval    48  TPD= 4.140958e-03  P rel.=-6.261760e-09  V= 3.336526e-05  certified
  eval    49  TPD= 2.535632e-03  P rel.= 6.087385e-09  V= 3.011572e-05  certified
  eval    50  TPD= 3.515993e-03  P rel.=-3.402671e-09  V= 3.292931e-05  certified
  certificate  stage=STEP 2  complete  reason=declared_search_complete  wall=1.022804e+01s  cpu=1.022593e+01s  provider=13990  solves=1  iterations=50
