HELD2.0  case=installed-held2-paper-rewrite  T=2.981500e+02 K  P=1.013000e+05 Pa

STEP 1
  certificate  stage=STEP 1  complete  reason=step1_complete  wall=2.063000e-05s  cpu=2.100000e-05s  provider=1  solves=0  iterations=0

STEP 2

REFERENCE PRESSURE ROOTS
  root   0  V= 2.950301e-05  P rel.=-4.802842e-10  G/RT=-3.924325e+00  strict_stable
  root   1  V= 6.091029e-04  P rel.=-7.937079e-09  G/RT= 8.268348e-01  unstable
  root   2  V= 2.259831e-02  P rel.=-3.268656e-10  G/RT=-4.899040e-01  strict_stable
  selected root 0  status=selected
  eval     1  TPD= 9.185092e-01  P rel.= 2.232178e-09  V= 4.684854e-05  certified
  eval     2  TPD= 4.161740e-01  P rel.=-9.329527e-09  V= 5.717807e-05  certified
  eval     3  TPD= 1.480307e+00  P rel.=-6.602069e-10  V= 3.654838e-05  certified
  eval     4  TPD= 1.699762e+00  P rel.=-8.348988e-09  V= 6.774147e-05  certified
  eval     5  TPD= 2.943232e-01  P rel.= 6.419810e-09  V= 2.643126e-05  certified
  eval     6  TPD= 2.454557e-01  P rel.=-7.663127e-09  V= 4.748642e-05  certified
  eval     7  TPD= 9.429857e-01  P rel.=-9.435112e-09  V= 2.693881e-05  certified
  eval     8  TPD= 1.491245e-01  P rel.=-5.837331e-10  V= 5.090922e-05  certified
  eval     9  TPD= 1.752362e-01  P rel.=-4.944395e-10  V= 4.268412e-05  certified
  eval    10  TPD= 2.977353e-01  P rel.=-9.163047e-09  V= 5.070499e-05  certified
  eval    11  TPD= 6.886315e-02  P rel.= 1.465926e-09  V= 4.344906e-05  certified
  eval    12  TPD= 6.334459e-01  P rel.=-3.979385e-09  V= 6.696404e-05  certified
  eval    13  TPD= 2.023510e+00  P rel.= 8.953507e-09  V= 4.626575e-05  certified
  eval    14  TPD= 1.114437e-01  P rel.= 3.055229e-09  V= 4.770266e-05  certified
  eval    15  TPD= 1.205638e-02  P rel.=-2.714228e-09  V= 3.502842e-05  certified
  eval    16  TPD= 3.143704e-02  P rel.=-8.877628e-09  V= 3.862188e-05  certified
  eval    17  TPD= 6.016660e-05  P rel.= 3.138290e-09  V= 3.004209e-05  certified
  eval    18  TPD= 4.924497e-02  P rel.=-4.353564e-09  V= 3.791081e-05  certified
  eval    19  TPD= 3.845699e-03  P rel.=-6.500796e-09  V= 3.182771e-05  certified
  eval    20  TPD= 2.519830e-02  P rel.= 5.917700e-09  V= 2.850789e-05  certified
  eval    21  TPD= 5.601288e-01  P rel.= 9.790396e-10  V= 2.601841e-05  certified
  eval    22  TPD= 4.989831e-01  P rel.= 2.716660e-09  V= 3.315917e-05  certified
  eval    23  TPD= 7.837889e-02  P rel.= 8.471695e-09  V= 1.981632e-05  certified
  eval    24  TPD= 2.067744e-02  P rel.= 5.485071e-10  V= 3.368490e-05  certified
  eval    25  TPD= 2.577980e-02  P rel.= 2.189979e-09  V= 2.603718e-05  certified
  eval    26  TPD= 3.041635e-01  P rel.=-4.960102e-09  V= 4.085220e-05  certified
  eval    27  TPD=-1.035590e-03  P rel.= 2.055727e-09  V= 2.070286e-05  certified
  certificate  stage=STEP 2  complete  reason=negative_tpd_witness  wall=5.569393e+00s  cpu=5.564551e+00s  provider=7681  solves=1  iterations=27

STEP 3
  certificate  stage=STEP 3  complete  reason=step3_complete  wall=7.776948e-01s  cpu=7.774960e-01s  provider=4  solves=0  iterations=0

STEP 4
  STAGE II STEP 4  major=0  upper=-3.924325e+00  LP_primal= 0.000000e+00  LP_dual= 0.000000e+00  active_cuts=5  certified
  certificate  stage=STEP 4  complete  reason=step4_complete  wall=6.243170e-04s  cpu=6.240000e-04s  provider=0  solves=1  iterations=1

STEP 5
  certificate  stage=STEP 5 LOCAL  major=0  attempt=0  accepted  reason=success  P rel.=-2.412298e-02  objective=-3.991424e+00  upper=-3.924325e+00  gap= 6.709857e-02  wall=0.000000e+00s  cpu=0.000000e+00s  provider=0  solves=0  iterations=0
  certificate  stage=STEP 5  complete  reason=step5_complete  wall=2.623525e-02s  cpu=2.623600e-02s  provider=154  solves=1  iterations=21

STEP 6
  certificate  stage=STEP 6  complete  reason=candidate_set  wall=4.130000e-06s  cpu=4.000000e-06s  provider=0  solves=0  iterations=0

STEP 8
  certificate  stage=STEP 8  complete  reason=collapsed_phase_set  wall=4.906576e-02s  cpu=4.906700e-02s  provider=108  solves=1  iterations=12

STEP 7
  certificate  stage=STEP 7  complete  reason=continue_stage_ii  wall=1.550000e-06s  cpu=2.000000e-06s  provider=0  solves=0  iterations=0

STEP 4
  STAGE II STEP 4  major=1  upper=-3.924325e+00  LP_primal= 0.000000e+00  LP_dual= 0.000000e+00  active_cuts=6  certified
  certificate  stage=STEP 4  complete  reason=step4_complete  wall=3.156680e-04s  cpu=3.160000e-04s  provider=0  solves=1  iterations=1

STEP 5
  certificate  stage=STEP 5 LOCAL  major=1  attempt=1  accepted  reason=success  P rel.=-7.214878e-09  objective=-4.007425e+00  upper=-3.924325e+00  gap= 8.309947e-02  wall=0.000000e+00s  cpu=0.000000e+00s  provider=0  solves=0  iterations=0
  certificate  stage=STEP 5  complete  reason=step5_complete  wall=2.612195e-02s  cpu=2.612300e-02s  provider=25  solves=1  iterations=22

STEP 6
  certificate  stage=STEP 6  complete  reason=candidate_set  wall=3.820000e-06s  cpu=3.000000e-06s  provider=0  solves=0  iterations=0

STEP 8
  certificate  stage=STEP 8  complete  reason=collapsed_phase_set  wall=3.140270e-02s  cpu=3.140400e-02s  provider=60  solves=1  iterations=13

STEP 7
  certificate  stage=STEP 7  complete  reason=continue_stage_ii  wall=1.230000e-06s  cpu=1.000000e-06s  provider=0  solves=0  iterations=0

STEP 4
  STAGE II STEP 4  major=2  upper=-3.924325e+00  LP_primal= 0.000000e+00  LP_dual= 0.000000e+00  active_cuts=7  certified
  certificate  stage=STEP 4  complete  reason=step4_complete  wall=3.376880e-04s  cpu=3.380000e-04s  provider=0  solves=1  iterations=1

STEP 5
  certificate  stage=STEP 5 LOCAL  major=2  attempt=2  accepted  reason=success  P rel.= 5.329477e-14  objective=-8.240298e-01  upper=-3.924325e+00  gap=-3.100295e+00  wall=0.000000e+00s  cpu=0.000000e+00s  provider=0  solves=0  iterations=0
  certificate  stage=STEP 5 LOCAL  major=2  attempt=3  accepted  reason=success  P rel.= 4.754871e-14  objective=-8.240298e-01  upper=-3.924325e+00  gap=-3.100295e+00  wall=0.000000e+00s  cpu=0.000000e+00s  provider=0  solves=0  iterations=0
  certificate  stage=STEP 5 LOCAL  major=2  attempt=4  accepted  reason=success  P rel.=-3.821719e-09  objective=-3.945833e+00  upper=-3.924325e+00  gap= 2.150767e-02  wall=0.000000e+00s  cpu=0.000000e+00s  provider=0  solves=0  iterations=0
  certificate  stage=STEP 5  complete  reason=step5_complete  wall=9.545477e-02s  cpu=9.545600e-02s  provider=103  solves=3  iterations=62

STEP 6
  certificate  stage=STEP 6  complete  reason=candidate_set  wall=4.420000e-06s  cpu=4.000000e-06s  provider=0  solves=0  iterations=0

STEP 8
  certificate  stage=STEP 8  complete  reason=step8_complete  wall=7.371701e-02s  cpu=7.371900e-02s  provider=198  solves=2  iterations=16

STEP 9
  certificate  stage=STEP 9  failed  objective=-3.924569e+00  upper=-3.924325e+00  gap= 2.442009e-04  wall=0.000000e+00s  cpu=0.000000e+00s  provider=0  solves=0  iterations=0
  certificate  stage=STEP 9  complete  reason=paper_free_energy_convergence_failed  wall=2.182769e-03s  cpu=2.183000e-03s  provider=3  solves=0  iterations=0

STEP 7
  certificate  stage=STEP 7  complete  reason=continue_stage_ii  wall=1.070000e-06s  cpu=1.000000e-06s  provider=0  solves=0  iterations=0

STEP 4
  STAGE II STEP 4  major=3  upper=-3.924325e+00  LP_primal= 9.769963e-15  LP_dual= 0.000000e+00  active_cuts=8  certified
  certificate  stage=STEP 4  complete  reason=step4_complete  wall=2.456590e-04s  cpu=2.460000e-04s  provider=0  solves=1  iterations=1

STEP 5
  certificate  stage=STEP 5 LOCAL  major=3  attempt=5  accepted  reason=success  P rel.= 5.947180e-14  objective=-8.044052e-01  upper=-3.924325e+00  gap=-3.119920e+00  wall=0.000000e+00s  cpu=0.000000e+00s  provider=0  solves=0  iterations=0
  certificate  stage=STEP 5 LOCAL  major=3  attempt=6  accepted  reason=success  P rel.=-4.834842e-09  objective=-3.930174e+00  upper=-3.924325e+00  gap= 5.848687e-03  wall=0.000000e+00s  cpu=0.000000e+00s  provider=0  solves=0  iterations=0
  certificate  stage=STEP 5  complete  reason=step5_complete  wall=4.023143e-02s  cpu=4.023200e-02s  provider=41  solves=2  iterations=33

STEP 6
  certificate  stage=STEP 6  complete  reason=candidate_set  wall=4.290000e-06s  cpu=4.000000e-06s  provider=0  solves=0  iterations=0

STEP 8
  certificate  stage=STEP 8  complete  reason=step8_complete  wall=1.727237e-01s  cpu=1.727070e-01s  provider=718  solves=2  iterations=41

STEP 9
  certificate  stage=STEP 9  failed  objective=-3.924580e+00  upper=-3.924325e+00  gap= 2.546067e-04  wall=0.000000e+00s  cpu=0.000000e+00s  provider=0  solves=0  iterations=0
  certificate  stage=STEP 9  complete  reason=paper_free_energy_convergence_failed  wall=2.179419e-03s  cpu=2.180000e-03s  provider=3  solves=0  iterations=0

STEP 7
  certificate  stage=STEP 7  complete  reason=continue_stage_ii  wall=9.800000e-07s  cpu=1.000000e-06s  provider=0  solves=0  iterations=0

STEP 4
  STAGE II STEP 4  major=4  upper=-3.924325e+00  LP_primal= 0.000000e+00  LP_dual= 0.000000e+00  active_cuts=9  certified
  certificate  stage=STEP 4  complete  reason=step4_complete  wall=2.582890e-04s  cpu=2.590000e-04s  provider=0  solves=1  iterations=1

STEP 5
  certificate  stage=STEP 5 LOCAL  major=4  attempt=7  accepted  reason=success  P rel.=-5.584445e-09  objective=-3.926044e+00  upper=-3.924325e+00  gap= 1.718903e-03  wall=0.000000e+00s  cpu=0.000000e+00s  provider=0  solves=0  iterations=0
  certificate  stage=STEP 5  complete  reason=step5_complete  wall=2.702751e-02s  cpu=2.702800e-02s  provider=28  solves=1  iterations=21

STEP 6
  certificate  stage=STEP 6  complete  reason=candidate_set  wall=4.680000e-06s  cpu=5.000000e-06s  provider=0  solves=0  iterations=0

STEP 8
  certificate  stage=STEP 8  complete  reason=step8_complete  wall=7.844452e-02s  cpu=7.844500e-02s  provider=202  solves=2  iterations=17

STEP 9
  certificate  stage=STEP 9  failed  objective=-3.924685e+00  upper=-3.924325e+00  gap= 3.600077e-04  wall=0.000000e+00s  cpu=0.000000e+00s  provider=0  solves=0  iterations=0
  certificate  stage=STEP 9  complete  reason=paper_free_energy_convergence_failed  wall=2.203949e-03s  cpu=2.204000e-03s  provider=3  solves=0  iterations=0

STEP 7
  certificate  stage=STEP 7  complete  reason=continue_stage_ii  wall=1.060000e-06s  cpu=2.000000e-06s  provider=0  solves=0  iterations=0

STEP 4
  STAGE II STEP 4  major=5  upper=-3.924408e+00  LP_primal= 0.000000e+00  LP_dual= 6.505213e-19  active_cuts=10  certified
  certificate  stage=STEP 4  complete  reason=step4_complete  wall=2.492290e-04s  cpu=2.500000e-04s  provider=0  solves=1  iterations=1

STEP 5
  certificate  stage=STEP 5 LOCAL  major=5  attempt=8  accepted  reason=success  P rel.= 5.171460e-14  objective=-7.891550e-01  upper=-3.924408e+00  gap=-3.135253e+00  wall=0.000000e+00s  cpu=0.000000e+00s  provider=0  solves=0  iterations=0
  certificate  stage=STEP 5 LOCAL  major=5  attempt=9  accepted  reason=success  P rel.= 3.279568e-13  objective=-7.891550e-01  upper=-3.924408e+00  gap=-3.135253e+00  wall=0.000000e+00s  cpu=0.000000e+00s  provider=0  solves=0  iterations=0
  certificate  stage=STEP 5 LOCAL  major=5  attempt=10  accepted  reason=success  P rel.= 5.243286e-14  objective=-7.891550e-01  upper=-3.924408e+00  gap=-3.135253e+00  wall=0.000000e+00s  cpu=0.000000e+00s  provider=0  solves=0  iterations=0
  certificate  stage=STEP 5 LOCAL  major=5  attempt=11  accepted  reason=success  P rel.= 7.388006e-13  objective=-7.891550e-01  upper=-3.924408e+00  gap=-3.135253e+00  wall=0.000000e+00s  cpu=0.000000e+00s  provider=0  solves=0  iterations=0
  certificate  stage=STEP 5 LOCAL  major=5  attempt=12  accepted  reason=success  P rel.= 8.705292e-14  objective=-7.891550e-01  upper=-3.924408e+00  gap=-3.135253e+00  wall=0.000000e+00s  cpu=0.000000e+00s  provider=0  solves=0  iterations=0
  certificate  stage=STEP 5 LOCAL  major=5  attempt=13  accepted  reason=success  P rel.=-6.173534e-09  objective=-3.925093e+00  upper=-3.924408e+00  gap= 6.852506e-04  wall=0.000000e+00s  cpu=0.000000e+00s  provider=0  solves=0  iterations=0
  certificate  stage=STEP 5  complete  reason=step5_complete  wall=1.371018e-01s  cpu=1.370940e-01s  provider=143  solves=6  iterations=105

STEP 6
  certificate  stage=STEP 6  complete  reason=candidate_set  wall=4.740000e-06s  cpu=5.000000e-06s  provider=0  solves=0  iterations=0

STEP 8
  certificate  stage=STEP 8  complete  reason=step8_complete  wall=6.803630e-02s  cpu=6.803000e-02s  provider=158  solves=2  iterations=14

STEP 9
  certificate  stage=STEP 9  failed  objective=-3.924876e+00  upper=-3.924408e+00  gap= 4.676427e-04  wall=0.000000e+00s  cpu=0.000000e+00s  provider=0  solves=0  iterations=0
  certificate  stage=STEP 9  complete  reason=paper_free_energy_convergence_failed  wall=2.276518e-03s  cpu=2.276000e-03s  provider=3  solves=0  iterations=0

STEP 7
  certificate  stage=STEP 7  complete  reason=continue_stage_ii  wall=1.260000e-06s  cpu=1.000000e-06s  provider=0  solves=0  iterations=0

STEP 4
  STAGE II STEP 4  major=6  upper=-3.924692e+00  LP_primal= 8.881784e-16  LP_dual= 5.551115e-17  active_cuts=11  certified
  certificate  stage=STEP 4  complete  reason=step4_complete  wall=2.612790e-04s  cpu=2.620000e-04s  provider=0  solves=1  iterations=1

STEP 5
  certificate  stage=STEP 5 LOCAL  major=6  attempt=14  accepted  reason=success  P rel.= 6.550517e-14  objective=-7.824791e-01  upper=-3.924692e+00  gap=-3.142213e+00  wall=0.000000e+00s  cpu=0.000000e+00s  provider=0  solves=0  iterations=0
  certificate  stage=STEP 5 LOCAL  major=6  attempt=15  accepted  reason=success  P rel.= 5.042174e-14  objective=-7.824791e-01  upper=-3.924692e+00  gap=-3.142213e+00  wall=0.000000e+00s  cpu=0.000000e+00s  provider=0  solves=0  iterations=0
  certificate  stage=STEP 5 LOCAL  major=6  attempt=16  accepted  reason=success  P rel.=-7.098165e-09  objective=-3.925924e+00  upper=-3.924692e+00  gap= 1.231697e-03  wall=0.000000e+00s  cpu=0.000000e+00s  provider=0  solves=0  iterations=0
  certificate  stage=STEP 5  complete  reason=step5_complete  wall=6.028991e-02s  cpu=6.028400e-02s  provider=61  solves=3  iterations=47

STEP 6
  certificate  stage=STEP 6  complete  reason=candidate_set  wall=5.470000e-06s  cpu=6.000000e-06s  provider=0  solves=0  iterations=0

STEP 8
  certificate  stage=STEP 8  complete  reason=step8_complete  wall=7.958408e-02s  cpu=7.951400e-02s  provider=170  solves=2  iterations=17

STEP 9
  certificate  stage=STEP 9  failed  objective=-3.924944e+00  upper=-3.924692e+00  gap= 2.523155e-04  wall=0.000000e+00s  cpu=0.000000e+00s  provider=0  solves=0  iterations=0
  certificate  stage=STEP 9  complete  reason=paper_free_energy_convergence_failed  wall=2.217708e-03s  cpu=2.218000e-03s  provider=3  solves=0  iterations=0

STEP 7
  certificate  stage=STEP 7  complete  reason=continue_stage_ii  wall=1.100000e-06s  cpu=2.000000e-06s  provider=0  solves=0  iterations=0

STEP 4
  STAGE II STEP 4  major=7  upper=-3.924879e+00  LP_primal= 0.000000e+00  LP_dual= 3.285133e-17  active_cuts=12  certified
  certificate  stage=STEP 4  complete  reason=step4_complete  wall=2.716790e-04s  cpu=2.720000e-04s  provider=0  solves=1  iterations=1

STEP 5
  certificate  stage=STEP 5 LOCAL  major=7  attempt=17  accepted  reason=success  P rel.= 3.217798e-14  objective=-7.862464e-01  upper=-3.924879e+00  gap=-3.138632e+00  wall=0.000000e+00s  cpu=0.000000e+00s  provider=0  solves=0  iterations=0
  certificate  stage=STEP 5 LOCAL  major=7  attempt=18  accepted  reason=success  P rel.= 5.817893e-14  objective=-7.862464e-01  upper=-3.924879e+00  gap=-3.138632e+00  wall=0.000000e+00s  cpu=0.000000e+00s  provider=0  solves=0  iterations=0
  certificate  stage=STEP 5 LOCAL  major=7  attempt=19  accepted  reason=success  P rel.=-6.595877e-09  objective=-3.925181e+00  upper=-3.924879e+00  gap= 3.025670e-04  wall=0.000000e+00s  cpu=0.000000e+00s  provider=0  solves=0  iterations=0
  certificate  stage=STEP 5  complete  reason=step5_complete  wall=8.350027e-02s  cpu=8.348400e-02s  provider=90  solves=3  iterations=54

STEP 6
  certificate  stage=STEP 6  complete  reason=candidate_set  wall=5.920000e-06s  cpu=6.000000e-06s  provider=0  solves=0  iterations=0

STEP 8
  certificate  stage=STEP 8  complete  reason=step8_complete  wall=6.855221e-02s  cpu=6.855400e-02s  provider=186  solves=2  iterations=14

STEP 9
  certificate  stage=STEP 9  failed  objective=-3.925010e+00  upper=-3.924879e+00  gap= 1.308436e-04  wall=0.000000e+00s  cpu=0.000000e+00s  provider=0  solves=0  iterations=0
  certificate  stage=STEP 9  complete  reason=paper_free_energy_convergence_failed  wall=2.276048e-03s  cpu=2.277000e-03s  provider=3  solves=0  iterations=0

STEP 7
  certificate  stage=STEP 7  complete  reason=continue_stage_ii  wall=1.280000e-06s  cpu=1.000000e-06s  provider=0  solves=0  iterations=0

STEP 4
  STAGE II STEP 4  major=8  upper=-3.924970e+00  LP_primal= 3.552714e-15  LP_dual= 1.301043e-18  active_cuts=13  certified
  certificate  stage=STEP 4  complete  reason=step4_complete  wall=2.681790e-04s  cpu=2.690000e-04s  provider=0  solves=1  iterations=1

STEP 5
  certificate  stage=STEP 5 LOCAL  major=8  attempt=20  accepted  reason=success  P rel.= 8.116320e-14  objective=-7.881831e-01  upper=-3.924970e+00  gap=-3.136787e+00  wall=0.000000e+00s  cpu=0.000000e+00s  provider=0  solves=0  iterations=0
  certificate  stage=STEP 5 LOCAL  major=8  attempt=23  accepted  reason=success  P rel.= 7.354966e-14  objective=-7.881831e-01  upper=-3.924970e+00  gap=-3.136787e+00  wall=0.000000e+00s  cpu=0.000000e+00s  provider=0  solves=0  iterations=0
  certificate  stage=STEP 5 LOCAL  major=8  attempt=24  accepted  reason=success  P rel.=-6.388623e-09  objective=-3.925045e+00  upper=-3.924970e+00  gap= 7.506844e-05  wall=0.000000e+00s  cpu=0.000000e+00s  provider=0  solves=0  iterations=0
  certificate  stage=STEP 5  complete  reason=step5_complete  wall=6.648519e-02s  cpu=6.648700e-02s  provider=68  solves=5  iterations=50

STEP 6
  certificate  stage=STEP 6  complete  reason=candidate_set  wall=6.170000e-06s  cpu=6.000000e-06s  provider=0  solves=0  iterations=0

STEP 8
  certificate  stage=STEP 8  complete  reason=step8_complete  wall=1.327000e-01s  cpu=1.326800e-01s  provider=382  solves=2  iterations=31

STEP 9
  certificate  stage=STEP 9  failed  objective=-3.925042e+00  upper=-3.924970e+00  gap= 7.261168e-05  wall=0.000000e+00s  cpu=0.000000e+00s  provider=0  solves=0  iterations=0
  certificate  stage=STEP 9  complete  reason=paper_potential_convergence_failed  wall=2.179359e-03s  cpu=2.179000e-03s  provider=3  solves=0  iterations=0

STEP 7
  certificate  stage=STEP 7  complete  reason=continue_stage_ii  wall=1.060000e-06s  cpu=1.000000e-06s  provider=0  solves=0  iterations=0

STEP 4
  STAGE II STEP 4  major=9  upper=-3.925015e+00  LP_primal= 0.000000e+00  LP_dual= 8.673617e-19  active_cuts=14  certified
  certificate  stage=STEP 4  complete  reason=step4_complete  wall=2.764880e-04s  cpu=2.770000e-04s  provider=0  solves=1  iterations=1

STEP 5
  certificate  stage=STEP 5 LOCAL  major=9  attempt=25  accepted  reason=success  P rel.= 6.220118e-14  objective=-7.891657e-01  upper=-3.925015e+00  gap=-3.135849e+00  wall=0.000000e+00s  cpu=0.000000e+00s  provider=0  solves=0  iterations=0
  certificate  stage=STEP 5 LOCAL  major=9  attempt=26  accepted  reason=success  P rel.=-6.315977e-09  objective=-3.925034e+00  upper=-3.925015e+00  gap= 1.876660e-05  wall=0.000000e+00s  cpu=0.000000e+00s  provider=0  solves=0  iterations=0
  certificate  stage=STEP 5  complete  reason=step5_complete  wall=5.139948e-02s  cpu=5.139100e-02s  provider=53  solves=2  iterations=41

STEP 6
  certificate  stage=STEP 6  complete  reason=candidate_set  wall=8.220000e-06s  cpu=8.000000e-06s  provider=0  solves=0  iterations=0

STEP 8
  certificate  stage=STEP 8  complete  reason=step8_complete  wall=3.026664e-01s  cpu=3.026580e-01s  provider=1208  solves=2  iterations=76

STEP 9
  certificate  stage=STEP 9  failed  objective=-3.925049e+00  upper=-3.925015e+00  gap= 3.421046e-05  wall=0.000000e+00s  cpu=0.000000e+00s  provider=0  solves=0  iterations=0
  certificate  stage=STEP 9  complete  reason=paper_potential_convergence_failed  wall=1.527282e-03s  cpu=1.527000e-03s  provider=2  solves=0  iterations=0

STEP 7
  certificate  stage=STEP 7  complete  reason=continue_stage_ii  wall=1.170000e-06s  cpu=1.000000e-06s  provider=0  solves=0  iterations=0

STEP 4
  STAGE II STEP 4  major=10  upper=-3.925028e+00  LP_primal= 8.881784e-16  LP_dual= 8.673617e-19  active_cuts=15  certified
  certificate  stage=STEP 4  complete  reason=step4_complete  wall=2.950180e-04s  cpu=2.960000e-04s  provider=0  solves=1  iterations=1

STEP 5
  certificate  stage=STEP 5 LOCAL  major=10  attempt=27  accepted  reason=success  P rel.= 6.636708e-14  objective=-7.887275e-01  upper=-3.925028e+00  gap=-3.136301e+00  wall=0.000000e+00s  cpu=0.000000e+00s  provider=0  solves=0  iterations=0
  certificate  stage=STEP 5 LOCAL  major=10  attempt=28  accepted  reason=success  P rel.= 5.487494e-14  objective=-7.887275e-01  upper=-3.925028e+00  gap=-3.136301e+00  wall=0.000000e+00s  cpu=0.000000e+00s  provider=0  solves=0  iterations=0
  certificate  stage=STEP 5 LOCAL  major=10  attempt=29  accepted  reason=success  P rel.= 7.038932e-14  objective=-7.887275e-01  upper=-3.925028e+00  gap=-3.136301e+00  wall=0.000000e+00s  cpu=0.000000e+00s  provider=0  solves=0  iterations=0
  certificate  stage=STEP 5 LOCAL  major=10  attempt=30  accepted  reason=success  P rel.= 5.415668e-14  objective=-7.887275e-01  upper=-3.925028e+00  gap=-3.136301e+00  wall=0.000000e+00s  cpu=0.000000e+00s  provider=0  solves=0  iterations=0
  certificate  stage=STEP 5 LOCAL  major=10  attempt=31  accepted  reason=success  P rel.= 6.722899e-14  objective=-7.887275e-01  upper=-3.925028e+00  gap=-3.136301e+00  wall=0.000000e+00s  cpu=0.000000e+00s  provider=0  solves=0  iterations=0
  certificate  stage=STEP 5 LOCAL  major=10  attempt=32  accepted  reason=success  P rel.= 6.967107e-14  objective=-7.887275e-01  upper=-3.925028e+00  gap=-3.136301e+00  wall=0.000000e+00s  cpu=0.000000e+00s  provider=0  solves=0  iterations=0
  certificate  stage=STEP 5 LOCAL  major=10  attempt=33  accepted  reason=success  P rel.= 6.967107e-14  objective=-7.887275e-01  upper=-3.925028e+00  gap=-3.136301e+00  wall=0.000000e+00s  cpu=0.000000e+00s  provider=0  solves=0  iterations=0
  certificate  stage=STEP 5 LOCAL  major=10  attempt=34  accepted  reason=success  P rel.= 9.179342e-14  objective=-7.887275e-01  upper=-3.925028e+00  gap=-3.136301e+00  wall=0.000000e+00s  cpu=0.000000e+00s  provider=0  solves=0  iterations=0
  certificate  stage=STEP 5 LOCAL  major=10  attempt=35  accepted  reason=success  P rel.= 6.564882e-14  objective=-7.887275e-01  upper=-3.925028e+00  gap=-3.136301e+00  wall=0.000000e+00s  cpu=0.000000e+00s  provider=0  solves=0  iterations=0
  certificate  stage=STEP 5 LOCAL  major=10  attempt=36  accepted  reason=success  P rel.=-2.213849e-08  objective=-3.927728e+00  upper=-3.925028e+00  gap= 2.699769e-03  wall=0.000000e+00s  cpu=0.000000e+00s  provider=0  solves=0  iterations=0
  certificate  stage=STEP 5  complete  reason=step5_complete  wall=3.955572e-01s  cpu=3.954480e-01s  provider=447  solves=10  iterations=187

STEP 6
  certificate  stage=STEP 6  complete  reason=candidate_set  wall=9.970000e-06s  cpu=1.000000e-05s  provider=0  solves=0  iterations=0

STEP 8
  certificate  stage=STEP 8  complete  reason=step8_complete  wall=5.514989e-02s  cpu=5.515100e-02s  provider=117  solves=2  iterations=15

STEP 9
  certificate  stage=STEP 9  failed  objective=-3.925191e+00  upper=-3.925028e+00  gap= 1.630528e-04  wall=0.000000e+00s  cpu=0.000000e+00s  provider=0  solves=0  iterations=0
  certificate  stage=STEP 9  complete  reason=paper_free_energy_convergence_failed  wall=1.496352e-03s  cpu=1.496000e-03s  provider=2  solves=0  iterations=0

STEP 7
  certificate  stage=STEP 7  complete  reason=continue_stage_ii  wall=1.160000e-06s  cpu=1.000000e-06s  provider=0  solves=0  iterations=0

STEP 4
  STAGE II STEP 4  major=11  upper=-3.925182e+00  LP_primal= 1.332268e-15  LP_dual= 4.163336e-17  active_cuts=16  certified
  certificate  stage=STEP 4  complete  reason=step4_complete  wall=2.859480e-04s  cpu=2.870000e-04s  provider=0  solves=1  iterations=1

STEP 5
  certificate  stage=STEP 5 LOCAL  major=11  attempt=37  accepted  reason=success  P rel.=-6.173534e-09  objective=-3.925192e+00  upper=-3.925182e+00  gap= 9.535857e-06  wall=0.000000e+00s  cpu=0.000000e+00s  provider=0  solves=0  iterations=0
  certificate  stage=STEP 5  complete  reason=step5_complete  wall=2.446425e-02s  cpu=2.446500e-02s  provider=25  solves=1  iterations=19

STEP 6
  certificate  stage=STEP 6  complete  reason=candidate_set  wall=9.830000e-06s  cpu=1.000000e-05s  provider=0  solves=0  iterations=0

STEP 8
  certificate  stage=STEP 8  complete  reason=step8_complete  wall=9.548054e-02s  cpu=9.547200e-02s  provider=328  solves=1  iterations=27

STEP 9
  certificate  stage=STEP 9  failed  objective=-3.925191e+00  upper=-3.925182e+00  gap= 8.949266e-06  wall=0.000000e+00s  cpu=0.000000e+00s  provider=0  solves=0  iterations=0
  certificate  stage=STEP 9  complete  reason=paper_potential_convergence_failed  wall=1.521132e-03s  cpu=1.521000e-03s  provider=2  solves=0  iterations=0

STEP 7
  certificate  stage=STEP 7  complete  reason=continue_stage_ii  wall=1.070000e-06s  cpu=1.000000e-06s  provider=0  solves=0  iterations=0

STEP 4
  STAGE II STEP 4  major=12  upper=-3.925187e+00  LP_primal= 8.881784e-16  LP_dual= 5.551115e-17  active_cuts=17  certified
  certificate  stage=STEP 4  complete  reason=step4_complete  wall=3.500980e-04s  cpu=3.510000e-04s  provider=0  solves=1  iterations=1

STEP 5
  certificate  stage=STEP 5 LOCAL  major=12  attempt=38  accepted  reason=success  P rel.= 6.119562e-14  objective=-7.844203e-01  upper=-3.925187e+00  gap=-3.140766e+00  wall=0.000000e+00s  cpu=0.000000e+00s  provider=0  solves=0  iterations=0
  certificate  stage=STEP 5 LOCAL  major=12  attempt=39  accepted  reason=success  P rel.= 6.464326e-14  objective=-7.844203e-01  upper=-3.925187e+00  gap=-3.140766e+00  wall=0.000000e+00s  cpu=0.000000e+00s  provider=0  solves=0  iterations=0
  certificate  stage=STEP 5 LOCAL  major=12  attempt=40  accepted  reason=success  P rel.= 6.478691e-14  objective=-7.844203e-01  upper=-3.925187e+00  gap=-3.140766e+00  wall=0.000000e+00s  cpu=0.000000e+00s  provider=0  solves=0  iterations=0
  certificate  stage=STEP 5 LOCAL  major=12  attempt=41  accepted  reason=success  P rel.= 6.895281e-14  objective=-7.844203e-01  upper=-3.925187e+00  gap=-3.140766e+00  wall=0.000000e+00s  cpu=0.000000e+00s  provider=0  solves=0  iterations=0
  certificate  stage=STEP 5 LOCAL  major=12  attempt=42  accepted  reason=success  P rel.= 7.067663e-14  objective=-7.844203e-01  upper=-3.925187e+00  gap=-3.140766e+00  wall=0.000000e+00s  cpu=0.000000e+00s  provider=0  solves=0  iterations=0
  certificate  stage=STEP 5 LOCAL  major=12  attempt=43  accepted  reason=success  P rel.=-6.233538e-09  objective=-3.925194e+00  upper=-3.925187e+00  gap= 7.796241e-06  wall=0.000000e+00s  cpu=0.000000e+00s  provider=0  solves=0  iterations=0
  certificate  stage=STEP 5  complete  reason=step5_complete  wall=1.346203e-01s  cpu=1.346160e-01s  provider=137  solves=6  iterations=104

STEP 6
  certificate  stage=STEP 6  complete  reason=candidate_set  wall=1.016000e-05s  cpu=1.000000e-05s  provider=0  solves=0  iterations=0

STEP 8
  certificate  stage=STEP 8  complete  reason=step8_complete  wall=4.128310e-02s  cpu=4.128400e-02s  provider=82  solves=1  iterations=15

STEP 9
  certificate  stage=STEP 9  failed  objective=-3.925191e+00  upper=-3.925187e+00  gap= 4.508259e-06  wall=0.000000e+00s  cpu=0.000000e+00s  provider=0  solves=0  iterations=0
  certificate  stage=STEP 9  complete  reason=paper_potential_convergence_failed  wall=1.497592e-03s  cpu=1.498000e-03s  provider=2  solves=0  iterations=0

STEP 7
  certificate  stage=STEP 7  complete  reason=continue_stage_ii  wall=1.190000e-06s  cpu=1.000000e-06s  provider=0  solves=0  iterations=0

STEP 4
  STAGE II STEP 4  major=13  upper=-3.925189e+00  LP_primal= 0.000000e+00  LP_dual= 1.301043e-18  active_cuts=18  certified
  certificate  stage=STEP 4  complete  reason=step4_complete  wall=2.965880e-04s  cpu=2.970000e-04s  provider=0  solves=1  iterations=1

STEP 5
  certificate  stage=STEP 5 LOCAL  major=13  attempt=44  accepted  reason=success  P rel.= 8.145050e-14  objective=-7.848739e-01  upper=-3.925189e+00  gap=-3.140315e+00  wall=0.000000e+00s  cpu=0.000000e+00s  provider=0  solves=0  iterations=0
  certificate  stage=STEP 5 LOCAL  major=13  attempt=45  accepted  reason=success  P rel.= 5.401303e-14  objective=-7.848739e-01  upper=-3.925189e+00  gap=-3.140315e+00  wall=0.000000e+00s  cpu=0.000000e+00s  provider=0  solves=0  iterations=0
  certificate  stage=STEP 5 LOCAL  major=13  attempt=47  accepted  reason=success  P rel.=-6.234073e-09  objective=-3.925191e+00  upper=-3.925189e+00  gap= 1.945728e-06  wall=0.000000e+00s  cpu=0.000000e+00s  provider=0  solves=0  iterations=0
  certificate  stage=STEP 5  complete  reason=step5_complete  wall=4.191547e-01s  cpu=4.190900e-01s  provider=541  solves=4  iterations=71

STEP 6
  certificate  stage=STEP 6  complete  reason=candidate_set  wall=9.920000e-06s  cpu=1.000000e-05s  provider=0  solves=0  iterations=0

STEP 8
  certificate  stage=STEP 8  complete  reason=step8_complete  wall=3.734809e-02s  cpu=3.734900e-02s  provider=74  solves=1  iterations=13

STEP 9
  certificate  stage=STEP 9  failed  objective=-3.925191e+00  upper=-3.925189e+00  gap= 2.262933e-06  wall=0.000000e+00s  cpu=0.000000e+00s  provider=0  solves=0  iterations=0
  certificate  stage=STEP 9  complete  reason=paper_potential_convergence_failed  wall=1.516113e-03s  cpu=1.516000e-03s  provider=2  solves=0  iterations=0

STEP 7
  certificate  stage=STEP 7  complete  reason=continue_stage_ii  wall=1.090000e-06s  cpu=1.000000e-06s  provider=0  solves=0  iterations=0

STEP 4
  STAGE II STEP 4  major=14  upper=-3.925190e+00  LP_primal= 4.440892e-16  LP_dual= 1.301043e-18  active_cuts=19  certified
  certificate  stage=STEP 4  complete  reason=step4_complete  wall=2.880080e-04s  cpu=2.890000e-04s  provider=0  solves=1  iterations=1

STEP 5
  certificate  stage=STEP 5 LOCAL  major=14  attempt=48  accepted  reason=success  P rel.= 5.736012e-13  objective=-7.851010e-01  upper=-3.925190e+00  gap=-3.140089e+00  wall=0.000000e+00s  cpu=0.000000e+00s  provider=0  solves=0  iterations=0
  certificate  stage=STEP 5 LOCAL  major=14  attempt=49  accepted  reason=success  P rel.= 5.444399e-14  objective=-7.851010e-01  upper=-3.925190e+00  gap=-3.140089e+00  wall=0.000000e+00s  cpu=0.000000e+00s  provider=0  solves=0  iterations=0
  certificate  stage=STEP 5 LOCAL  major=14  attempt=50  accepted  reason=success  P rel.=-6.185286e-09  objective=-3.925190e+00  upper=-3.925190e+00  gap= 4.860373e-07  wall=0.000000e+00s  cpu=0.000000e+00s  provider=0  solves=0  iterations=0
  certificate  stage=STEP 5  complete  reason=step5_complete  wall=7.438567e-02s  cpu=7.438100e-02s  provider=75  solves=3  iterations=61

STEP 6
  certificate  stage=STEP 6  complete  reason=candidate_set  wall=9.020000e-06s  cpu=9.000000e-06s  provider=0  solves=0  iterations=0

STEP 8
  certificate  stage=STEP 8  complete  reason=step8_complete  wall=3.751858e-02s  cpu=3.751900e-02s  provider=74  solves=1  iterations=13

STEP 9
  certificate  stage=STEP 9  failed  objective=-3.925191e+00  upper=-3.925190e+00  gap= 1.143141e-06  wall=0.000000e+00s  cpu=0.000000e+00s  provider=0  solves=0  iterations=0
  certificate  stage=STEP 9  complete  reason=paper_potential_convergence_failed  wall=1.536872e-03s  cpu=1.537000e-03s  provider=2  solves=0  iterations=0

STEP 7
  certificate  stage=STEP 7  complete  reason=continue_stage_ii  wall=1.120000e-06s  cpu=1.000000e-06s  provider=0  solves=0  iterations=0

STEP 4
  STAGE II STEP 4  major=15  upper=-3.925190e+00  LP_primal= 0.000000e+00  LP_dual= 5.204170e-18  active_cuts=20  certified
  certificate  stage=STEP 4  complete  reason=step4_complete  wall=3.215880e-04s  cpu=3.220000e-04s  provider=0  solves=1  iterations=1

STEP 5
  certificate  stage=STEP 5 LOCAL  major=15  attempt=51  accepted  reason=success  P rel.= 7.326236e-14  objective=-7.849891e-01  upper=-3.925190e+00  gap=-3.140201e+00  wall=0.000000e+00s  cpu=0.000000e+00s  provider=0  solves=0  iterations=0
  certificate  stage=STEP 5 LOCAL  major=15  attempt=52  accepted  reason=success  P rel.= 7.225680e-14  objective=-7.849891e-01  upper=-3.925190e+00  gap=-3.140201e+00  wall=0.000000e+00s  cpu=0.000000e+00s  provider=0  solves=0  iterations=0
  certificate  stage=STEP 5 LOCAL  major=15  attempt=53  accepted  reason=success  P rel.= 7.125123e-14  objective=-7.849891e-01  upper=-3.925190e+00  gap=-3.140201e+00  wall=0.000000e+00s  cpu=0.000000e+00s  provider=0  solves=0  iterations=0
  certificate  stage=STEP 5 LOCAL  major=15  attempt=54  accepted  reason=success  P rel.= 6.722899e-14  objective=-7.849891e-01  upper=-3.925190e+00  gap=-3.140201e+00  wall=0.000000e+00s  cpu=0.000000e+00s  provider=0  solves=0  iterations=0
  certificate  stage=STEP 5 LOCAL  major=15  attempt=55  accepted  reason=success  P rel.= 7.334855e-13  objective=-7.849891e-01  upper=-3.925190e+00  gap=-3.140201e+00  wall=0.000000e+00s  cpu=0.000000e+00s  provider=0  solves=0  iterations=0
  certificate  stage=STEP 5 LOCAL  major=15  attempt=56  accepted  reason=success  P rel.= 4.467567e-13  objective=-7.849891e-01  upper=-3.925190e+00  gap=-3.140201e+00  wall=0.000000e+00s  cpu=0.000000e+00s  provider=0  solves=0  iterations=0
  certificate  stage=STEP 5 LOCAL  major=15  attempt=57  accepted  reason=success  P rel.= 7.182584e-14  objective=-7.849891e-01  upper=-3.925190e+00  gap=-3.140201e+00  wall=0.000000e+00s  cpu=0.000000e+00s  provider=0  solves=0  iterations=0
  certificate  stage=STEP 5 LOCAL  major=15  attempt=59  accepted  reason=success  P rel.= 8.241297e-13  objective=-7.849891e-01  upper=-3.925190e+00  gap=-3.140201e+00  wall=0.000000e+00s  cpu=0.000000e+00s  provider=0  solves=0  iterations=0
  certificate  stage=STEP 5 LOCAL  major=15  attempt=60  accepted  reason=success  P rel.= 8.374893e-14  objective=-7.849891e-01  upper=-3.925190e+00  gap=-3.140201e+00  wall=0.000000e+00s  cpu=0.000000e+00s  provider=0  solves=0  iterations=0
  certificate  stage=STEP 5 LOCAL  major=15  attempt=61  accepted  reason=success  P rel.= 7.211314e-14  objective=-7.849891e-01  upper=-3.925190e+00  gap=-3.140201e+00  wall=0.000000e+00s  cpu=0.000000e+00s  provider=0  solves=0  iterations=0
  certificate  stage=STEP 5 LOCAL  major=15  attempt=62  accepted  reason=success  P rel.=-6.242441e-09  objective=-3.925190e+00  upper=-3.925190e+00  gap= 1.215620e-07  wall=0.000000e+00s  cpu=0.000000e+00s  provider=0  solves=0  iterations=0
  certificate  stage=STEP 5  complete  reason=step5_complete  wall=2.148941e-01s  cpu=2.148700e-01s  provider=214  solves=12  iterations=186

STEP 6
  certificate  stage=STEP 6  complete  reason=candidate_set  wall=1.049000e-05s  cpu=1.000000e-05s  provider=0  solves=0  iterations=0

STEP 8
  certificate  stage=STEP 8  complete  reason=step8_complete  wall=3.835838e-02s  cpu=3.835000e-02s  provider=74  solves=1  iterations=13

STEP 9
  certificate  stage=STEP 9  failed  objective=-3.925191e+00  upper=-3.925190e+00  gap= 7.927371e-07  wall=0.000000e+00s  cpu=0.000000e+00s  provider=0  solves=0  iterations=0
  certificate  stage=STEP 9  complete  reason=paper_potential_convergence_failed  wall=1.527792e-03s  cpu=1.528000e-03s  provider=2  solves=0  iterations=0

STEP 7
  certificate  stage=STEP 7  complete  reason=continue_stage_ii  wall=1.090000e-06s  cpu=1.000000e-06s  provider=0  solves=0  iterations=0

STEP 4
  STAGE II STEP 4  major=16  upper=-3.925190e+00  LP_primal= 0.000000e+00  LP_dual= 3.035766e-18  active_cuts=21  certified
  certificate  stage=STEP 4  complete  reason=step4_complete  wall=3.918280e-04s  cpu=3.930000e-04s  provider=0  solves=1  iterations=1

STEP 5
  certificate  stage=STEP 5 LOCAL  major=16  attempt=63  accepted  reason=success  P rel.=-2.201938e-08  objective=-3.925203e+00  upper=-3.925190e+00  gap= 1.255374e-05  wall=0.000000e+00s  cpu=0.000000e+00s  provider=0  solves=0  iterations=0
  certificate  stage=STEP 5  complete  reason=step5_complete  wall=2.526857e-02s  cpu=2.526300e-02s  provider=26  solves=1  iterations=21

STEP 6
  certificate  stage=STEP 6  complete  reason=candidate_set  wall=8.290000e-06s  cpu=8.000000e-06s  provider=0  solves=0  iterations=0

STEP 8
  certificate  stage=STEP 8  complete  reason=step8_complete  wall=1.385172e-01s  cpu=1.385100e-01s  provider=465  solves=2  iterations=44

STEP 9
  certificate  stage=STEP 9  passed  objective=-3.925191e+00  upper=-3.925190e+00  gap= 8.103217e-07  wall=0.000000e+00s  cpu=0.000000e+00s  provider=0  solves=0  iterations=0
  certificate  stage=STEP 9  complete  reason=step9_complete  wall=1.539532e-03s  cpu=1.540000e-03s  provider=2  solves=0  iterations=0

STEP 10
  certificate  stage=STEP 10  passed  wall=0.000000e+00s  cpu=0.000000e+00s  provider=0  solves=0  iterations=0
  certificate  stage=STEP 10  complete  reason=trace_refinement_not_required  wall=2.927195e-03s  cpu=2.927000e-03s  provider=4  solves=0  iterations=0
