HELD2.0  case=installed-held2-paper-rewrite  T=2.981500e+02 K  P=1.013000e+05 Pa

STEP 1
  certificate  stage=STEP 1  complete  reason=step1_complete  wall=2.414900e-05s  cpu=2.300000e-05s  provider=1  solves=0  iterations=0

STEP 2

REFERENCE PRESSURE ROOTS
  root   0  V= 2.946092e-05  P rel.= 8.920033e-09  G/RT=-3.979236e+00  strict_stable
  root   1  V= 6.128837e-04  P rel.=-8.461173e-09  G/RT= 8.223830e-01  unstable
  root   2  V= 2.259253e-02  P rel.= 2.196571e-10  G/RT=-4.901391e-01  strict_stable
  selected root 0  status=selected
  eval     1  TPD= 9.916036e-01  P rel.=-6.133651e-09  V= 4.695210e-05  certified
  eval     2  TPD= 4.856729e-01  P rel.= 5.231305e-09  V= 5.716482e-05  certified
  eval     3  TPD= 1.540997e+00  P rel.=-1.101067e-09  V= 3.671236e-05  certified
  eval     4  TPD= 1.853840e+00  P rel.=-3.485021e-09  V= 6.798086e-05  certified
  eval     5  TPD= 2.901566e-01  P rel.=-6.873996e-09  V= 2.645032e-05  certified
  eval     6  TPD= 2.850683e-01  P rel.=-2.442252e-09  V= 4.745678e-05  certified
  eval     7  TPD= 9.476693e-01  P rel.=-7.462639e-09  V= 2.701759e-05  certified
  eval     8  TPD= 1.866286e-01  P rel.= 9.991735e-09  V= 5.083915e-05  certified
  eval     9  TPD= 2.015821e-01  P rel.=-2.261133e-10  V= 4.265087e-05  certified
  eval    10  TPD= 3.468856e-01  P rel.= 2.154992e-09  V= 5.067947e-05  certified
  eval    11  TPD= 8.757658e-02  P rel.=-4.603194e-09  V= 4.338136e-05  certified
  eval    12  TPD= 7.358387e-01  P rel.= 2.119114e-09  V= 6.697894e-05  certified
  eval    13  TPD= 2.132311e+00  P rel.= 6.436992e-09  V= 4.652576e-05  certified
  eval    14  TPD= 1.404229e-01  P rel.=-6.858683e-09  V= 4.763269e-05  certified
  eval    15  TPD= 1.566514e-02  P rel.=-4.492801e-09  V= 3.497263e-05  certified
  eval    16  TPD= 4.043002e-02  P rel.=-5.205815e-09  V= 3.855979e-05  certified
  eval    17  TPD= 8.661324e-05  P rel.= 5.956694e-09  V= 2.999808e-05  certified
  eval    18  TPD= 5.926652e-02  P rel.= 4.066036e-09  V= 3.785870e-05  certified
  eval    19  TPD= 3.827871e-03  P rel.= 6.481506e-09  V= 3.177307e-05  certified
  eval    20  TPD= 2.478548e-02  P rel.= 1.951106e-11  V= 2.848246e-05  certified
  eval    21  TPD= 5.557621e-01  P rel.=-9.516661e-09  V= 2.606258e-05  certified
  eval    22  TPD= 5.200484e-01  P rel.= 8.627136e-09  V= 3.319987e-05  certified
  eval    23  TPD= 4.992982e-02  P rel.=-2.439225e-09  V= 1.982085e-05  certified
  eval    24  TPD= 2.409883e-02  P rel.=-4.322583e-09  V= 3.363891e-05  certified
  eval    25  TPD= 2.939870e-02  P rel.= 5.232730e-09  V= 2.600186e-05  certified
  eval    26  TPD= 3.348489e-01  P rel.=-9.162473e-10  V= 4.085172e-05  certified
  eval    27  TPD= 1.213390e-03  P rel.= 9.484818e-09  V= 2.069437e-05  certified
  eval    28  TPD= 2.927194e-03  P rel.=-8.107637e-09  V= 3.185660e-05  certified
  eval    29  TPD= 2.184223e-03  P rel.= 8.842046e-09  V= 2.788505e-05  certified
  eval    30  TPD= 3.542005e-03  P rel.=-2.130926e-09  V= 3.125218e-05  certified
  eval    31  TPD= 2.341289e-03  P rel.= 2.271706e-09  V= 2.870444e-05  certified
  eval    32  TPD= 4.294231e-02  P rel.= 9.391340e-09  V= 2.265967e-05  certified
  eval    33  TPD=-1.103629e-02  P rel.=-4.484344e-09  V= 2.033445e-05  certified
  certificate  stage=STEP 2  complete  reason=negative_tpd_witness  wall=6.746954e+00s  cpu=6.746284e+00s  provider=9314  solves=1  iterations=33

STEP 3
  certificate  stage=STEP 3  complete  reason=step3_complete  wall=7.827987e-01s  cpu=7.826220e-01s  provider=4  solves=0  iterations=0

STEP 4
  STAGE II STEP 4  major=0  upper=-3.979236e+00  LP_primal= 0.000000e+00  LP_dual= 0.000000e+00  active_cuts=5  certified
  certificate  stage=STEP 4  complete  reason=step4_complete  wall=3.666780e-04s  cpu=3.670000e-04s  provider=0  solves=1  iterations=1

STEP 5
  certificate  stage=STEP 5 LOCAL  major=0  attempt=0  accepted  reason=success  P rel.=-2.525651e-02  objective=-4.062515e+00  upper=-3.979236e+00  gap= 8.327923e-02  wall=0.000000e+00s  cpu=0.000000e+00s  provider=0  solves=0  iterations=0
  certificate  stage=STEP 5  complete  reason=step5_complete  wall=2.754229e-02s  cpu=2.754200e-02s  provider=155  solves=1  iterations=22

STEP 6
  certificate  stage=STEP 6  complete  reason=candidate_set  wall=3.290000e-06s  cpu=3.000000e-06s  provider=0  solves=0  iterations=0

STEP 8
  certificate  stage=STEP 8  complete  reason=collapsed_phase_set  wall=5.090475e-02s  cpu=5.090200e-02s  provider=108  solves=1  iterations=12

STEP 7
  certificate  stage=STEP 7  complete  reason=continue_stage_ii  wall=1.000000e-06s  cpu=1.000000e-06s  provider=0  solves=0  iterations=0

STEP 4
  STAGE II STEP 4  major=1  upper=-3.979918e+00  LP_primal= 3.552714e-15  LP_dual= 2.775558e-17  active_cuts=6  certified
  certificate  stage=STEP 4  complete  reason=step4_complete  wall=2.145480e-04s  cpu=2.150000e-04s  provider=0  solves=1  iterations=1

STEP 5
  certificate  stage=STEP 5 LOCAL  major=1  attempt=1  accepted  reason=success  P rel.=-7.405217e-09  objective=-4.075199e+00  upper=-3.979918e+00  gap= 9.528029e-02  wall=0.000000e+00s  cpu=0.000000e+00s  provider=0  solves=0  iterations=0
  certificate  stage=STEP 5  complete  reason=step5_complete  wall=2.238734e-02s  cpu=2.238700e-02s  provider=21  solves=1  iterations=20

STEP 6
  certificate  stage=STEP 6  complete  reason=insufficient_candidates  wall=2.570000e-06s  cpu=2.000000e-06s  provider=0  solves=0  iterations=0

STEP 7
  certificate  stage=STEP 7  complete  reason=continue_stage_ii  wall=8.400000e-07s  cpu=1.000000e-06s  provider=0  solves=0  iterations=0

STEP 4
  STAGE II STEP 4  major=2  upper=-3.980423e+00  LP_primal= 1.332268e-15  LP_dual= 3.122502e-17  active_cuts=7  certified
  certificate  stage=STEP 4  complete  reason=step4_complete  wall=2.200980e-04s  cpu=2.210000e-04s  provider=0  solves=1  iterations=1

STEP 5
  certificate  stage=STEP 5 LOCAL  major=2  attempt=2  accepted  reason=success  P rel.= 7.613539e-14  objective=-9.058210e-01  upper=-3.980423e+00  gap=-3.074602e+00  wall=0.000000e+00s  cpu=0.000000e+00s  provider=0  solves=0  iterations=0
  certificate  stage=STEP 5 LOCAL  major=2  attempt=3  accepted  reason=success  P rel.= 6.737264e-14  objective=-9.058210e-01  upper=-3.980423e+00  gap=-3.074602e+00  wall=0.000000e+00s  cpu=0.000000e+00s  provider=0  solves=0  iterations=0
  certificate  stage=STEP 5 LOCAL  major=2  attempt=4  accepted  reason=success  P rel.=-3.878696e-09  objective=-4.006474e+00  upper=-3.980423e+00  gap= 2.605077e-02  wall=0.000000e+00s  cpu=0.000000e+00s  provider=0  solves=0  iterations=0
  certificate  stage=STEP 5  complete  reason=step5_complete  wall=8.337350e-02s  cpu=8.337500e-02s  provider=82  solves=3  iterations=65

STEP 6
  certificate  stage=STEP 6  complete  reason=candidate_set  wall=3.010000e-06s  cpu=3.000000e-06s  provider=0  solves=0  iterations=0

STEP 8
  certificate  stage=STEP 8  indeterminate  reason=stage_iii_phase_fraction_recovery_failed  wall=6.528218e-02s  cpu=6.527700e-02s  provider=136  solves=2  iterations=15
