HELD2.0  case=installed-held2-paper-rewrite  T=2.981500e+02 K  P=1.013000e+05 Pa

STEP 1
  certificate  stage=STEP 1  complete  reason=step1_complete  wall=2.643000e-05s  cpu=2.600000e-05s  provider=1  solves=0  iterations=0

STEP 2

REFERENCE PRESSURE ROOTS
  root   0  V= 3.101981e-05  P rel.= 2.371682e-09  G/RT=-4.933890e+01  strict_stable
  root   1  V= 7.344506e-04  P rel.= 2.650864e-09  G/RT=-4.506649e+01  unstable
  root   2  V= 2.005881e-02  P rel.=-2.394784e-10  G/RT=-4.601410e+01  strict_stable
  selected root 0  status=selected
  eval     1  TPD=-2.165450e-01  P rel.=-6.133651e-09  V= 4.695210e-05  certified
  certificate  stage=STEP 2  complete  reason=negative_tpd_witness  wall=4.269526e-01s  cpu=4.269140e-01s  provider=547  solves=1  iterations=1

STEP 3
  certificate  stage=STEP 3  complete  reason=step3_complete  wall=9.198724e-01s  cpu=9.196770e-01s  provider=4  solves=0  iterations=0

STEP 4
  STAGE II STEP 4  major=0  upper=-4.936251e+01  LP_primal= 7.105427e-15  LP_dual= 6.938894e-18  active_cuts=5  certified
  certificate  stage=STEP 4  complete  reason=step4_complete  wall=4.465980e-04s  cpu=4.470000e-04s  provider=0  solves=1  iterations=1

STEP 5
  certificate  stage=STEP 5 LOCAL  major=0  attempt=0  accepted  reason=success  P rel.=-9.189800e-04  objective=-5.043439e+01  upper=-4.936251e+01  gap= 1.071886e+00  wall=0.000000e+00s  cpu=0.000000e+00s  provider=0  solves=0  iterations=0
  certificate  stage=STEP 5  complete  reason=step5_complete  wall=3.007049e-02s  cpu=3.007100e-02s  provider=155  solves=1  iterations=23

STEP 6
  certificate  stage=STEP 6  complete  reason=candidate_set  wall=2.730000e-06s  cpu=3.000000e-06s  provider=0  solves=0  iterations=0

STEP 8
  certificate  stage=STEP 8  complete  reason=problem_67_infeasible  wall=2.124280e-04s  cpu=2.130000e-04s  provider=2  solves=1  iterations=0

STEP 7
  certificate  stage=STEP 7  complete  reason=continue_stage_ii  wall=1.010000e-06s  cpu=1.000000e-06s  provider=0  solves=0  iterations=0

STEP 4
  STAGE II STEP 4  major=1  upper=-4.943502e+01  LP_primal= 7.105427e-15  LP_dual= 1.387779e-17  active_cuts=6  certified
  certificate  stage=STEP 4  complete  reason=step4_complete  wall=1.992790e-04s  cpu=1.990000e-04s  provider=0  solves=1  iterations=1

STEP 5
  certificate  stage=STEP 5 LOCAL  major=1  attempt=1  accepted  reason=success  P rel.=-9.733516e-08  objective=-4.999815e+01  upper=-4.943502e+01  gap= 5.631308e-01  wall=0.000000e+00s  cpu=0.000000e+00s  provider=0  solves=0  iterations=0
  certificate  stage=STEP 5  complete  reason=step5_complete  wall=3.021318e-02s  cpu=3.019600e-02s  provider=25  solves=1  iterations=23

STEP 6
  certificate  stage=STEP 6  complete  reason=insufficient_candidates  wall=2.940000e-06s  cpu=3.000000e-06s  provider=0  solves=0  iterations=0

STEP 7
  certificate  stage=STEP 7  complete  reason=continue_stage_ii  wall=1.080000e-06s  cpu=1.000000e-06s  provider=0  solves=0  iterations=0

STEP 4
  STAGE II STEP 4  major=2  upper=-4.981397e+01  LP_primal= 0.000000e+00  LP_dual= 1.110223e-16  active_cuts=7  certified
  certificate  stage=STEP 4  complete  reason=step4_complete  wall=2.874190e-04s  cpu=2.880000e-04s  provider=0  solves=1  iterations=1

STEP 5
  certificate  stage=STEP 5 LOCAL  major=2  attempt=2  accepted  reason=success  P rel.= 8.058859e-14  objective=-4.696970e+01  upper=-4.981397e+01  gap=-2.844269e+00  wall=0.000000e+00s  cpu=0.000000e+00s  provider=0  solves=0  iterations=0
  certificate  stage=STEP 5 LOCAL  major=2  attempt=3  accepted  reason=success  P rel.= 4.266455e-14  objective=-4.696970e+01  upper=-4.981397e+01  gap=-2.844269e+00  wall=0.000000e+00s  cpu=0.000000e+00s  provider=0  solves=0  iterations=0
  certificate  stage=STEP 5 LOCAL  major=2  attempt=4  accepted  reason=success  P rel.=-1.185775e-09  objective=-5.019670e+01  upper=-4.981397e+01  gap= 3.827308e-01  wall=0.000000e+00s  cpu=0.000000e+00s  provider=0  solves=0  iterations=0
  certificate  stage=STEP 5  complete  reason=step5_complete  wall=7.402647e-02s  cpu=7.366700e-02s  provider=65  solves=3  iterations=62

STEP 6
  certificate  stage=STEP 6  complete  reason=candidate_set  wall=2.900000e-06s  cpu=3.000000e-06s  provider=0  solves=0  iterations=0

STEP 8
  certificate  stage=STEP 8  complete  reason=problem_67_infeasible  wall=9.934900e-05s  cpu=1.000000e-04s  provider=2  solves=1  iterations=0

STEP 7
  certificate  stage=STEP 7  complete  reason=continue_stage_ii  wall=9.700000e-07s  cpu=1.000000e-06s  provider=0  solves=0  iterations=0

STEP 4
  STAGE II STEP 4  major=3  upper=-4.985257e+01  LP_primal= 0.000000e+00  LP_dual= 3.469447e-17  active_cuts=8  certified
  certificate  stage=STEP 4  complete  reason=step4_complete  wall=2.369080e-04s  cpu=2.370000e-04s  provider=0  solves=1  iterations=1

STEP 5
  certificate  stage=STEP 5 LOCAL  major=3  attempt=5  accepted  reason=success  P rel.= 4.295185e-14  objective=-4.700755e+01  upper=-4.985257e+01  gap=-2.845016e+00  wall=0.000000e+00s  cpu=0.000000e+00s  provider=0  solves=0  iterations=0
  certificate  stage=STEP 5 LOCAL  major=3  attempt=6  accepted  reason=success  P rel.=-1.023569e-09  objective=-4.995401e+01  upper=-4.985257e+01  gap= 1.014436e-01  wall=0.000000e+00s  cpu=0.000000e+00s  provider=0  solves=0  iterations=0
  certificate  stage=STEP 5  complete  reason=step5_complete  wall=4.584457e-02s  cpu=4.581900e-02s  provider=40  solves=2  iterations=36

STEP 6
  certificate  stage=STEP 6  complete  reason=candidate_set  wall=3.159000e-06s  cpu=3.000000e-06s  provider=0  solves=0  iterations=0

STEP 8
  certificate  stage=STEP 8  complete  reason=step8_complete  wall=5.128155e-02s  cpu=5.128200e-02s  provider=90  solves=1  iterations=11

STEP 9
  certificate  stage=STEP 9  failed  objective=-4.985352e+01  upper=-4.985257e+01  gap= 9.510616e-04  wall=0.000000e+00s  cpu=0.000000e+00s  provider=0  solves=0  iterations=0
  certificate  stage=STEP 9  complete  reason=paper_free_energy_convergence_failed  wall=2.478125e-03s  cpu=2.479000e-03s  provider=3  solves=0  iterations=0

STEP 7
  certificate  stage=STEP 7  complete  reason=continue_stage_ii  wall=1.180000e-06s  cpu=2.000000e-06s  provider=0  solves=0  iterations=0

STEP 4
  STAGE II STEP 4  major=4  upper=-4.987450e+01  LP_primal= 7.105427e-15  LP_dual= 2.775558e-17  active_cuts=9  certified
  certificate  stage=STEP 4  complete  reason=step4_complete  wall=2.748380e-04s  cpu=2.750000e-04s  provider=0  solves=1  iterations=1

STEP 5
  certificate  stage=STEP 5 LOCAL  major=4  attempt=7  accepted  reason=success  P rel.=-9.783879e-10  objective=-4.990452e+01  upper=-4.987450e+01  gap= 3.002087e-02  wall=0.000000e+00s  cpu=0.000000e+00s  provider=0  solves=0  iterations=0
  certificate  stage=STEP 5  complete  reason=step5_complete  wall=2.286227e-02s  cpu=2.286200e-02s  provider=20  solves=1  iterations=15

STEP 6
  certificate  stage=STEP 6  complete  reason=candidate_set  wall=3.580000e-06s  cpu=4.000000e-06s  provider=0  solves=0  iterations=0

STEP 8
  certificate  stage=STEP 8  complete  reason=step8_complete  wall=8.373485e-02s  cpu=8.373600e-02s  provider=153  solves=2  iterations=20

STEP 9
  certificate  stage=STEP 9  failed  objective=-4.987245e+01  upper=-4.987450e+01  gap=-2.049488e-03  wall=0.000000e+00s  cpu=0.000000e+00s  provider=0  solves=0  iterations=0
  certificate  stage=STEP 9  complete  reason=paper_free_energy_convergence_failed  wall=1.875949e-03s  cpu=1.871000e-03s  provider=2  solves=0  iterations=0

STEP 7
  certificate  stage=STEP 7  complete  reason=continue_stage_ii  wall=1.080000e-06s  cpu=1.000000e-06s  provider=0  solves=0  iterations=0

STEP 4
  STAGE II STEP 4  major=5  upper=-4.987509e+01  LP_primal= 1.421085e-14  LP_dual= 8.326673e-17  active_cuts=10  certified
  certificate  stage=STEP 4  complete  reason=step4_complete  wall=2.575290e-04s  cpu=2.580000e-04s  provider=0  solves=1  iterations=1

STEP 5
  certificate  stage=STEP 5 LOCAL  major=5  attempt=8  accepted  reason=success  P rel.= 4.797966e-14  objective=-4.575780e+01  upper=-4.987509e+01  gap=-4.117297e+00  wall=0.000000e+00s  cpu=0.000000e+00s  provider=0  solves=0  iterations=0
  certificate  stage=STEP 5 LOCAL  major=5  attempt=9  accepted  reason=success  P rel.= 2.072894e-13  objective=-4.703000e+01  upper=-4.987509e+01  gap=-2.845092e+00  wall=0.000000e+00s  cpu=0.000000e+00s  provider=0  solves=0  iterations=0
  certificate  stage=STEP 5 LOCAL  major=5  attempt=10  accepted  reason=success  P rel.= 4.165899e-14  objective=-4.575780e+01  upper=-4.987509e+01  gap=-4.117297e+00  wall=0.000000e+00s  cpu=0.000000e+00s  provider=0  solves=0  iterations=0
  certificate  stage=STEP 5 LOCAL  major=5  attempt=11  accepted  reason=success  P rel.= 5.582304e-13  objective=-4.703000e+01  upper=-4.987509e+01  gap=-2.845092e+00  wall=0.000000e+00s  cpu=0.000000e+00s  provider=0  solves=0  iterations=0
  certificate  stage=STEP 5 LOCAL  major=5  attempt=12  accepted  reason=success  P rel.= 6.435595e-14  objective=-4.703000e+01  upper=-4.987509e+01  gap=-2.845092e+00  wall=0.000000e+00s  cpu=0.000000e+00s  provider=0  solves=0  iterations=0
  certificate  stage=STEP 5 LOCAL  major=5  attempt=13  accepted  reason=success  P rel.=-9.970391e-10  objective=-4.988226e+01  upper=-4.987509e+01  gap= 7.169195e-03  wall=0.000000e+00s  cpu=0.000000e+00s  provider=0  solves=0  iterations=0
  certificate  stage=STEP 5  complete  reason=step5_complete  wall=1.392529e-01s  cpu=1.392540e-01s  provider=118  solves=6  iterations=104

STEP 6
  certificate  stage=STEP 6  complete  reason=candidate_set  wall=6.600000e-06s  cpu=6.000000e-06s  provider=0  solves=0  iterations=0

STEP 8
  certificate  stage=STEP 8  complete  reason=step8_complete  wall=6.807530e-02s  cpu=6.807600e-02s  provider=126  solves=1  iterations=15

STEP 9
  certificate  stage=STEP 9  failed  objective=-4.987558e+01  upper=-4.987509e+01  gap= 4.805339e-04  wall=0.000000e+00s  cpu=0.000000e+00s  provider=0  solves=0  iterations=0
  certificate  stage=STEP 9  complete  reason=paper_free_energy_convergence_failed  wall=2.736164e-03s  cpu=2.736000e-03s  provider=3  solves=0  iterations=0

STEP 7
  certificate  stage=STEP 7  complete  reason=continue_stage_ii  wall=1.710000e-06s  cpu=1.000000e-06s  provider=0  solves=0  iterations=0

STEP 4
  STAGE II STEP 4  major=6  upper=-4.987537e+01  LP_primal= 7.105427e-15  LP_dual= 2.775558e-17  active_cuts=11  certified
  certificate  stage=STEP 4  complete  reason=step4_complete  wall=2.918290e-04s  cpu=2.920000e-04s  provider=0  solves=1  iterations=1

STEP 5
  certificate  stage=STEP 5 LOCAL  major=6  attempt=14  accepted  reason=success  P rel.= 5.444399e-14  objective=-4.703030e+01  upper=-4.987537e+01  gap=-2.845073e+00  wall=0.000000e+00s  cpu=0.000000e+00s  provider=0  solves=0  iterations=0
  certificate  stage=STEP 5 LOCAL  major=6  attempt=15  accepted  reason=success  P rel.= 3.404545e-14  objective=-4.703030e+01  upper=-4.987537e+01  gap=-2.845073e+00  wall=0.000000e+00s  cpu=0.000000e+00s  provider=0  solves=0  iterations=0
  certificate  stage=STEP 5 LOCAL  major=6  attempt=16  accepted  reason=success  P rel.=-1.016847e-09  objective=-4.987719e+01  upper=-4.987537e+01  gap= 1.813058e-03  wall=0.000000e+00s  cpu=0.000000e+00s  provider=0  solves=0  iterations=0
  certificate  stage=STEP 5  complete  reason=step5_complete  wall=7.851123e-02s  cpu=7.851300e-02s  provider=64  solves=3  iterations=55

STEP 6
  certificate  stage=STEP 6  complete  reason=candidate_set  wall=6.880000e-06s  cpu=7.000000e-06s  provider=0  solves=0  iterations=0

STEP 8
  certificate  stage=STEP 8  complete  reason=step8_complete  wall=9.329504e-02s  cpu=9.329600e-02s  provider=158  solves=2  iterations=16

STEP 9
  certificate  stage=STEP 9  failed  objective=-4.987568e+01  upper=-4.987537e+01  gap= 3.075407e-04  wall=0.000000e+00s  cpu=0.000000e+00s  provider=0  solves=0  iterations=0
  certificate  stage=STEP 9  complete  reason=paper_free_energy_convergence_failed  wall=2.575524e-03s  cpu=2.576000e-03s  provider=3  solves=0  iterations=0

STEP 7
  certificate  stage=STEP 7  complete  reason=continue_stage_ii  wall=1.140000e-06s  cpu=1.000000e-06s  provider=0  solves=0  iterations=0

STEP 4
  STAGE II STEP 4  major=7  upper=-4.987552e+01  LP_primal= 0.000000e+00  LP_dual= 2.775558e-17  active_cuts=12  certified
  certificate  stage=STEP 4  complete  reason=step4_complete  wall=2.732480e-04s  cpu=2.740000e-04s  provider=0  solves=1  iterations=1

STEP 5
  certificate  stage=STEP 5 LOCAL  major=7  attempt=17  accepted  reason=success  P rel.= 5.444399e-14  objective=-4.574178e+01  upper=-4.987552e+01  gap=-4.133739e+00  wall=0.000000e+00s  cpu=0.000000e+00s  provider=0  solves=0  iterations=0
  certificate  stage=STEP 5 LOCAL  major=7  attempt=18  accepted  reason=success  P rel.= 3.505101e-14  objective=-4.703046e+01  upper=-4.987552e+01  gap=-2.845061e+00  wall=0.000000e+00s  cpu=0.000000e+00s  provider=0  solves=0  iterations=0
  certificate  stage=STEP 5 LOCAL  major=7  attempt=19  accepted  reason=success  P rel.=-1.021744e-09  objective=-4.987603e+01  upper=-4.987552e+01  gap= 5.114309e-04  wall=0.000000e+00s  cpu=0.000000e+00s  provider=0  solves=0  iterations=0
  certificate  stage=STEP 5  complete  reason=step5_complete  wall=7.362515e-02s  cpu=7.362600e-02s  provider=64  solves=3  iterations=55

STEP 6
  certificate  stage=STEP 6  complete  reason=candidate_set  wall=6.770000e-06s  cpu=7.000000e-06s  provider=0  solves=0  iterations=0

STEP 8
  certificate  stage=STEP 8  complete  reason=step8_complete  wall=9.453485e-02s  cpu=9.452100e-02s  provider=216  solves=2  iterations=20

STEP 9
  certificate  stage=STEP 9  failed  objective=-4.987574e+01  upper=-4.987552e+01  gap= 2.262362e-04  wall=0.000000e+00s  cpu=0.000000e+00s  provider=0  solves=0  iterations=0
  certificate  stage=STEP 9  complete  reason=paper_free_energy_convergence_failed  wall=1.646900e-03s  cpu=1.647000e-03s  provider=2  solves=0  iterations=0

STEP 7
  certificate  stage=STEP 7  complete  reason=continue_stage_ii  wall=1.720000e-06s  cpu=1.000000e-06s  provider=0  solves=0  iterations=0

STEP 4
  STAGE II STEP 4  major=8  upper=-4.987561e+01  LP_primal= 7.105427e-15  LP_dual= 6.938894e-18  active_cuts=13  certified
  certificate  stage=STEP 4  complete  reason=step4_complete  wall=2.640180e-04s  cpu=2.650000e-04s  provider=0  solves=1  iterations=1

STEP 5
  certificate  stage=STEP 5 LOCAL  major=8  attempt=20  accepted  reason=success  P rel.= 4.884157e-14  objective=-4.703056e+01  upper=-4.987561e+01  gap=-2.845053e+00  wall=0.000000e+00s  cpu=0.000000e+00s  provider=0  solves=0  iterations=0
  certificate  stage=STEP 5 LOCAL  major=8  attempt=23  accepted  reason=success  P rel.= 5.559320e-14  objective=-4.703056e+01  upper=-4.987561e+01  gap=-2.845053e+00  wall=0.000000e+00s  cpu=0.000000e+00s  provider=0  solves=0  iterations=0
  certificate  stage=STEP 5 LOCAL  major=8  attempt=24  accepted  reason=success  P rel.=-3.446636e-08  objective=-4.987577e+01  upper=-4.987561e+01  gap= 1.565440e-04  wall=0.000000e+00s  cpu=0.000000e+00s  provider=0  solves=0  iterations=0
  certificate  stage=STEP 5  complete  reason=step5_complete  wall=6.847912e-02s  cpu=6.834400e-02s  provider=62  solves=5  iterations=51

STEP 6
  certificate  stage=STEP 6  complete  reason=candidate_set  wall=5.480000e-06s  cpu=5.000000e-06s  provider=0  solves=0  iterations=0

STEP 8
  certificate  stage=STEP 8  complete  reason=step8_complete  wall=3.716340e-02s  cpu=3.715700e-02s  provider=68  solves=1  iterations=12

STEP 9
  certificate  stage=STEP 9  failed  objective=-4.987574e+01  upper=-4.987561e+01  gap= 1.320716e-04  wall=0.000000e+00s  cpu=0.000000e+00s  provider=0  solves=0  iterations=0
  certificate  stage=STEP 9  complete  reason=paper_free_energy_convergence_failed  wall=1.613501e-03s  cpu=1.614000e-03s  provider=2  solves=0  iterations=0

STEP 7
  certificate  stage=STEP 7  complete  reason=continue_stage_ii  wall=1.800000e-06s  cpu=1.000000e-06s  provider=0  solves=0  iterations=0

STEP 4
  STAGE II STEP 4  major=9  upper=-4.987573e+01  LP_primal= 0.000000e+00  LP_dual= 1.110223e-16  active_cuts=14  certified
  certificate  stage=STEP 4  complete  reason=step4_complete  wall=2.900680e-04s  cpu=2.910000e-04s  provider=0  solves=1  iterations=1

STEP 5
  certificate  stage=STEP 5 LOCAL  major=9  attempt=25  accepted  reason=success  P rel.= 7.283140e-14  objective=-4.573904e+01  upper=-4.987573e+01  gap=-4.136694e+00  wall=0.000000e+00s  cpu=0.000000e+00s  provider=0  solves=0  iterations=0
  certificate  stage=STEP 5 LOCAL  major=9  attempt=26  accepted  reason=success  P rel.=-1.039371e-09  objective=-4.987596e+01  upper=-4.987573e+01  gap= 2.215487e-04  wall=0.000000e+00s  cpu=0.000000e+00s  provider=0  solves=0  iterations=0
  certificate  stage=STEP 5  complete  reason=step5_complete  wall=3.773657e-02s  cpu=3.773200e-02s  provider=35  solves=2  iterations=30

STEP 6
  certificate  stage=STEP 6  complete  reason=candidate_set  wall=7.269000e-06s  cpu=8.000000e-06s  provider=0  solves=0  iterations=0

STEP 8
  certificate  stage=STEP 8  complete  reason=step8_complete  wall=6.702281e-02s  cpu=6.702400e-02s  provider=141  solves=2  iterations=18

STEP 9
  certificate  stage=STEP 9  failed  objective=-4.987574e+01  upper=-4.987573e+01  gap= 1.116682e-05  wall=0.000000e+00s  cpu=0.000000e+00s  provider=0  solves=0  iterations=0
  certificate  stage=STEP 9  complete  reason=paper_potential_convergence_failed  wall=1.580651e-03s  cpu=1.581000e-03s  provider=2  solves=0  iterations=0

STEP 7
  certificate  stage=STEP 7  complete  reason=continue_stage_ii  wall=1.590000e-06s  cpu=2.000000e-06s  provider=0  solves=0  iterations=0

STEP 4
  STAGE II STEP 4  major=10  upper=-4.987574e+01  LP_primal= 1.421085e-14  LP_dual= 3.122502e-17  active_cuts=15  certified
  certificate  stage=STEP 4  complete  reason=step4_complete  wall=2.690880e-04s  cpu=2.700000e-04s  provider=0  solves=1  iterations=1

STEP 5
  certificate  stage=STEP 5 LOCAL  major=10  attempt=27  accepted  reason=success  P rel.= 4.754871e-14  objective=-4.703053e+01  upper=-4.987574e+01  gap=-2.845207e+00  wall=0.000000e+00s  cpu=0.000000e+00s  provider=0  solves=0  iterations=0
  certificate  stage=STEP 5 LOCAL  major=10  attempt=28  accepted  reason=success  P rel.= 7.512983e-14  objective=-4.574027e+01  upper=-4.987574e+01  gap=-4.135468e+00  wall=0.000000e+00s  cpu=0.000000e+00s  provider=0  solves=0  iterations=0
  certificate  stage=STEP 5 LOCAL  major=10  attempt=29  accepted  reason=success  P rel.= 5.243286e-14  objective=-4.574027e+01  upper=-4.987574e+01  gap=-4.135468e+00  wall=0.000000e+00s  cpu=0.000000e+00s  provider=0  solves=0  iterations=0
  certificate  stage=STEP 5 LOCAL  major=10  attempt=30  accepted  reason=success  P rel.= 6.306309e-14  objective=-4.703053e+01  upper=-4.987574e+01  gap=-2.845207e+00  wall=0.000000e+00s  cpu=0.000000e+00s  provider=0  solves=0  iterations=0
  certificate  stage=STEP 5 LOCAL  major=10  attempt=31  accepted  reason=success  P rel.= 5.990275e-14  objective=-4.703053e+01  upper=-4.987574e+01  gap=-2.845207e+00  wall=0.000000e+00s  cpu=0.000000e+00s  provider=0  solves=0  iterations=0
  certificate  stage=STEP 5 LOCAL  major=10  attempt=32  accepted  reason=success  P rel.= 3.878595e-14  objective=-4.703053e+01  upper=-4.987574e+01  gap=-2.845207e+00  wall=0.000000e+00s  cpu=0.000000e+00s  provider=0  solves=0  iterations=0
  certificate  stage=STEP 5 LOCAL  major=10  attempt=33  accepted  reason=success  P rel.= 5.070904e-14  objective=-4.703053e+01  upper=-4.987574e+01  gap=-2.845207e+00  wall=0.000000e+00s  cpu=0.000000e+00s  provider=0  solves=0  iterations=0
  certificate  stage=STEP 5 LOCAL  major=10  attempt=34  accepted  reason=success  P rel.= 6.076466e-14  objective=-4.703053e+01  upper=-4.987574e+01  gap=-2.845207e+00  wall=0.000000e+00s  cpu=0.000000e+00s  provider=0  solves=0  iterations=0
  certificate  stage=STEP 5 LOCAL  major=10  attempt=35  accepted  reason=success  P rel.= 6.306309e-14  objective=-4.703053e+01  upper=-4.987574e+01  gap=-2.845207e+00  wall=0.000000e+00s  cpu=0.000000e+00s  provider=0  solves=0  iterations=0
  certificate  stage=STEP 5 LOCAL  major=10  attempt=36  accepted  reason=success  P rel.=-1.024237e-09  objective=-4.987579e+01  upper=-4.987574e+01  gap= 5.553367e-05  wall=0.000000e+00s  cpu=0.000000e+00s  provider=0  solves=0  iterations=0
  certificate  stage=STEP 5  complete  reason=step5_complete  wall=2.152983e-01s  cpu=2.152580e-01s  provider=196  solves=10  iterations=183

STEP 6
  certificate  stage=STEP 6  complete  reason=candidate_set  wall=9.740000e-06s  cpu=9.000000e-06s  provider=0  solves=0  iterations=0

STEP 8
  certificate  stage=STEP 8  indeterminate  reason=problem_67_not_converged  wall=1.319300e-01s  cpu=1.319220e-01s  provider=558  solves=2  iterations=31
