HELD2.0  case=installed-held2-paper-rewrite  T=2.981500e+02 K  P=1.013000e+05 Pa

STEP 1
  certificate  stage=STEP 1  complete  reason=step1_complete  wall=2.075000e-05s  cpu=2.100000e-05s  provider=1  solves=0  iterations=0

STEP 2

REFERENCE PRESSURE ROOTS
  root   0  V= 2.940403e-05  P rel.= 6.291078e-09  G/RT=-4.936589e+00  strict_stable
  root   1  V= 6.079836e-04  P rel.= 7.431102e-09  G/RT=-1.507573e-01  unstable
  root   2  V= 2.260788e-02  P rel.=-9.509842e-11  G/RT=-1.471485e+00  strict_stable
  selected root 0  status=selected
  eval     1  TPD= 9.261546e-01  P rel.=-6.133651e-09  V= 4.695210e-05  certified
  eval     2  TPD= 4.427884e-01  P rel.= 5.231305e-09  V= 5.716482e-05  certified
  eval     3  TPD= 1.452984e+00  P rel.=-1.101067e-09  V= 3.671236e-05  certified
  eval     4  TPD= 1.764534e+00  P rel.=-3.485021e-09  V= 6.798086e-05  certified
  eval     5  TPD= 2.485646e-01  P rel.=-6.873996e-09  V= 2.645032e-05  certified
  eval     6  TPD= 2.533760e-01  P rel.=-2.442252e-09  V= 4.745678e-05  certified
  eval     7  TPD= 8.708480e-01  P rel.=-7.462639e-09  V= 2.701759e-05  certified
  eval     8  TPD= 1.547747e-02  P rel.= 1.951106e-11  V= 2.848246e-05  certified
  eval     9  TPD= 4.961813e-01  P rel.=-9.516661e-09  V= 2.606258e-05  certified
  eval    10  TPD= 4.705041e-01  P rel.= 8.627136e-09  V= 3.319987e-05  certified
  eval    11  TPD= 1.629013e-02  P rel.=-2.439225e-09  V= 1.982085e-05  certified
  eval    12  TPD= 6.817621e-01  P rel.= 2.119114e-09  V= 6.697894e-05  certified
  eval    13  TPD= 2.033106e+00  P rel.= 6.436992e-09  V= 4.652576e-05  certified
  eval    14  TPD= 2.993658e-01  P rel.=-9.162473e-10  V= 4.085172e-05  certified
  eval    15  TPD=-4.463084e-04  P rel.= 9.484818e-09  V= 2.069437e-05  certified
  certificate  stage=STEP 2  complete  reason=negative_tpd_witness  wall=3.078681e+00s  cpu=3.078348e+00s  provider=4380  solves=1  iterations=15

STEP 3
  certificate  stage=STEP 3  complete  reason=step3_complete  wall=7.864448e-01s  cpu=7.846270e-01s  provider=4  solves=0  iterations=0

STEP 4
  STAGE II STEP 4  major=0  upper=-4.936589e+00  LP_primal= 0.000000e+00  LP_dual= 0.000000e+00  active_cuts=5  certified
  certificate  stage=STEP 4  complete  reason=step4_complete  wall=3.604680e-04s  cpu=3.610000e-04s  provider=0  solves=1  iterations=1

STEP 5
  certificate  stage=STEP 5 LOCAL  major=0  attempt=0  accepted  reason=success  P rel.=-2.569550e-02  objective=-5.026488e+00  upper=-4.936589e+00  gap= 8.989853e-02  wall=0.000000e+00s  cpu=0.000000e+00s  provider=0  solves=0  iterations=0
  certificate  stage=STEP 5  complete  reason=step5_complete  wall=2.881872e-02s  cpu=2.881900e-02s  provider=156  solves=1  iterations=22

STEP 6
  certificate  stage=STEP 6  complete  reason=candidate_set  wall=3.760000e-06s  cpu=4.000000e-06s  provider=0  solves=0  iterations=0

STEP 8
  certificate  stage=STEP 8  complete  reason=collapsed_phase_set  wall=6.992828e-02s  cpu=6.992300e-02s  provider=156  solves=1  iterations=17

STEP 7
  certificate  stage=STEP 7  complete  reason=continue_stage_ii  wall=1.000000e-06s  cpu=1.000000e-06s  provider=0  solves=0  iterations=0

STEP 4
  STAGE II STEP 4  major=1  upper=-4.940226e+00  LP_primal= 0.000000e+00  LP_dual= 1.387779e-17  active_cuts=6  certified
  certificate  stage=STEP 4  complete  reason=step4_complete  wall=2.357680e-04s  cpu=2.370000e-04s  provider=0  solves=1  iterations=1

STEP 5
  certificate  stage=STEP 5 LOCAL  major=1  attempt=1  accepted  reason=success  P rel.=-7.047419e-09  objective=-5.043865e+00  upper=-4.940226e+00  gap= 1.036394e-01  wall=0.000000e+00s  cpu=0.000000e+00s  provider=0  solves=0  iterations=0
  certificate  stage=STEP 5  complete  reason=step5_complete  wall=2.588235e-02s  cpu=2.588200e-02s  provider=24  solves=1  iterations=23

STEP 6
  certificate  stage=STEP 6  complete  reason=insufficient_candidates  wall=2.890000e-06s  cpu=3.000000e-06s  provider=0  solves=0  iterations=0

STEP 7
  certificate  stage=STEP 7  complete  reason=continue_stage_ii  wall=8.100000e-07s  cpu=1.000000e-06s  provider=0  solves=0  iterations=0

STEP 4
  STAGE II STEP 4  major=2  upper=-4.940742e+00  LP_primal= 2.664535e-15  LP_dual= 5.377643e-17  active_cuts=7  certified
  certificate  stage=STEP 4  complete  reason=step4_complete  wall=2.294390e-04s  cpu=2.300000e-04s  provider=0  solves=1  iterations=1

STEP 5
  certificate  stage=STEP 5 LOCAL  major=2  attempt=2  accepted  reason=success  P rel.= 7.225680e-14  objective=-1.869119e+00  upper=-4.940742e+00  gap=-3.071623e+00  wall=0.000000e+00s  cpu=0.000000e+00s  provider=0  solves=0  iterations=0
  certificate  stage=STEP 5 LOCAL  major=2  attempt=3  accepted  reason=success  P rel.= 8.360528e-14  objective=-1.869119e+00  upper=-4.940742e+00  gap=-3.071623e+00  wall=0.000000e+00s  cpu=0.000000e+00s  provider=0  solves=0  iterations=0
  certificate  stage=STEP 5 LOCAL  major=2  attempt=4  accepted  reason=success  P rel.=-3.716846e-09  objective=-4.968940e+00  upper=-4.940742e+00  gap= 2.819851e-02  wall=0.000000e+00s  cpu=0.000000e+00s  provider=0  solves=0  iterations=0
  certificate  stage=STEP 5  complete  reason=step5_complete  wall=8.367740e-02s  cpu=8.366100e-02s  provider=82  solves=3  iterations=64

STEP 6
  certificate  stage=STEP 6  complete  reason=candidate_set  wall=4.050000e-06s  cpu=4.000000e-06s  provider=0  solves=0  iterations=0

STEP 8
  certificate  stage=STEP 8  complete  reason=step8_complete  wall=7.625798e-02s  cpu=7.623000e-02s  provider=162  solves=2  iterations=16

STEP 9
  certificate  stage=STEP 9  failed  objective=-4.941277e+00  upper=-4.940742e+00  gap= 5.350240e-04  wall=0.000000e+00s  cpu=0.000000e+00s  provider=0  solves=0  iterations=0
  certificate  stage=STEP 9  complete  reason=paper_free_energy_convergence_failed  wall=2.796783e-03s  cpu=2.790000e-03s  provider=3  solves=0  iterations=0

STEP 7
  certificate  stage=STEP 7  complete  reason=continue_stage_ii  wall=1.300000e-06s  cpu=1.000000e-06s  provider=0  solves=0  iterations=0

STEP 4
  STAGE II STEP 4  major=3  upper=-4.941038e+00  LP_primal= 3.730349e-14  LP_dual= 8.673617e-18  active_cuts=8  certified
  certificate  stage=STEP 4  complete  reason=step4_complete  wall=3.361380e-04s  cpu=3.360000e-04s  provider=0  solves=1  iterations=1

STEP 5
  certificate  stage=STEP 5 LOCAL  major=3  attempt=5  accepted  reason=success  P rel.= 6.880915e-14  objective=-1.848451e+00  upper=-4.941038e+00  gap=-3.092587e+00  wall=0.000000e+00s  cpu=0.000000e+00s  provider=0  solves=0  iterations=0
  certificate  stage=STEP 5 LOCAL  major=3  attempt=6  accepted  reason=success  P rel.=-4.702993e-09  objective=-4.948574e+00  upper=-4.941038e+00  gap= 7.535759e-03  wall=0.000000e+00s  cpu=0.000000e+00s  provider=0  solves=0  iterations=0
  certificate  stage=STEP 5  complete  reason=step5_complete  wall=2.205482e-01s  cpu=2.205320e-01s  provider=265  solves=2  iterations=43

STEP 6
  certificate  stage=STEP 6  complete  reason=candidate_set  wall=4.380000e-06s  cpu=4.000000e-06s  provider=0  solves=0  iterations=0

STEP 8
  certificate  stage=STEP 8  complete  reason=step8_complete  wall=7.225569e-02s  cpu=7.224700e-02s  provider=159  solves=1  iterations=19

STEP 9
  certificate  stage=STEP 9  failed  objective=-4.941401e+00  upper=-4.941038e+00  gap= 3.633178e-04  wall=0.000000e+00s  cpu=0.000000e+00s  provider=0  solves=0  iterations=0
  certificate  stage=STEP 9  complete  reason=paper_free_energy_convergence_failed  wall=2.317165e-03s  cpu=2.317000e-03s  provider=3  solves=0  iterations=0

STEP 7
  certificate  stage=STEP 7  complete  reason=continue_stage_ii  wall=9.700000e-07s  cpu=1.000000e-06s  provider=0  solves=0  iterations=0

STEP 4
  STAGE II STEP 4  major=4  upper=-4.941203e+00  LP_primal= 1.776357e-15  LP_dual= 4.163336e-17  active_cuts=9  certified
  certificate  stage=STEP 4  complete  reason=step4_complete  wall=2.615480e-04s  cpu=2.620000e-04s  provider=0  solves=1  iterations=1

STEP 5
  certificate  stage=STEP 5 LOCAL  major=4  attempt=7  accepted  reason=success  P rel.=-5.340245e-09  objective=-4.943178e+00  upper=-4.941203e+00  gap= 1.975018e-03  wall=0.000000e+00s  cpu=0.000000e+00s  provider=0  solves=0  iterations=0
  certificate  stage=STEP 5  complete  reason=step5_complete  wall=2.937832e-02s  cpu=2.937100e-02s  provider=27  solves=1  iterations=23

STEP 6
  certificate  stage=STEP 6  complete  reason=candidate_set  wall=4.870000e-06s  cpu=5.000000e-06s  provider=0  solves=0  iterations=0

STEP 8
  certificate  stage=STEP 8  complete  reason=step8_complete  wall=7.302681e-02s  cpu=7.295300e-02s  provider=146  solves=2  iterations=14

STEP 9
  certificate  stage=STEP 9  failed  objective=-4.941431e+00  upper=-4.941203e+00  gap= 2.288106e-04  wall=0.000000e+00s  cpu=0.000000e+00s  provider=0  solves=0  iterations=0
  certificate  stage=STEP 9  complete  reason=paper_free_energy_convergence_failed  wall=2.327545e-03s  cpu=2.328000e-03s  provider=3  solves=0  iterations=0

STEP 7
  certificate  stage=STEP 7  complete  reason=continue_stage_ii  wall=9.600000e-07s  cpu=1.000000e-06s  provider=0  solves=0  iterations=0

STEP 4
  STAGE II STEP 4  major=5  upper=-4.941291e+00  LP_primal= 2.664535e-15  LP_dual= 5.551115e-17  active_cuts=10  certified
  certificate  stage=STEP 4  complete  reason=step4_complete  wall=2.345580e-04s  cpu=2.350000e-04s  provider=0  solves=1  iterations=1

STEP 5
  certificate  stage=STEP 5 LOCAL  major=5  attempt=8  accepted  reason=success  P rel.= 7.211314e-14  objective=-1.834278e+00  upper=-4.941291e+00  gap=-3.107014e+00  wall=0.000000e+00s  cpu=0.000000e+00s  provider=0  solves=0  iterations=0
  certificate  stage=STEP 5 LOCAL  major=5  attempt=9  accepted  reason=success  P rel.= 2.985082e-13  objective=-1.834278e+00  upper=-4.941291e+00  gap=-3.107014e+00  wall=0.000000e+00s  cpu=0.000000e+00s  provider=0  solves=0  iterations=0
  certificate  stage=STEP 5 LOCAL  major=5  attempt=10  accepted  reason=success  P rel.= 5.458764e-14  objective=-1.834278e+00  upper=-4.941291e+00  gap=-3.107014e+00  wall=0.000000e+00s  cpu=0.000000e+00s  provider=0  solves=0  iterations=0
  certificate  stage=STEP 5 LOCAL  major=5  attempt=11  accepted  reason=success  P rel.= 7.333418e-13  objective=-1.834278e+00  upper=-4.941291e+00  gap=-3.107014e+00  wall=0.000000e+00s  cpu=0.000000e+00s  provider=0  solves=0  iterations=0
  certificate  stage=STEP 5 LOCAL  major=5  attempt=12  accepted  reason=success  P rel.= 4.654314e-14  objective=-1.834278e+00  upper=-4.941291e+00  gap=-3.107014e+00  wall=0.000000e+00s  cpu=0.000000e+00s  provider=0  solves=0  iterations=0
  certificate  stage=STEP 5 LOCAL  major=5  attempt=13  accepted  reason=success  P rel.=-5.713890e-09  objective=-4.941814e+00  upper=-4.941291e+00  gap= 5.227555e-04  wall=0.000000e+00s  cpu=0.000000e+00s  provider=0  solves=0  iterations=0
  certificate  stage=STEP 5  complete  reason=step5_complete  wall=1.429294e-01s  cpu=1.424430e-01s  provider=144  solves=6  iterations=108

STEP 6
  certificate  stage=STEP 6  complete  reason=candidate_set  wall=5.300000e-06s  cpu=6.000000e-06s  provider=0  solves=0  iterations=0

STEP 8
  certificate  stage=STEP 8  complete  reason=step8_complete  wall=9.815280e-02s  cpu=9.784100e-02s  provider=342  solves=2  iterations=21

STEP 9
  certificate  stage=STEP 9  failed  objective=-4.941448e+00  upper=-4.941291e+00  gap= 1.564694e-04  wall=0.000000e+00s  cpu=0.000000e+00s  provider=0  solves=0  iterations=0
  certificate  stage=STEP 9  complete  reason=paper_free_energy_convergence_failed  wall=2.191976e-03s  cpu=2.192000e-03s  provider=3  solves=0  iterations=0

STEP 7
  certificate  stage=STEP 7  complete  reason=continue_stage_ii  wall=1.050000e-06s  cpu=1.000000e-06s  provider=0  solves=0  iterations=0

STEP 4
  STAGE II STEP 4  major=6  upper=-4.941341e+00  LP_primal= 1.776357e-15  LP_dual= 4.163336e-17  active_cuts=11  certified
  certificate  stage=STEP 4  complete  reason=step4_complete  wall=2.517380e-04s  cpu=2.520000e-04s  provider=0  solves=1  iterations=1

STEP 5
  certificate  stage=STEP 5 LOCAL  major=6  attempt=14  accepted  reason=success  P rel.= 8.303067e-14  objective=-1.831886e+00  upper=-4.941341e+00  gap=-3.109455e+00  wall=0.000000e+00s  cpu=0.000000e+00s  provider=0  solves=0  iterations=0
  certificate  stage=STEP 5 LOCAL  major=6  attempt=15  accepted  reason=success  P rel.= 5.315112e-14  objective=-1.831886e+00  upper=-4.941341e+00  gap=-3.109455e+00  wall=0.000000e+00s  cpu=0.000000e+00s  provider=0  solves=0  iterations=0
  certificate  stage=STEP 5 LOCAL  major=6  attempt=16  accepted  reason=success  P rel.=-5.861585e-09  objective=-4.941494e+00  upper=-4.941341e+00  gap= 1.531685e-04  wall=0.000000e+00s  cpu=0.000000e+00s  provider=0  solves=0  iterations=0
  certificate  stage=STEP 5  complete  reason=step5_complete  wall=6.412162e-02s  cpu=6.392700e-02s  provider=63  solves=3  iterations=50

STEP 6
  certificate  stage=STEP 6  complete  reason=candidate_set  wall=4.950000e-06s  cpu=5.000000e-06s  provider=0  solves=0  iterations=0

STEP 8
  certificate  stage=STEP 8  complete  reason=step8_complete  wall=1.040317e-01s  cpu=1.037220e-01s  provider=382  solves=2  iterations=22

STEP 9
  certificate  stage=STEP 9  failed  objective=-4.941458e+00  upper=-4.941341e+00  gap= 1.176077e-04  wall=0.000000e+00s  cpu=0.000000e+00s  provider=0  solves=0  iterations=0
  certificate  stage=STEP 9  complete  reason=paper_free_energy_convergence_failed  wall=2.204546e-03s  cpu=2.205000e-03s  provider=3  solves=0  iterations=0

STEP 7
  certificate  stage=STEP 7  complete  reason=continue_stage_ii  wall=9.700000e-07s  cpu=1.000000e-06s  provider=0  solves=0  iterations=0

STEP 4
  STAGE II STEP 4  major=7  upper=-4.941376e+00  LP_primal= 8.881784e-16  LP_dual= 5.551115e-17  active_cuts=12  certified
  certificate  stage=STEP 4  complete  reason=step4_complete  wall=2.436480e-04s  cpu=2.440000e-04s  provider=0  solves=1  iterations=1

STEP 5
  certificate  stage=STEP 5 LOCAL  major=7  attempt=17  accepted  reason=success  P rel.= 7.958303e-14  objective=-1.830279e+00  upper=-4.941376e+00  gap=-3.111097e+00  wall=0.000000e+00s  cpu=0.000000e+00s  provider=0  solves=0  iterations=0
  certificate  stage=STEP 5 LOCAL  major=7  attempt=18  accepted  reason=success  P rel.= 7.685365e-14  objective=-1.830279e+00  upper=-4.941376e+00  gap=-3.111097e+00  wall=0.000000e+00s  cpu=0.000000e+00s  provider=0  solves=0  iterations=0
  certificate  stage=STEP 5 LOCAL  major=7  attempt=19  accepted  reason=success  P rel.=-6.049253e-09  objective=-4.941449e+00  upper=-4.941376e+00  gap= 7.312579e-05  wall=0.000000e+00s  cpu=0.000000e+00s  provider=0  solves=0  iterations=0
  certificate  stage=STEP 5  complete  reason=step5_complete  wall=6.224679e-02s  cpu=6.204300e-02s  provider=61  solves=3  iterations=52

STEP 6
  certificate  stage=STEP 6  complete  reason=candidate_set  wall=5.360000e-06s  cpu=6.000000e-06s  provider=0  solves=0  iterations=0

STEP 8
  certificate  stage=STEP 8  indeterminate  reason=problem_67_not_converged  wall=3.314908e-01s  cpu=3.303620e-01s  provider=1359  solves=2  iterations=79
