HELD2.0  case=installed-held2-paper-rewrite  T=2.981500e+02 K  P=1.013000e+05 Pa

STEP 1
  certificate  stage=STEP 1  complete  reason=step1_complete  wall=1.948000e-05s  cpu=1.900000e-05s  provider=1  solves=0  iterations=0

STEP 2

REFERENCE PRESSURE ROOTS
  root   0  V= 2.919223e-05  P rel.= 4.646579e-09  G/RT=-1.185975e+01  strict_stable
  root   1  V= 5.815895e-04  P rel.=-7.917114e-09  G/RT=-7.179877e+00  unstable
  root   2  V= 2.267781e-02  P rel.= 9.451016e-11  G/RT=-8.547105e+00  strict_stable
  selected root 0  status=selected
  eval     1  TPD= 5.846478e-01  P rel.=-6.133651e-09  V= 4.695210e-05  certified
  eval     2  TPD= 1.796290e-01  P rel.= 5.231305e-09  V= 5.716482e-05  certified
  eval     3  TPD= 1.033130e+00  P rel.=-1.101067e-09  V= 3.671236e-05  certified
  eval     4  TPD= 1.245276e+00  P rel.=-3.485021e-09  V= 6.798086e-05  certified
  eval     5  TPD= 8.480902e-02  P rel.=-6.873996e-09  V= 2.645032e-05  certified
  eval     6  TPD= 7.360610e-02  P rel.=-2.442252e-09  V= 4.745678e-05  certified
  eval     7  TPD= 5.343832e-01  P rel.=-7.462639e-09  V= 2.701759e-05  certified
  eval     8  TPD= 8.803630e-03  P rel.= 9.991735e-09  V= 5.083915e-05  certified
  eval     9  TPD= 3.741066e-02  P rel.=-2.261133e-10  V= 4.265087e-05  certified
  eval    10  TPD= 1.038961e-01  P rel.= 2.154992e-09  V= 5.067947e-05  certified
  eval    11  TPD=-1.668487e-02  P rel.=-4.603194e-09  V= 4.338136e-05  certified
  certificate  stage=STEP 2  complete  reason=negative_tpd_witness  wall=2.482865e+00s  cpu=2.482418e+00s  provider=3283  solves=1  iterations=11

STEP 3
  certificate  stage=STEP 3  complete  reason=step3_complete  wall=8.475393e-01s  cpu=8.463000e-01s  provider=4  solves=0  iterations=0

STEP 4
  STAGE II STEP 4  major=0  upper=-1.186948e+01  LP_primal= 3.552714e-15  LP_dual= 0.000000e+00  active_cuts=5  certified
  certificate  stage=STEP 4  complete  reason=step4_complete  wall=3.759480e-04s  cpu=3.770000e-04s  provider=0  solves=1  iterations=1

STEP 5
  certificate  stage=STEP 5 LOCAL  major=0  attempt=0  accepted  reason=success  P rel.=-5.666802e-03  objective=-1.187112e+01  upper=-1.186948e+01  gap= 1.644532e-03  wall=0.000000e+00s  cpu=0.000000e+00s  provider=0  solves=0  iterations=0
  certificate  stage=STEP 5  complete  reason=step5_complete  wall=2.639056e-02s  cpu=2.628700e-02s  provider=153  solves=1  iterations=21

STEP 6
  certificate  stage=STEP 6  complete  reason=candidate_set  wall=4.060000e-06s  cpu=4.000000e-06s  provider=0  solves=0  iterations=0

STEP 8
  certificate  stage=STEP 8  complete  reason=step8_complete  wall=6.625736e-02s  cpu=6.605000e-02s  provider=140  solves=2  iterations=15

STEP 9
  certificate  stage=STEP 9  failed  objective=-1.185986e+01  upper=-1.186948e+01  gap=-9.614147e-03  wall=0.000000e+00s  cpu=0.000000e+00s  provider=0  solves=0  iterations=0
  certificate  stage=STEP 9  complete  reason=paper_free_energy_convergence_failed  wall=1.514010e-03s  cpu=1.514000e-03s  provider=2  solves=0  iterations=0

STEP 7
  certificate  stage=STEP 7  complete  reason=continue_stage_ii  wall=1.060000e-06s  cpu=1.000000e-06s  provider=0  solves=0  iterations=0

STEP 4
  STAGE II STEP 4  major=1  upper=-1.187033e+01  LP_primal= 0.000000e+00  LP_dual= 1.040834e-17  active_cuts=6  certified
  certificate  stage=STEP 4  complete  reason=step4_complete  wall=1.861390e-04s  cpu=1.860000e-04s  provider=0  solves=1  iterations=1

STEP 5
  certificate  stage=STEP 5 LOCAL  major=1  attempt=1  accepted  reason=success  P rel.=-7.744003e-08  objective=-1.201203e+01  upper=-1.187033e+01  gap= 1.417024e-01  wall=0.000000e+00s  cpu=0.000000e+00s  provider=0  solves=0  iterations=0
  certificate  stage=STEP 5  complete  reason=step5_complete  wall=2.482386e-02s  cpu=2.473300e-02s  provider=24  solves=1  iterations=21

STEP 6
  certificate  stage=STEP 6  complete  reason=candidate_set  wall=3.650000e-06s  cpu=3.000000e-06s  provider=0  solves=0  iterations=0

STEP 8
  certificate  stage=STEP 8  not_run  reason=not_run  wall=1.730000e-06s  cpu=2.000000e-06s  provider=0  solves=0  iterations=0
