HELD2.0  case=installed-held2-paper-rewrite  T=2.981500e+02 K  P=1.013000e+05 Pa

STEP 1
  certificate  stage=STEP 1  complete  reason=step1_complete  wall=2.131000e-05s  cpu=2.100000e-05s  provider=1  solves=0  iterations=0

STEP 2

REFERENCE PRESSURE ROOTS
  root   0  V= 2.972309e-05  P rel.=-6.045870e-09  G/RT=-8.542223e-01  strict_stable
  root   1  V= 6.316491e-04  P rel.= 2.376290e-09  G/RT= 4.002413e+00  unstable
  root   2  V= 2.253436e-02  P rel.= 2.051093e-10  G/RT= 2.719590e+00  strict_stable
  selected root 0  status=selected
  eval     1  TPD= 1.417116e+00  P rel.=-6.133651e-09  V= 4.695210e-05  certified
  eval     2  TPD= 6.955561e-01  P rel.= 5.231305e-09  V= 5.716482e-05  certified
  eval     3  TPD= 2.182138e+00  P rel.=-1.101067e-09  V= 3.671236e-05  certified
  eval     4  TPD= 2.354982e+00  P rel.=-3.485021e-09  V= 6.798086e-05  certified
  eval     5  TPD= 6.400384e-01  P rel.=-6.873996e-09  V= 2.645032e-05  certified
  eval     6  TPD= 4.594707e-01  P rel.=-2.442252e-09  V= 4.745678e-05  certified
  eval     7  TPD= 1.553329e+00  P rel.=-7.462639e-09  V= 2.701759e-05  certified
  eval     8  TPD= 2.891546e-01  P rel.= 9.991735e-09  V= 5.083915e-05  certified
  eval     9  TPD= 3.582440e-01  P rel.=-2.261133e-10  V= 4.265087e-05  certified
  eval    10  TPD= 5.331148e-01  P rel.= 2.154992e-09  V= 5.067947e-05  certified
  eval    11  TPD= 1.625064e-01  P rel.=-4.603194e-09  V= 4.338136e-05  certified
  eval    12  TPD= 9.812027e-01  P rel.= 2.119114e-09  V= 6.697894e-05  certified
  eval    13  TPD= 2.808933e+00  P rel.= 6.436992e-09  V= 4.652576e-05  certified
  eval    14  TPD= 2.311220e-01  P rel.=-6.858683e-09  V= 4.763269e-05  certified
  eval    15  TPD= 5.905644e-02  P rel.=-4.492801e-09  V= 3.497263e-05  certified
  eval    16  TPD= 9.733783e-02  P rel.=-5.205815e-09  V= 3.855979e-05  certified
  eval    17  TPD= 2.455480e-02  P rel.= 5.956694e-09  V= 2.999808e-05  certified
  eval    18  TPD= 1.417288e-01  P rel.= 4.066036e-09  V= 3.785870e-05  certified
  eval    19  TPD= 6.834096e-03  P rel.= 6.481506e-09  V= 3.177307e-05  certified
  eval    20  TPD= 3.526448e-01  P rel.= 1.897883e-09  V= 5.405976e-05  certified
  eval    21  TPD= 7.375532e-01  P rel.=-1.202824e-09  V= 4.728266e-05  certified
  eval    22  TPD= 3.118164e-02  P rel.=-8.143120e-10  V= 3.594737e-05  certified
  eval    23  TPD= 1.019655e-02  P rel.= 5.232730e-09  V= 2.600186e-05  certified
  eval    24  TPD= 1.282261e-01  P rel.= 1.951106e-11  V= 2.848246e-05  certified
  eval    25  TPD= 1.039459e+00  P rel.=-9.516661e-09  V= 2.606258e-05  certified
  eval    26  TPD= 8.951403e-01  P rel.= 8.627136e-09  V= 3.319987e-05  certified
  eval    27  TPD= 3.746015e-01  P rel.=-2.439225e-09  V= 1.982085e-05  certified
  eval    28  TPD= 1.370486e-02  P rel.= 6.932158e-09  V= 3.330632e-05  certified
  eval    29  TPD= 2.501767e-03  P rel.=-5.768463e-09  V= 3.006628e-05  certified
  eval    30  TPD= 1.973284e-02  P rel.= 1.471357e-09  V= 3.287370e-05  certified
  eval    31  TPD= 5.561276e-04  P rel.= 6.038688e-09  V= 3.063894e-05  certified
  eval    32  TPD= 5.693006e-01  P rel.=-9.162473e-10  V= 4.085172e-05  certified
  eval    33  TPD= 8.799172e-02  P rel.= 9.484818e-09  V= 2.069437e-05  certified
  eval    34  TPD= 4.199796e-03  P rel.= 6.327401e-09  V= 3.224626e-05  certified
  eval    35  TPD= 7.068347e-04  P rel.=-4.029418e-09  V= 2.885039e-05  certified
  eval    36  TPD= 3.902582e-02  P rel.= 9.391340e-09  V= 2.265967e-05  certified
  eval    37  TPD= 1.708994e-01  P rel.=-4.484344e-09  V= 2.033445e-05  certified
  eval    38  TPD= 8.769092e-02  P rel.=-7.992348e-09  V= 2.288033e-05  certified
  eval    39  TPD= 1.016724e-01  P rel.=-1.171665e-09  V= 1.852970e-05  certified
  eval    40  TPD= 4.960225e-01  P rel.= 1.164215e-09  V= 6.053960e-05  certified
  eval    41  TPD= 9.234290e-01  P rel.= 1.750455e-09  V= 5.377035e-05  certified
  eval    42  TPD= 7.847852e-01  P rel.=-1.117142e-10  V= 6.042555e-05  certified
  eval    43  TPD= 6.117545e-01  P rel.=-5.001855e-09  V= 5.391583e-05  certified
  eval    44  TPD= 1.438698e-03  P rel.=-2.574546e-09  V= 3.119347e-05  certified
  eval    45  TPD= 8.688155e-05  P rel.=-4.824425e-09  V= 3.006433e-05  certified
  eval    46  TPD= 1.700318e-03  P rel.=-1.796898e-09  V= 3.102068e-05  certified
  eval    47  TPD= 8.968156e-04  P rel.= 2.512077e-09  V= 3.025352e-05  certified
  eval    48  TPD= 2.530241e-03  P rel.= 8.532945e-09  V= 2.815525e-05  certified
  eval    49  TPD= 3.195549e-02  P rel.=-4.851133e-09  V= 2.355836e-05  certified
  eval    50  TPD= 7.060278e-03  P rel.= 5.458362e-10  V= 2.737207e-05  certified
  certificate  stage=STEP 2  complete  reason=declared_search_complete  wall=1.011648e+01s  cpu=1.009906e+01s  provider=13975  solves=1  iterations=50
