HELD2.0  case=installed-held2-paper-rewrite  T=2.981500e+02 K  P=1.013000e+05 Pa

STEP 1
  certificate  stage=STEP 1  complete  reason=step1_complete  wall=2.327000e-05s  cpu=2.200000e-05s  provider=1  solves=0  iterations=0

STEP 2

REFERENCE PRESSURE ROOTS
  root   0  V= 2.917494e-05  P rel.= 8.906145e-09  G/RT=-1.686222e+01  strict_stable
  root   1  V= 5.709451e-04  P rel.=-7.078211e-09  G/RT=-1.225281e+01  unstable
  root   2  V= 2.267175e-02  P rel.= 1.200167e-10  G/RT=-1.363754e+01  strict_stable
  selected root 0  status=selected
  eval     1  TPD= 3.971632e-01  P rel.=-6.133651e-09  V= 4.695210e-05  certified
  eval     2  TPD= 1.789111e-02  P rel.= 5.231305e-09  V= 5.716482e-05  certified
  eval     3  TPD= 8.198984e-01  P rel.=-1.101067e-09  V= 3.671236e-05  certified
  eval     4  TPD= 9.270484e-01  P rel.=-3.485021e-09  V= 6.798086e-05  certified
  eval     5  TPD= 2.806731e-02  P rel.=-6.873996e-09  V= 2.645032e-05  certified
  eval     6  TPD= 1.121391e-01  P rel.= 2.119114e-09  V= 6.697894e-05  certified
  eval     7  TPD=-2.679564e-02  P rel.=-2.442252e-09  V= 4.745678e-05  certified
  certificate  stage=STEP 2  complete  reason=negative_tpd_witness  wall=1.665129e+00s  cpu=1.664955e+00s  provider=2184  solves=1  iterations=7

STEP 3
  certificate  stage=STEP 3  complete  reason=step3_complete  wall=8.264147e-01s  cpu=8.263320e-01s  provider=4  solves=0  iterations=0

STEP 4
  STAGE II STEP 4  major=0  upper=-1.688363e+01  LP_primal= 0.000000e+00  LP_dual= 5.551115e-17  active_cuts=5  certified
  certificate  stage=STEP 4  complete  reason=step4_complete  wall=3.769280e-04s  cpu=3.770000e-04s  provider=0  solves=1  iterations=1

STEP 5
  certificate  stage=STEP 5 LOCAL  major=0  attempt=0  accepted  reason=success  P rel.=-2.914445e-03  objective=-1.691149e+01  upper=-1.688363e+01  gap= 2.786523e-02  wall=0.000000e+00s  cpu=0.000000e+00s  provider=0  solves=0  iterations=0
  certificate  stage=STEP 5  complete  reason=step5_complete  wall=2.667600e-02s  cpu=2.667800e-02s  provider=153  solves=1  iterations=21

STEP 6
  certificate  stage=STEP 6  complete  reason=candidate_set  wall=4.990000e-06s  cpu=5.000000e-06s  provider=0  solves=0  iterations=0

STEP 8
  certificate  stage=STEP 8  complete  reason=problem_67_infeasible  wall=2.817580e-04s  cpu=2.820000e-04s  provider=2  solves=1  iterations=0

STEP 7
  certificate  stage=STEP 7  complete  reason=continue_stage_ii  wall=1.480000e-06s  cpu=2.000000e-06s  provider=0  solves=0  iterations=0

STEP 4
  STAGE II STEP 4  major=1  upper=-1.689142e+01  LP_primal= 0.000000e+00  LP_dual= 5.551115e-17  active_cuts=6  certified
  certificate  stage=STEP 4  complete  reason=step4_complete  wall=1.906280e-04s  cpu=1.910000e-04s  provider=0  solves=1  iterations=1

STEP 5
  certificate  stage=STEP 5 LOCAL  major=1  attempt=1  accepted  reason=success  P rel.=-8.138622e-08  objective=-1.707811e+01  upper=-1.689142e+01  gap= 1.866999e-01  wall=0.000000e+00s  cpu=0.000000e+00s  provider=0  solves=0  iterations=0
  certificate  stage=STEP 5  complete  reason=step5_complete  wall=2.485579e-02s  cpu=2.485700e-02s  provider=23  solves=1  iterations=22

STEP 6
  certificate  stage=STEP 6  complete  reason=candidate_set  wall=5.350000e-06s  cpu=6.000000e-06s  provider=0  solves=0  iterations=0

STEP 8
  certificate  stage=STEP 8  complete  reason=problem_67_infeasible  wall=2.519180e-04s  cpu=2.520000e-04s  provider=2  solves=1  iterations=0

STEP 7
  certificate  stage=STEP 7  complete  reason=continue_stage_ii  wall=1.870000e-06s  cpu=2.000000e-06s  provider=0  solves=0  iterations=0

STEP 4
  STAGE II STEP 4  major=2  upper=-1.692874e+01  LP_primal= 3.552714e-15  LP_dual= 8.326673e-17  active_cuts=7  certified
  certificate  stage=STEP 4  complete  reason=step4_complete  wall=2.296190e-04s  cpu=2.300000e-04s  provider=0  solves=1  iterations=1

STEP 5
  certificate  stage=STEP 5 LOCAL  major=2  attempt=2  accepted  reason=success  P rel.= 7.096393e-14  objective=-1.390419e+01  upper=-1.692874e+01  gap=-3.024553e+00  wall=0.000000e+00s  cpu=0.000000e+00s  provider=0  solves=0  iterations=0
  certificate  stage=STEP 5 LOCAL  major=2  attempt=3  accepted  reason=success  P rel.= 4.323916e-14  objective=-1.390419e+01  upper=-1.692874e+01  gap=-3.024553e+00  wall=0.000000e+00s  cpu=0.000000e+00s  provider=0  solves=0  iterations=0
  certificate  stage=STEP 5 LOCAL  major=2  attempt=4  accepted  reason=success  P rel.=-4.640497e-09  objective=-1.696874e+01  upper=-1.692874e+01  gap= 3.999823e-02  wall=0.000000e+00s  cpu=0.000000e+00s  provider=0  solves=0  iterations=0
  certificate  stage=STEP 5  complete  reason=step5_complete  wall=7.459896e-02s  cpu=7.459200e-02s  provider=70  solves=3  iterations=65

STEP 6
  certificate  stage=STEP 6  complete  reason=candidate_set  wall=7.430000e-06s  cpu=8.000000e-06s  provider=0  solves=0  iterations=0

STEP 8
  certificate  stage=STEP 8  complete  reason=step8_complete  wall=8.650122e-02s  cpu=8.649500e-02s  provider=218  solves=2  iterations=18

STEP 9
  certificate  stage=STEP 9  failed  objective=-1.693013e+01  upper=-1.692874e+01  gap= 1.392682e-03  wall=0.000000e+00s  cpu=0.000000e+00s  provider=0  solves=0  iterations=0
  certificate  stage=STEP 9  complete  reason=paper_free_energy_convergence_failed  wall=2.308835e-03s  cpu=2.309000e-03s  provider=3  solves=0  iterations=0

STEP 7
  certificate  stage=STEP 7  complete  reason=continue_stage_ii  wall=1.600000e-06s  cpu=1.000000e-06s  provider=0  solves=0  iterations=0

STEP 4
  STAGE II STEP 4  major=3  upper=-1.694965e+01  LP_primal= 7.105427e-15  LP_dual= 8.673617e-18  active_cuts=8  certified
  certificate  stage=STEP 4  complete  reason=step4_complete  wall=2.504080e-04s  cpu=2.510000e-04s  provider=0  solves=1  iterations=1

STEP 5
  certificate  stage=STEP 5 LOCAL  major=3  attempt=5  accepted  reason=success  P rel.= 5.918449e-14  objective=-1.392811e+01  upper=-1.694965e+01  gap=-3.021535e+00  wall=0.000000e+00s  cpu=0.000000e+00s  provider=0  solves=0  iterations=0
  certificate  stage=STEP 5 LOCAL  major=3  attempt=6  accepted  reason=success  P rel.=-3.495526e-09  objective=-1.695944e+01  upper=-1.694965e+01  gap= 9.796891e-03  wall=0.000000e+00s  cpu=0.000000e+00s  provider=0  solves=0  iterations=0
  certificate  stage=STEP 5  complete  reason=step5_complete  wall=4.111866e-02s  cpu=4.112100e-02s  provider=39  solves=2  iterations=35

STEP 6
  certificate  stage=STEP 6  complete  reason=candidate_set  wall=7.400000e-06s  cpu=7.000000e-06s  provider=0  solves=0  iterations=0

STEP 8
  certificate  stage=STEP 8  complete  reason=problem_67_infeasible  wall=3.500280e-04s  cpu=3.500000e-04s  provider=3  solves=1  iterations=0

STEP 7
  certificate  stage=STEP 7  complete  reason=continue_stage_ii  wall=1.880000e-06s  cpu=2.000000e-06s  provider=0  solves=0  iterations=0

STEP 4
  STAGE II STEP 4  major=4  upper=-1.695158e+01  LP_primal= 7.105427e-15  LP_dual= 5.551115e-17  active_cuts=9  certified
  certificate  stage=STEP 4  complete  reason=step4_complete  wall=2.477090e-04s  cpu=2.480000e-04s  provider=0  solves=1  iterations=1

STEP 5
  certificate  stage=STEP 5 LOCAL  major=4  attempt=7  accepted  reason=success  P rel.=-4.008497e-09  objective=-1.695414e+01  upper=-1.695158e+01  gap= 2.552017e-03  wall=0.000000e+00s  cpu=0.000000e+00s  provider=0  solves=0  iterations=0
  certificate  stage=STEP 5  complete  reason=step5_complete  wall=2.399524e-02s  cpu=2.399700e-02s  provider=23  solves=1  iterations=18

STEP 6
  certificate  stage=STEP 6  complete  reason=candidate_set  wall=7.770000e-06s  cpu=7.000000e-06s  provider=0  solves=0  iterations=0

STEP 8
  certificate  stage=STEP 8  complete  reason=step8_complete  wall=6.641606e-02s  cpu=6.641800e-02s  provider=142  solves=2  iterations=13

STEP 9
  certificate  stage=STEP 9  failed  objective=-1.695313e+01  upper=-1.695158e+01  gap= 1.546800e-03  wall=0.000000e+00s  cpu=0.000000e+00s  provider=0  solves=0  iterations=0
  certificate  stage=STEP 9  complete  reason=paper_free_energy_convergence_failed  wall=2.313246e-03s  cpu=2.313000e-03s  provider=3  solves=0  iterations=0

STEP 7
  certificate  stage=STEP 7  complete  reason=continue_stage_ii  wall=1.860000e-06s  cpu=2.000000e-06s  provider=0  solves=0  iterations=0

STEP 4
  STAGE II STEP 4  major=5  upper=-1.695262e+01  LP_primal= 0.000000e+00  LP_dual= 6.938894e-18  active_cuts=10  certified
  certificate  stage=STEP 4  complete  reason=step4_complete  wall=2.569390e-04s  cpu=2.570000e-04s  provider=0  solves=1  iterations=1

STEP 5
  certificate  stage=STEP 5 LOCAL  major=5  attempt=8  accepted  reason=success  P rel.= 4.237725e-14  objective=-1.392821e+01  upper=-1.695262e+01  gap=-3.024416e+00  wall=0.000000e+00s  cpu=0.000000e+00s  provider=0  solves=0  iterations=0
  certificate  stage=STEP 5 LOCAL  major=5  attempt=9  accepted  reason=success  P rel.= 2.986518e-13  objective=-1.392821e+01  upper=-1.695262e+01  gap=-3.024416e+00  wall=0.000000e+00s  cpu=0.000000e+00s  provider=0  solves=0  iterations=0
  certificate  stage=STEP 5 LOCAL  major=5  attempt=10  accepted  reason=success  P rel.= 6.866550e-14  objective=-1.392821e+01  upper=-1.695262e+01  gap=-3.024416e+00  wall=0.000000e+00s  cpu=0.000000e+00s  provider=0  solves=0  iterations=0
  certificate  stage=STEP 5 LOCAL  major=5  attempt=11  accepted  reason=success  P rel.= 7.123687e-13  objective=-1.392821e+01  upper=-1.695262e+01  gap=-3.024416e+00  wall=0.000000e+00s  cpu=0.000000e+00s  provider=0  solves=0  iterations=0
  certificate  stage=STEP 5 LOCAL  major=5  attempt=12  accepted  reason=success  P rel.= 4.740505e-14  objective=-1.392821e+01  upper=-1.695262e+01  gap=-3.024416e+00  wall=0.000000e+00s  cpu=0.000000e+00s  provider=0  solves=0  iterations=0
  certificate  stage=STEP 5 LOCAL  major=5  attempt=13  accepted  reason=success  P rel.=-4.353297e-09  objective=-1.695331e+01  upper=-1.695262e+01  gap= 6.872992e-04  wall=0.000000e+00s  cpu=0.000000e+00s  provider=0  solves=0  iterations=0
  certificate  stage=STEP 5  complete  reason=step5_complete  wall=1.320768e-01s  cpu=1.320510e-01s  provider=124  solves=6  iterations=113

STEP 6
  certificate  stage=STEP 6  complete  reason=candidate_set  wall=4.430000e-06s  cpu=5.000000e-06s  provider=0  solves=0  iterations=0

STEP 8
  certificate  stage=STEP 8  complete  reason=step8_complete  wall=7.454848e-02s  cpu=7.453700e-02s  provider=182  solves=2  iterations=14

STEP 9
  certificate  stage=STEP 9  failed  objective=-1.695335e+01  upper=-1.695262e+01  gap= 7.261017e-04  wall=0.000000e+00s  cpu=0.000000e+00s  provider=0  solves=0  iterations=0
  certificate  stage=STEP 9  complete  reason=paper_free_energy_convergence_failed  wall=2.568903e-03s  cpu=2.570000e-03s  provider=3  solves=0  iterations=0

STEP 7
  certificate  stage=STEP 7  complete  reason=continue_stage_ii  wall=1.670000e-06s  cpu=2.000000e-06s  provider=0  solves=0  iterations=0

STEP 4
  STAGE II STEP 4  major=6  upper=-1.695290e+01  LP_primal= 1.776357e-14  LP_dual= 5.551115e-17  active_cuts=11  certified
  certificate  stage=STEP 4  complete  reason=step4_complete  wall=2.730780e-04s  cpu=2.730000e-04s  provider=0  solves=1  iterations=1

STEP 5
  certificate  stage=STEP 5 LOCAL  major=6  attempt=14  accepted  reason=success  P rel.= 7.599174e-14  objective=-1.392887e+01  upper=-1.695290e+01  gap=-3.024030e+00  wall=0.000000e+00s  cpu=0.000000e+00s  provider=0  solves=0  iterations=0
  certificate  stage=STEP 5 LOCAL  major=6  attempt=15  accepted  reason=success  P rel.= 7.398062e-14  objective=-1.392887e+01  upper=-1.695290e+01  gap=-3.024030e+00  wall=0.000000e+00s  cpu=0.000000e+00s  provider=0  solves=0  iterations=0
  certificate  stage=STEP 5 LOCAL  major=6  attempt=16  accepted  reason=success  P rel.=-4.197411e-09  objective=-1.695308e+01  upper=-1.695290e+01  gap= 1.705507e-04  wall=0.000000e+00s  cpu=0.000000e+00s  provider=0  solves=0  iterations=0
  certificate  stage=STEP 5  complete  reason=step5_complete  wall=6.163852e-02s  cpu=6.163200e-02s  provider=58  solves=3  iterations=51

STEP 6
  certificate  stage=STEP 6  complete  reason=candidate_set  wall=8.160000e-06s  cpu=8.000000e-06s  provider=0  solves=0  iterations=0

STEP 8
  certificate  stage=STEP 8  complete  reason=step8_complete  wall=1.144160e-01s  cpu=1.144030e-01s  provider=290  solves=2  iterations=25

STEP 9
  certificate  stage=STEP 9  failed  objective=-1.695342e+01  upper=-1.695290e+01  gap= 5.156301e-04  wall=0.000000e+00s  cpu=0.000000e+00s  provider=0  solves=0  iterations=0
  certificate  stage=STEP 9  complete  reason=paper_free_energy_convergence_failed  wall=2.456204e-03s  cpu=2.456000e-03s  provider=3  solves=0  iterations=0

STEP 7
  certificate  stage=STEP 7  complete  reason=continue_stage_ii  wall=1.700000e-06s  cpu=2.000000e-06s  provider=0  solves=0  iterations=0

STEP 4
  STAGE II STEP 4  major=7  upper=-1.695298e+01  LP_primal= 0.000000e+00  LP_dual= 5.551115e-17  active_cuts=12  certified
  certificate  stage=STEP 4  complete  reason=step4_complete  wall=2.745180e-04s  cpu=2.750000e-04s  provider=0  solves=1  iterations=1

STEP 5
  certificate  stage=STEP 5 LOCAL  major=7  attempt=17  accepted  reason=success  P rel.= 5.042174e-14  objective=-1.392876e+01  upper=-1.695298e+01  gap=-3.024222e+00  wall=0.000000e+00s  cpu=0.000000e+00s  provider=0  solves=0  iterations=0
  certificate  stage=STEP 5 LOCAL  major=7  attempt=18  accepted  reason=success  P rel.= 6.722899e-14  objective=-1.392876e+01  upper=-1.695298e+01  gap=-3.024222e+00  wall=0.000000e+00s  cpu=0.000000e+00s  provider=0  solves=0  iterations=0
  certificate  stage=STEP 5 LOCAL  major=7  attempt=19  accepted  reason=success  P rel.=-4.298189e-09  objective=-1.695302e+01  upper=-1.695298e+01  gap= 4.281313e-05  wall=0.000000e+00s  cpu=0.000000e+00s  provider=0  solves=0  iterations=0
  certificate  stage=STEP 5  complete  reason=step5_complete  wall=6.762928e-02s  cpu=6.763100e-02s  provider=63  solves=3  iterations=54

STEP 6
  certificate  stage=STEP 6  complete  reason=candidate_set  wall=8.270000e-06s  cpu=8.000000e-06s  provider=0  solves=0  iterations=0

STEP 8
  certificate  stage=STEP 8  complete  reason=step8_complete  wall=9.830678e-02s  cpu=9.827700e-02s  provider=226  solves=2  iterations=20

STEP 9
  certificate  stage=STEP 9  failed  objective=-1.695343e+01  upper=-1.695298e+01  gap= 4.477690e-04  wall=0.000000e+00s  cpu=0.000000e+00s  provider=0  solves=0  iterations=0
  certificate  stage=STEP 9  complete  reason=paper_free_energy_convergence_failed  wall=2.365075e-03s  cpu=2.366000e-03s  provider=3  solves=0  iterations=0

STEP 7
  certificate  stage=STEP 7  complete  reason=continue_stage_ii  wall=2.160000e-06s  cpu=2.000000e-06s  provider=0  solves=0  iterations=0

STEP 4
  STAGE II STEP 4  major=8  upper=-1.695300e+01  LP_primal= 3.552714e-15  LP_dual= 6.938894e-18  active_cuts=13  certified
  certificate  stage=STEP 4  complete  reason=step4_complete  wall=2.760080e-04s  cpu=2.760000e-04s  provider=0  solves=1  iterations=1

STEP 5
  certificate  stage=STEP 5 LOCAL  major=8  attempt=20  accepted  reason=success  P rel.= 4.912887e-14  objective=-1.392887e+01  upper=-1.695300e+01  gap=-3.024125e+00  wall=0.000000e+00s  cpu=0.000000e+00s  provider=0  solves=0  iterations=0
  certificate  stage=STEP 5 LOCAL  major=8  attempt=23  accepted  reason=success  P rel.= 7.642269e-14  objective=-1.392887e+01  upper=-1.695300e+01  gap=-3.024125e+00  wall=0.000000e+00s  cpu=0.000000e+00s  provider=0  solves=0  iterations=0
  certificate  stage=STEP 5 LOCAL  major=8  attempt=24  accepted  reason=success  P rel.=-4.211745e-09  objective=-1.695301e+01  upper=-1.695300e+01  gap= 1.068265e-05  wall=0.000000e+00s  cpu=0.000000e+00s  provider=0  solves=0  iterations=0
  certificate  stage=STEP 5  complete  reason=step5_complete  wall=7.054785e-02s  cpu=7.054200e-02s  provider=66  solves=5  iterations=53

STEP 6
  certificate  stage=STEP 6  complete  reason=candidate_set  wall=9.540000e-06s  cpu=1.000000e-05s  provider=0  solves=0  iterations=0

STEP 8
  certificate  stage=STEP 8  complete  reason=step8_complete  wall=9.421307e-02s  cpu=9.420800e-02s  provider=256  solves=2  iterations=20

STEP 9
  certificate  stage=STEP 9  failed  objective=-1.695343e+01  upper=-1.695300e+01  gap= 4.336392e-04  wall=0.000000e+00s  cpu=0.000000e+00s  provider=0  solves=0  iterations=0
  certificate  stage=STEP 9  complete  reason=paper_free_energy_convergence_failed  wall=1.621580e-03s  cpu=1.622000e-03s  provider=2  solves=0  iterations=0

STEP 7
  certificate  stage=STEP 7  complete  reason=continue_stage_ii  wall=1.840000e-06s  cpu=2.000000e-06s  provider=0  solves=0  iterations=0

STEP 4
  STAGE II STEP 4  major=9  upper=-1.695300e+01  LP_primal= 0.000000e+00  LP_dual= 5.551115e-17  active_cuts=14  certified
  certificate  stage=STEP 4  complete  reason=step4_complete  wall=3.206180e-04s  cpu=3.210000e-04s  provider=0  solves=1  iterations=1

STEP 5
  certificate  stage=STEP 5 LOCAL  major=9  attempt=25  accepted  reason=success  P rel.= 7.240045e-14  objective=-1.392883e+01  upper=-1.695300e+01  gap=-3.024173e+00  wall=0.000000e+00s  cpu=0.000000e+00s  provider=0  solves=0  iterations=0
  certificate  stage=STEP 5 LOCAL  major=9  attempt=26  accepted  reason=success  P rel.=-4.263113e-09  objective=-1.695300e+01  upper=-1.695300e+01  gap= 2.673318e-06  wall=0.000000e+00s  cpu=0.000000e+00s  provider=0  solves=0  iterations=0
  certificate  stage=STEP 5  complete  reason=step5_complete  wall=5.074931e-02s  cpu=5.075100e-02s  provider=47  solves=2  iterations=40

STEP 6
  certificate  stage=STEP 6  complete  reason=candidate_set  wall=1.174000e-05s  cpu=1.100000e-05s  provider=0  solves=0  iterations=0

STEP 8
  certificate  stage=STEP 8  complete  reason=step8_complete  wall=3.299393e-01s  cpu=3.299010e-01s  provider=1077  solves=2  iterations=87

STEP 9
  certificate  stage=STEP 9  failed  objective=-1.695343e+01  upper=-1.695300e+01  gap= 4.284056e-04  wall=0.000000e+00s  cpu=0.000000e+00s  provider=0  solves=0  iterations=0
  certificate  stage=STEP 9  complete  reason=paper_free_energy_convergence_failed  wall=1.655379e-03s  cpu=1.655000e-03s  provider=2  solves=0  iterations=0

STEP 7
  certificate  stage=STEP 7  complete  reason=continue_stage_ii  wall=1.680000e-06s  cpu=2.000000e-06s  provider=0  solves=0  iterations=0

STEP 4
  STAGE II STEP 4  major=10  upper=-1.695300e+01  LP_primal= 3.552714e-15  LP_dual= 2.168404e-19  active_cuts=15  certified
  certificate  stage=STEP 4  complete  reason=step4_complete  wall=2.870980e-04s  cpu=2.870000e-04s  provider=0  solves=1  iterations=1

STEP 5
  certificate  stage=STEP 5 LOCAL  major=10  attempt=27  accepted  reason=success  P rel.= 7.613539e-14  objective=-1.392885e+01  upper=-1.695300e+01  gap=-3.024149e+00  wall=0.000000e+00s  cpu=0.000000e+00s  provider=0  solves=0  iterations=0
  certificate  stage=STEP 5 LOCAL  major=10  attempt=28  accepted  reason=success  P rel.= 6.895281e-14  objective=-1.392885e+01  upper=-1.695300e+01  gap=-3.024149e+00  wall=0.000000e+00s  cpu=0.000000e+00s  provider=0  solves=0  iterations=0
  certificate  stage=STEP 5 LOCAL  major=10  attempt=29  accepted  reason=success  P rel.= 6.852185e-14  objective=-1.392885e+01  upper=-1.695300e+01  gap=-3.024149e+00  wall=0.000000e+00s  cpu=0.000000e+00s  provider=0  solves=0  iterations=0
  certificate  stage=STEP 5 LOCAL  major=10  attempt=30  accepted  reason=success  P rel.= 7.297505e-14  objective=-1.392885e+01  upper=-1.695300e+01  gap=-3.024149e+00  wall=0.000000e+00s  cpu=0.000000e+00s  provider=0  solves=0  iterations=0
  certificate  stage=STEP 5 LOCAL  major=10  attempt=31  accepted  reason=success  P rel.= 8.231241e-14  objective=-1.392885e+01  upper=-1.695300e+01  gap=-3.024149e+00  wall=0.000000e+00s  cpu=0.000000e+00s  provider=0  solves=0  iterations=0
  certificate  stage=STEP 5 LOCAL  major=10  attempt=32  accepted  reason=success  P rel.= 6.607977e-14  objective=-1.392885e+01  upper=-1.695300e+01  gap=-3.024149e+00  wall=0.000000e+00s  cpu=0.000000e+00s  provider=0  solves=0  iterations=0
  certificate  stage=STEP 5 LOCAL  major=10  attempt=33  accepted  reason=success  P rel.= 7.096393e-14  objective=-1.392885e+01  upper=-1.695300e+01  gap=-3.024149e+00  wall=0.000000e+00s  cpu=0.000000e+00s  provider=0  solves=0  iterations=0
  certificate  stage=STEP 5 LOCAL  major=10  attempt=34  accepted  reason=success  P rel.= 8.935135e-14  objective=-1.392885e+01  upper=-1.695300e+01  gap=-3.024149e+00  wall=0.000000e+00s  cpu=0.000000e+00s  provider=0  solves=0  iterations=0
  certificate  stage=STEP 5 LOCAL  major=10  attempt=35  accepted  reason=success  P rel.= 5.415668e-14  objective=-1.392885e+01  upper=-1.695300e+01  gap=-3.024149e+00  wall=0.000000e+00s  cpu=0.000000e+00s  provider=0  solves=0  iterations=0
  certificate  stage=STEP 5 LOCAL  major=10  attempt=36  accepted  reason=success  P rel.=-4.260798e-09  objective=-1.695300e+01  upper=-1.695300e+01  gap= 6.680026e-07  wall=0.000000e+00s  cpu=0.000000e+00s  provider=0  solves=0  iterations=0
  certificate  stage=STEP 5  complete  reason=step5_complete  wall=2.222092e-01s  cpu=2.221790e-01s  provider=199  solves=10  iterations=187

STEP 6
  certificate  stage=STEP 6  complete  reason=candidate_set  wall=1.425000e-05s  cpu=1.400000e-05s  provider=0  solves=0  iterations=0

STEP 8
  certificate  stage=STEP 8  complete  reason=step8_complete  wall=5.401898e-02s  cpu=5.398100e-02s  provider=99  solves=2  iterations=13

STEP 9
  certificate  stage=STEP 9  failed  objective=-1.695343e+01  upper=-1.695300e+01  gap= 4.277216e-04  wall=0.000000e+00s  cpu=0.000000e+00s  provider=0  solves=0  iterations=0
  certificate  stage=STEP 9  complete  reason=paper_free_energy_convergence_failed  wall=1.586040e-03s  cpu=1.586000e-03s  provider=2  solves=0  iterations=0

STEP 7
  certificate  stage=STEP 7  complete  reason=continue_stage_ii  wall=1.980000e-06s  cpu=2.000000e-06s  provider=0  solves=0  iterations=0

STEP 4
  STAGE II STEP 4  major=11  upper=-1.695300e+01  LP_primal= 3.552714e-15  LP_dual= 2.775558e-17  active_cuts=16  certified
  certificate  stage=STEP 4  complete  reason=step4_complete  wall=2.803880e-04s  cpu=2.800000e-04s  provider=0  solves=1  iterations=1

STEP 5
  certificate  stage=STEP 5 LOCAL  major=11  attempt=37  accepted  reason=success  P rel.=-4.231152e-09  objective=-1.695300e+01  upper=-1.695300e+01  gap= 1.669621e-07  wall=0.000000e+00s  cpu=0.000000e+00s  provider=0  solves=0  iterations=0
  certificate  stage=STEP 5  complete  reason=step5_complete  wall=2.299612e-02s  cpu=2.299700e-02s  provider=21  solves=1  iterations=18

STEP 6
  certificate  stage=STEP 6  complete  reason=candidate_set  wall=1.387900e-05s  cpu=1.400000e-05s  provider=0  solves=0  iterations=0

STEP 8
  certificate  stage=STEP 8  complete  reason=step8_complete  wall=5.306740e-02s  cpu=5.305900e-02s  provider=99  solves=2  iterations=13

STEP 9
  certificate  stage=STEP 9  failed  objective=-1.695343e+01  upper=-1.695300e+01  gap= 4.273798e-04  wall=0.000000e+00s  cpu=0.000000e+00s  provider=0  solves=0  iterations=0
  certificate  stage=STEP 9  complete  reason=paper_free_energy_convergence_failed  wall=1.605960e-03s  cpu=1.606000e-03s  provider=2  solves=0  iterations=0

STEP 7
  certificate  stage=STEP 7  complete  reason=continue_stage_ii  wall=1.770000e-06s  cpu=1.000000e-06s  provider=0  solves=0  iterations=0

STEP 4
  STAGE II STEP 4  major=12  upper=-1.695300e+01  LP_primal= 3.552714e-15  LP_dual= 5.551115e-17  active_cuts=17  certified
  certificate  stage=STEP 4  complete  reason=step4_complete  wall=2.787380e-04s  cpu=2.790000e-04s  provider=0  solves=1  iterations=1

STEP 5
  certificate  stage=STEP 5 LOCAL  major=12  attempt=38  accepted  reason=success  P rel.= 7.369331e-14  objective=-1.392886e+01  upper=-1.695300e+01  gap=-3.024143e+00  wall=0.000000e+00s  cpu=0.000000e+00s  provider=0  solves=0  iterations=0
  certificate  stage=STEP 5 LOCAL  major=12  attempt=39  accepted  reason=success  P rel.= 6.234483e-14  objective=-1.392886e+01  upper=-1.695300e+01  gap=-3.024143e+00  wall=0.000000e+00s  cpu=0.000000e+00s  provider=0  solves=0  iterations=0
  certificate  stage=STEP 5 LOCAL  major=12  attempt=40  accepted  reason=success  P rel.= 5.286382e-14  objective=-1.392886e+01  upper=-1.695300e+01  gap=-3.024143e+00  wall=0.000000e+00s  cpu=0.000000e+00s  provider=0  solves=0  iterations=0
  certificate  stage=STEP 5 LOCAL  major=12  attempt=41  accepted  reason=success  P rel.= 6.363769e-14  objective=-1.392886e+01  upper=-1.695300e+01  gap=-3.024143e+00  wall=0.000000e+00s  cpu=0.000000e+00s  provider=0  solves=0  iterations=0
  certificate  stage=STEP 5 LOCAL  major=12  attempt=42  accepted  reason=success  P rel.= 5.473129e-14  objective=-1.392886e+01  upper=-1.695300e+01  gap=-3.024143e+00  wall=0.000000e+00s  cpu=0.000000e+00s  provider=0  solves=0  iterations=0
  certificate  stage=STEP 5 LOCAL  major=12  attempt=43  accepted  reason=success  P rel.=-4.246020e-09  objective=-1.695300e+01  upper=-1.695300e+01  gap= 4.174566e-08  wall=0.000000e+00s  cpu=0.000000e+00s  provider=0  solves=0  iterations=0
  certificate  stage=STEP 5  complete  reason=step5_complete  wall=1.277444e-01s  cpu=1.277290e-01s  provider=118  solves=6  iterations=111

STEP 6
  certificate  stage=STEP 6  complete  reason=candidate_set  wall=1.320000e-05s  cpu=1.300000e-05s  provider=0  solves=0  iterations=0

STEP 8
  certificate  stage=STEP 8  complete  reason=step8_complete  wall=5.321666e-02s  cpu=5.321800e-02s  provider=99  solves=2  iterations=13

STEP 9
  certificate  stage=STEP 9  failed  objective=-1.695343e+01  upper=-1.695300e+01  gap= 4.273417e-04  wall=0.000000e+00s  cpu=0.000000e+00s  provider=0  solves=0  iterations=0
  certificate  stage=STEP 9  complete  reason=paper_free_energy_convergence_failed  wall=1.575170e-03s  cpu=1.576000e-03s  provider=2  solves=0  iterations=0

STEP 7
  certificate  stage=STEP 7  complete  reason=continue_stage_ii  wall=1.610000e-06s  cpu=1.000000e-06s  provider=0  solves=0  iterations=0

STEP 4
  STAGE II STEP 4  major=13  upper=-1.695300e+01  LP_primal= 3.552714e-15  LP_dual= 3.469447e-17  active_cuts=18  certified
  certificate  stage=STEP 4  complete  reason=step4_complete  wall=2.862480e-04s  cpu=2.870000e-04s  provider=0  solves=1  iterations=1

STEP 5
  certificate  stage=STEP 5 LOCAL  major=13  attempt=44  accepted  reason=success  P rel.= 6.607977e-14  objective=-1.392886e+01  upper=-1.695300e+01  gap=-3.024146e+00  wall=0.000000e+00s  cpu=0.000000e+00s  provider=0  solves=0  iterations=0
  certificate  stage=STEP 5 LOCAL  major=13  attempt=45  accepted  reason=success  P rel.= 4.151534e-14  objective=-1.392886e+01  upper=-1.695300e+01  gap=-3.024146e+00  wall=0.000000e+00s  cpu=0.000000e+00s  provider=0  solves=0  iterations=0
  certificate  stage=STEP 5 LOCAL  major=13  attempt=47  accepted  reason=success  P rel.=-4.229639e-09  objective=-1.695300e+01  upper=-1.695300e+01  gap= 1.043706e-08  wall=0.000000e+00s  cpu=0.000000e+00s  provider=0  solves=0  iterations=0
  certificate  stage=STEP 5  complete  reason=step5_complete  wall=7.434661e-02s  cpu=7.434900e-02s  provider=72  solves=4  iterations=57

STEP 6
  certificate  stage=STEP 6  complete  reason=candidate_set  wall=1.458000e-05s  cpu=1.500000e-05s  provider=0  solves=0  iterations=0

STEP 8
  certificate  stage=STEP 8  complete  reason=step8_complete  wall=5.294541e-02s  cpu=5.293900e-02s  provider=99  solves=2  iterations=13

STEP 9
  certificate  stage=STEP 9  failed  objective=-1.695343e+01  upper=-1.695300e+01  gap= 4.273226e-04  wall=0.000000e+00s  cpu=0.000000e+00s  provider=0  solves=0  iterations=0
  certificate  stage=STEP 9  complete  reason=paper_free_energy_convergence_failed  wall=1.960157e-03s  cpu=1.961000e-03s  provider=2  solves=0  iterations=0

STEP 7
  certificate  stage=STEP 7  complete  reason=continue_stage_ii  wall=1.910000e-06s  cpu=1.000000e-06s  provider=0  solves=0  iterations=0

STEP 4
  STAGE II STEP 4  major=14  upper=-1.695300e+01  LP_primal= 0.000000e+00  LP_dual= 2.081668e-17  active_cuts=19  certified
  certificate  stage=STEP 4  complete  reason=step4_complete  wall=3.016380e-04s  cpu=3.020000e-04s  provider=0  solves=1  iterations=1

STEP 5
  certificate  stage=STEP 5 LOCAL  major=14  attempt=48  accepted  reason=success  P rel.= 5.498986e-13  objective=-1.392886e+01  upper=-1.695300e+01  gap=-3.024144e+00  wall=0.000000e+00s  cpu=0.000000e+00s  provider=0  solves=0  iterations=0
  certificate  stage=STEP 5 LOCAL  major=14  attempt=49  accepted  reason=success  P rel.= 5.832258e-14  objective=-1.392886e+01  upper=-1.695300e+01  gap=-3.024144e+00  wall=0.000000e+00s  cpu=0.000000e+00s  provider=0  solves=0  iterations=0
  certificate  stage=STEP 5 LOCAL  major=14  attempt=50  accepted  reason=success  P rel.= 5.803528e-14  objective=-1.392886e+01  upper=-1.695300e+01  gap=-3.024144e+00  wall=0.000000e+00s  cpu=0.000000e+00s  provider=0  solves=0  iterations=0
  certificate  stage=STEP 5 LOCAL  major=14  attempt=51  accepted  reason=success  P rel.= 8.518545e-14  objective=-1.392886e+01  upper=-1.695300e+01  gap=-3.024144e+00  wall=0.000000e+00s  cpu=0.000000e+00s  provider=0  solves=0  iterations=0
  certificate  stage=STEP 5 LOCAL  major=14  attempt=52  accepted  reason=success  P rel.= 9.222438e-14  objective=-1.392886e+01  upper=-1.695300e+01  gap=-3.024144e+00  wall=0.000000e+00s  cpu=0.000000e+00s  provider=0  solves=0  iterations=0
  certificate  stage=STEP 5 LOCAL  major=14  attempt=53  accepted  reason=success  P rel.= 4.553758e-14  objective=-1.392886e+01  upper=-1.695300e+01  gap=-3.024144e+00  wall=0.000000e+00s  cpu=0.000000e+00s  provider=0  solves=0  iterations=0
  certificate  stage=STEP 5 LOCAL  major=14  attempt=54  accepted  reason=success  P rel.= 5.947180e-14  objective=-1.392886e+01  upper=-1.695300e+01  gap=-3.024144e+00  wall=0.000000e+00s  cpu=0.000000e+00s  provider=0  solves=0  iterations=0
  certificate  stage=STEP 5 LOCAL  major=14  attempt=55  accepted  reason=success  P rel.= 6.870860e-13  objective=-1.392886e+01  upper=-1.695300e+01  gap=-3.024144e+00  wall=0.000000e+00s  cpu=0.000000e+00s  provider=0  solves=0  iterations=0
  certificate  stage=STEP 5 LOCAL  major=14  attempt=56  accepted  reason=success  P rel.= 4.150097e-13  objective=-1.392886e+01  upper=-1.695300e+01  gap=-3.024144e+00  wall=0.000000e+00s  cpu=0.000000e+00s  provider=0  solves=0  iterations=0
  certificate  stage=STEP 5 LOCAL  major=14  attempt=57  accepted  reason=success  P rel.= 5.659876e-14  objective=-1.392886e+01  upper=-1.695300e+01  gap=-3.024144e+00  wall=0.000000e+00s  cpu=0.000000e+00s  provider=0  solves=0  iterations=0
  certificate  stage=STEP 5 LOCAL  major=14  attempt=59  accepted  reason=success  P rel.= 7.972668e-13  objective=-1.392886e+01  upper=-1.695300e+01  gap=-3.024144e+00  wall=0.000000e+00s  cpu=0.000000e+00s  provider=0  solves=0  iterations=0
  certificate  stage=STEP 5 LOCAL  major=14  attempt=60  accepted  reason=success  P rel.= 4.826696e-14  objective=-1.392886e+01  upper=-1.695300e+01  gap=-3.024144e+00  wall=0.000000e+00s  cpu=0.000000e+00s  provider=0  solves=0  iterations=0
  certificate  stage=STEP 5 LOCAL  major=14  attempt=61  accepted  reason=success  P rel.= 6.521786e-14  objective=-1.392886e+01  upper=-1.695300e+01  gap=-3.024144e+00  wall=0.000000e+00s  cpu=0.000000e+00s  provider=0  solves=0  iterations=0
  certificate  stage=STEP 5 LOCAL  major=14  attempt=62  accepted  reason=success  P rel.=-4.217175e-09  objective=-1.695300e+01  upper=-1.695300e+01  gap= 2.609184e-09  wall=0.000000e+00s  cpu=0.000000e+00s  provider=0  solves=0  iterations=0
  certificate  stage=STEP 5  complete  reason=step5_complete  wall=2.974183e-01s  cpu=2.973890e-01s  provider=279  solves=15  iterations=256

STEP 6
  certificate  stage=STEP 6  complete  reason=candidate_set  wall=1.658000e-05s  cpu=1.700000e-05s  provider=0  solves=0  iterations=0

STEP 8
  certificate  stage=STEP 8  complete  reason=step8_complete  wall=5.296596e-02s  cpu=5.296800e-02s  provider=99  solves=2  iterations=13

STEP 9
  certificate  stage=STEP 9  failed  objective=-1.695343e+01  upper=-1.695300e+01  gap= 4.273191e-04  wall=0.000000e+00s  cpu=0.000000e+00s  provider=0  solves=0  iterations=0
  certificate  stage=STEP 9  complete  reason=paper_free_energy_convergence_failed  wall=1.628449e-03s  cpu=1.629000e-03s  provider=2  solves=0  iterations=0

STEP 7
  certificate  stage=STEP 7  complete  reason=continue_stage_ii  wall=1.570000e-06s  cpu=2.000000e-06s  provider=0  solves=0  iterations=0

STEP 4
  STAGE II STEP 4  major=15  upper=-1.695300e+01  LP_primal= 7.105427e-15  LP_dual= 6.938894e-18  active_cuts=20  certified
  certificate  stage=STEP 4  complete  reason=step4_complete  wall=3.166580e-04s  cpu=3.170000e-04s  provider=0  solves=1  iterations=1

STEP 5
  certificate  stage=STEP 5 LOCAL  major=15  attempt=63  accepted  reason=success  P rel.=-4.249314e-09  objective=-1.695300e+01  upper=-1.695300e+01  gap= 6.523209e-10  wall=0.000000e+00s  cpu=0.000000e+00s  provider=0  solves=0  iterations=0
  certificate  stage=STEP 5  complete  reason=step5_complete  wall=2.923837e-02s  cpu=2.924000e-02s  provider=27  solves=1  iterations=21

STEP 6
  certificate  stage=STEP 6  complete  reason=candidate_set  wall=1.376000e-05s  cpu=1.400000e-05s  provider=0  solves=0  iterations=0

STEP 8
  certificate  stage=STEP 8  complete  reason=step8_complete  wall=5.607605e-02s  cpu=5.606100e-02s  provider=99  solves=2  iterations=13

STEP 9
  certificate  stage=STEP 9  failed  objective=-1.695343e+01  upper=-1.695300e+01  gap= 4.273176e-04  wall=0.000000e+00s  cpu=0.000000e+00s  provider=0  solves=0  iterations=0
  certificate  stage=STEP 9  complete  reason=paper_free_energy_convergence_failed  wall=1.618470e-03s  cpu=1.619000e-03s  provider=2  solves=0  iterations=0

STEP 7
  certificate  stage=STEP 7  complete  reason=continue_stage_ii  wall=1.680000e-06s  cpu=1.000000e-06s  provider=0  solves=0  iterations=0

STEP 4
  STAGE II STEP 4  major=16  upper=-1.695300e+01  LP_primal= 3.552714e-15  LP_dual= 1.387779e-17  active_cuts=21  certified
  certificate  stage=STEP 4  complete  reason=step4_complete  wall=3.209580e-04s  cpu=3.220000e-04s  provider=0  solves=1  iterations=1

STEP 5
  certificate  stage=STEP 5 LOCAL  major=16  attempt=64  accepted  reason=success  P rel.=-7.241942e-09  objective=-1.695300e+01  upper=-1.695300e+01  gap= 1.630696e-10  wall=0.000000e+00s  cpu=0.000000e+00s  provider=0  solves=0  iterations=0
  certificate  stage=STEP 5  complete  reason=step5_complete  wall=2.279504e-02s  cpu=2.279700e-02s  provider=20  solves=1  iterations=19

STEP 6
  certificate  stage=STEP 6  complete  reason=candidate_set  wall=1.233000e-05s  cpu=1.300000e-05s  provider=0  solves=0  iterations=0

STEP 8
  certificate  stage=STEP 8  complete  reason=step8_complete  wall=5.375145e-02s  cpu=5.374500e-02s  provider=99  solves=2  iterations=13

STEP 9
  certificate  stage=STEP 9  failed  objective=-1.695343e+01  upper=-1.695300e+01  gap= 4.273175e-04  wall=0.000000e+00s  cpu=0.000000e+00s  provider=0  solves=0  iterations=0
  certificate  stage=STEP 9  complete  reason=paper_free_energy_convergence_failed  wall=1.613900e-03s  cpu=1.614000e-03s  provider=2  solves=0  iterations=0

STEP 7
  certificate  stage=STEP 7  complete  reason=continue_stage_ii  wall=1.690000e-06s  cpu=2.000000e-06s  provider=0  solves=0  iterations=0

STEP 4
  STAGE II STEP 4  major=17  upper=-1.695300e+01  LP_primal= 0.000000e+00  LP_dual= 5.551115e-17  active_cuts=22  certified
  certificate  stage=STEP 4  complete  reason=step4_complete  wall=3.259170e-04s  cpu=3.260000e-04s  provider=0  solves=1  iterations=1

STEP 5
  certificate  stage=STEP 5 LOCAL  major=17  attempt=65  accepted  reason=success  P rel.= 4.912887e-14  objective=-1.392886e+01  upper=-1.695300e+01  gap=-3.024144e+00  wall=0.000000e+00s  cpu=0.000000e+00s  provider=0  solves=0  iterations=0
  certificate  stage=STEP 5 LOCAL  major=17  attempt=66  accepted  reason=success  P rel.= 7.627904e-14  objective=-1.392886e+01  upper=-1.695300e+01  gap=-3.024144e+00  wall=0.000000e+00s  cpu=0.000000e+00s  provider=0  solves=0  iterations=0
  certificate  stage=STEP 5 LOCAL  major=17  attempt=67  accepted  reason=success  P rel.= 9.035691e-14  objective=-1.392886e+01  upper=-1.695300e+01  gap=-3.024144e+00  wall=0.000000e+00s  cpu=0.000000e+00s  provider=0  solves=0  iterations=0
  certificate  stage=STEP 5 LOCAL  major=17  attempt=68  accepted  reason=success  P rel.= 5.042174e-14  objective=-1.392886e+01  upper=-1.695300e+01  gap=-3.024144e+00  wall=0.000000e+00s  cpu=0.000000e+00s  provider=0  solves=0  iterations=0
  certificate  stage=STEP 5 LOCAL  major=17  attempt=69  accepted  reason=success  P rel.= 9.107517e-14  objective=-1.392886e+01  upper=-1.695300e+01  gap=-3.024144e+00  wall=0.000000e+00s  cpu=0.000000e+00s  provider=0  solves=0  iterations=0
  certificate  stage=STEP 5 LOCAL  major=17  attempt=70  accepted  reason=success  P rel.=-4.240144e-09  objective=-1.695300e+01  upper=-1.695300e+01  gap= 4.077094e-11  wall=0.000000e+00s  cpu=0.000000e+00s  provider=0  solves=0  iterations=0
  certificate  stage=STEP 5  complete  reason=step5_complete  wall=1.396694e-01s  cpu=1.396640e-01s  provider=127  solves=6  iterations=118

STEP 6
  certificate  stage=STEP 6  complete  reason=candidate_set  wall=1.539000e-05s  cpu=1.500000e-05s  provider=0  solves=0  iterations=0

STEP 8
  certificate  stage=STEP 8  complete  reason=step8_complete  wall=5.301069e-02s  cpu=5.300500e-02s  provider=99  solves=2  iterations=13

STEP 9
  certificate  stage=STEP 9  failed  objective=-1.695343e+01  upper=-1.695300e+01  gap= 4.273175e-04  wall=0.000000e+00s  cpu=0.000000e+00s  provider=0  solves=0  iterations=0
  certificate  stage=STEP 9  complete  reason=paper_free_energy_convergence_failed  wall=1.609960e-03s  cpu=1.610000e-03s  provider=2  solves=0  iterations=0

STEP 7
  certificate  stage=STEP 7  complete  reason=continue_stage_ii  wall=1.620000e-06s  cpu=2.000000e-06s  provider=0  solves=0  iterations=0

STEP 4
  STAGE II STEP 4  major=18  upper=-1.695300e+01  LP_primal= 4.077094e-11  LP_dual= 5.551115e-17  active_cuts=23  certified
  certificate  stage=STEP 4  complete  reason=step4_complete  wall=2.966580e-04s  cpu=2.970000e-04s  provider=0  solves=1  iterations=1

STEP 5
  certificate  stage=STEP 5 LOCAL  major=18  attempt=71  accepted  reason=success  P rel.= 6.564882e-14  objective=-1.392886e+01  upper=-1.695300e+01  gap=-3.024144e+00  wall=0.000000e+00s  cpu=0.000000e+00s  provider=0  solves=0  iterations=0
  certificate  stage=STEP 5 LOCAL  major=18  attempt=72  accepted  reason=success  P rel.= 5.588050e-14  objective=-1.392886e+01  upper=-1.695300e+01  gap=-3.024144e+00  wall=0.000000e+00s  cpu=0.000000e+00s  provider=0  solves=0  iterations=0
  certificate  stage=STEP 5 LOCAL  major=18  attempt=73  accepted  reason=success  P rel.= 2.571365e-13  objective=-1.392886e+01  upper=-1.695300e+01  gap=-3.024144e+00  wall=0.000000e+00s  cpu=0.000000e+00s  provider=0  solves=0  iterations=0
  certificate  stage=STEP 5 LOCAL  major=18  attempt=74  accepted  reason=success  P rel.= 2.950606e-13  objective=-1.392886e+01  upper=-1.695300e+01  gap=-3.024144e+00  wall=0.000000e+00s  cpu=0.000000e+00s  provider=0  solves=0  iterations=0
  certificate  stage=STEP 5 LOCAL  major=18  attempt=75  accepted  reason=success  P rel.= 6.995837e-14  objective=-1.392886e+01  upper=-1.695300e+01  gap=-3.024144e+00  wall=0.000000e+00s  cpu=0.000000e+00s  provider=0  solves=0  iterations=0
  certificate  stage=STEP 5 LOCAL  major=18  attempt=76  accepted  reason=success  P rel.= 8.505616e-13  objective=-1.392886e+01  upper=-1.695300e+01  gap=-3.024144e+00  wall=0.000000e+00s  cpu=0.000000e+00s  provider=0  solves=0  iterations=0
  certificate  stage=STEP 5 LOCAL  major=18  attempt=77  accepted  reason=success  P rel.= 2.871597e-13  objective=-1.392886e+01  upper=-1.695300e+01  gap=-3.024144e+00  wall=0.000000e+00s  cpu=0.000000e+00s  provider=0  solves=0  iterations=0
  certificate  stage=STEP 5 LOCAL  major=18  attempt=78  accepted  reason=success  P rel.= 5.070904e-14  objective=-1.392886e+01  upper=-1.695300e+01  gap=-3.024144e+00  wall=0.000000e+00s  cpu=0.000000e+00s  provider=0  solves=0  iterations=0
  certificate  stage=STEP 5 LOCAL  major=18  attempt=79  accepted  reason=success  P rel.= 4.065343e-14  objective=-1.392886e+01  upper=-1.695300e+01  gap=-3.024144e+00  wall=0.000000e+00s  cpu=0.000000e+00s  provider=0  solves=0  iterations=0
  certificate  stage=STEP 5 LOCAL  major=18  attempt=80  accepted  reason=success  P rel.= 6.435595e-14  objective=-1.392886e+01  upper=-1.695300e+01  gap=-3.024144e+00  wall=0.000000e+00s  cpu=0.000000e+00s  provider=0  solves=0  iterations=0
  certificate  stage=STEP 5 LOCAL  major=18  attempt=81  accepted  reason=success  P rel.= 2.149029e-13  objective=-1.392886e+01  upper=-1.695300e+01  gap=-3.024144e+00  wall=0.000000e+00s  cpu=0.000000e+00s  provider=0  solves=0  iterations=0
  certificate  stage=STEP 5 LOCAL  major=18  attempt=82  accepted  reason=success  P rel.= 3.936056e-14  objective=-1.392886e+01  upper=-1.695300e+01  gap=-3.024144e+00  wall=0.000000e+00s  cpu=0.000000e+00s  provider=0  solves=0  iterations=0
  certificate  stage=STEP 5 LOCAL  major=18  attempt=83  accepted  reason=success  P rel.= 7.541713e-14  objective=-1.392886e+01  upper=-1.695300e+01  gap=-3.024144e+00  wall=0.000000e+00s  cpu=0.000000e+00s  provider=0  solves=0  iterations=0
  certificate  stage=STEP 5 LOCAL  major=18  attempt=84  accepted  reason=success  P rel.= 7.110758e-14  objective=-1.392886e+01  upper=-1.695300e+01  gap=-3.024144e+00  wall=0.000000e+00s  cpu=0.000000e+00s  provider=0  solves=0  iterations=0
  certificate  stage=STEP 5 LOCAL  major=18  attempt=85  accepted  reason=success  P rel.= 5.358208e-14  objective=-1.392886e+01  upper=-1.695300e+01  gap=-3.024144e+00  wall=0.000000e+00s  cpu=0.000000e+00s  provider=0  solves=0  iterations=0
  certificate  stage=STEP 5 LOCAL  major=18  attempt=87  accepted  reason=success  P rel.= 8.432354e-14  objective=-1.392886e+01  upper=-1.695300e+01  gap=-3.024144e+00  wall=0.000000e+00s  cpu=0.000000e+00s  provider=0  solves=0  iterations=0
  certificate  stage=STEP 5 LOCAL  major=18  attempt=88  accepted  reason=success  P rel.= 5.401303e-14  objective=-1.392886e+01  upper=-1.695300e+01  gap=-3.024144e+00  wall=0.000000e+00s  cpu=0.000000e+00s  provider=0  solves=0  iterations=0
  certificate  stage=STEP 5 LOCAL  major=18  attempt=89  accepted  reason=success  P rel.=-4.225544e-09  objective=-1.695300e+01  upper=-1.695300e+01  gap= 4.077805e-11  wall=0.000000e+00s  cpu=0.000000e+00s  provider=0  solves=0  iterations=0
  certificate  stage=STEP 5  complete  reason=step5_complete  wall=3.904039e-01s  cpu=3.903250e-01s  provider=368  solves=19  iterations=340

STEP 6
  certificate  stage=STEP 6  complete  reason=candidate_set  wall=2.348900e-05s  cpu=2.300000e-05s  provider=0  solves=0  iterations=0

STEP 8
  certificate  stage=STEP 8  complete  reason=step8_complete  wall=5.169976e-02s  cpu=5.169000e-02s  provider=99  solves=2  iterations=13

STEP 9
  certificate  stage=STEP 9  failed  objective=-1.695343e+01  upper=-1.695300e+01  gap= 4.273175e-04  wall=0.000000e+00s  cpu=0.000000e+00s  provider=0  solves=0  iterations=0
  certificate  stage=STEP 9  complete  reason=paper_free_energy_convergence_failed  wall=1.638150e-03s  cpu=1.639000e-03s  provider=2  solves=0  iterations=0

STEP 7
  certificate  stage=STEP 7  complete  reason=continue_stage_ii  wall=1.080000e-06s  cpu=1.000000e-06s  provider=0  solves=0  iterations=0

STEP 4
  STAGE II STEP 4  major=19  upper=-1.695300e+01  LP_primal= 4.077805e-11  LP_dual= 5.551115e-17  active_cuts=24  certified
  certificate  stage=STEP 4  complete  reason=step4_complete  wall=3.111580e-04s  cpu=3.120000e-04s  provider=0  solves=1  iterations=1

STEP 5
  certificate  stage=STEP 5 LOCAL  major=19  attempt=90  accepted  reason=success  P rel.= 6.651073e-14  objective=-1.392886e+01  upper=-1.695300e+01  gap=-3.024144e+00  wall=0.000000e+00s  cpu=0.000000e+00s  provider=0  solves=0  iterations=0
  certificate  stage=STEP 5 LOCAL  major=19  attempt=91  accepted  reason=success  P rel.= 7.685365e-14  objective=-1.392886e+01  upper=-1.695300e+01  gap=-3.024144e+00  wall=0.000000e+00s  cpu=0.000000e+00s  provider=0  solves=0  iterations=0
  certificate  stage=STEP 5 LOCAL  major=19  attempt=92  accepted  reason=success  P rel.= 3.275258e-14  objective=-1.392886e+01  upper=-1.695300e+01  gap=-3.024144e+00  wall=0.000000e+00s  cpu=0.000000e+00s  provider=0  solves=0  iterations=0
  certificate  stage=STEP 5 LOCAL  major=19  attempt=93  accepted  reason=success  P rel.= 8.103391e-13  objective=-1.392886e+01  upper=-1.695300e+01  gap=-3.024144e+00  wall=0.000000e+00s  cpu=0.000000e+00s  provider=0  solves=0  iterations=0
  certificate  stage=STEP 5 LOCAL  major=19  attempt=94  accepted  reason=success  P rel.= 7.268775e-14  objective=-1.392886e+01  upper=-1.695300e+01  gap=-3.024144e+00  wall=0.000000e+00s  cpu=0.000000e+00s  provider=0  solves=0  iterations=0
  certificate  stage=STEP 5 LOCAL  major=19  attempt=95  accepted  reason=success  P rel.=-4.223763e-09  objective=-1.695300e+01  upper=-1.695300e+01  gap= 4.076028e-11  wall=0.000000e+00s  cpu=0.000000e+00s  provider=0  solves=0  iterations=0
  certificate  stage=STEP 5  complete  reason=step5_complete  wall=1.428661e-01s  cpu=1.428460e-01s  provider=134  solves=6  iterations=122

STEP 6
  certificate  stage=STEP 6  complete  reason=candidate_set  wall=1.605000e-05s  cpu=1.600000e-05s  provider=0  solves=0  iterations=0

STEP 8
  certificate  stage=STEP 8  complete  reason=step8_complete  wall=5.123992e-02s  cpu=5.123200e-02s  provider=99  solves=2  iterations=13

STEP 9
  certificate  stage=STEP 9  failed  objective=-1.695343e+01  upper=-1.695300e+01  gap= 4.273175e-04  wall=0.000000e+00s  cpu=0.000000e+00s  provider=0  solves=0  iterations=0
  certificate  stage=STEP 9  complete  reason=paper_free_energy_convergence_failed  wall=1.634629e-03s  cpu=1.634000e-03s  provider=2  solves=0  iterations=0

STEP 7
  certificate  stage=STEP 7  complete  reason=continue_stage_ii  wall=1.740000e-06s  cpu=2.000000e-06s  provider=0  solves=0  iterations=0

STEP 4
  STAGE II STEP 4  major=20  upper=-1.695300e+01  LP_primal= 4.077805e-11  LP_dual= 5.551115e-17  active_cuts=25  certified
  certificate  stage=STEP 4  complete  reason=step4_complete  wall=3.173080e-04s  cpu=3.200000e-04s  provider=0  solves=1  iterations=1

STEP 5
  certificate  stage=STEP 5 LOCAL  major=20  attempt=96  accepted  reason=success  P rel.=-7.177455e-08  objective=-1.698918e+01  upper=-1.695300e+01  gap= 3.618097e-02  wall=0.000000e+00s  cpu=0.000000e+00s  provider=0  solves=0  iterations=0
  certificate  stage=STEP 5  complete  reason=step5_complete  wall=2.141736e-02s  cpu=2.141800e-02s  provider=20  solves=1  iterations=19

STEP 6
  certificate  stage=STEP 6  complete  reason=candidate_set  wall=1.027900e-05s  cpu=1.100000e-05s  provider=0  solves=0  iterations=0

STEP 8
  certificate  stage=STEP 8  complete  reason=step8_complete  wall=5.093189e-02s  cpu=5.092800e-02s  provider=99  solves=2  iterations=13

STEP 9
  certificate  stage=STEP 9  failed  objective=-1.695343e+01  upper=-1.695300e+01  gap= 4.273175e-04  wall=0.000000e+00s  cpu=0.000000e+00s  provider=0  solves=0  iterations=0
  certificate  stage=STEP 9  complete  reason=paper_free_energy_convergence_failed  wall=1.581450e-03s  cpu=1.582000e-03s  provider=2  solves=0  iterations=0

STEP 7
  certificate  stage=STEP 7  complete  reason=continue_stage_ii  wall=1.050000e-06s  cpu=1.000000e-06s  provider=0  solves=0  iterations=0

STEP 4
  STAGE II STEP 4  major=21  upper=-1.696592e+01  LP_primal= 7.105427e-15  LP_dual= 6.938894e-18  active_cuts=26  certified
  certificate  stage=STEP 4  complete  reason=step4_complete  wall=2.991280e-04s  cpu=3.000000e-04s  provider=0  solves=1  iterations=1

STEP 5
  certificate  stage=STEP 5 LOCAL  major=21  attempt=97  accepted  reason=success  P rel.=-3.066507e-09  objective=-1.696903e+01  upper=-1.696592e+01  gap= 3.106121e-03  wall=0.000000e+00s  cpu=0.000000e+00s  provider=0  solves=0  iterations=0
  certificate  stage=STEP 5  complete  reason=step5_complete  wall=1.711023e-02s  cpu=1.711100e-02s  provider=16  solves=1  iterations=15

STEP 6
  certificate  stage=STEP 6  complete  reason=candidate_set  wall=9.320000e-06s  cpu=9.000000e-06s  provider=0  solves=0  iterations=0

STEP 8
  certificate  stage=STEP 8  not_run  reason=not_run  wall=2.020000e-06s  cpu=2.000000e-06s  provider=0  solves=0  iterations=0
