HELD2.0  case=installed-held2-paper-rewrite  T=2.981500e+02 K  P=1.013000e+05 Pa

STEP 1
  certificate  stage=STEP 1  complete  reason=step1_complete  wall=1.852000e-05s  cpu=1.800000e-05s  provider=1  solves=0  iterations=0

STEP 2

REFERENCE PRESSURE ROOTS
  root   0  V= 2.953089e-05  P rel.=-9.880067e-09  G/RT=-2.978501e+00  strict_stable
  root   1  V= 6.183978e-04  P rel.=-7.976885e-09  G/RT= 1.840058e+00  unstable
  root   2  V= 2.257522e-02  P rel.= 2.957998e-10  G/RT= 5.365510e-01  strict_stable
  selected root 0  status=selected
  eval     1  TPD= 1.072962e+00  P rel.=-6.133651e-09  V= 4.695210e-05  certified
  eval     2  TPD= 5.347485e-01  P rel.= 5.231305e-09  V= 5.716482e-05  certified
  eval     3  TPD= 1.654638e+00  P rel.=-1.101067e-09  V= 3.671236e-05  certified
  eval     4  TPD= 1.959817e+00  P rel.=-3.485021e-09  V= 6.798086e-05  certified
  eval     5  TPD= 3.468953e-01  P rel.=-6.873996e-09  V= 2.645032e-05  certified
  eval     6  TPD= 3.225941e-01  P rel.=-2.442252e-09  V= 4.745678e-05  certified
  eval     7  TPD= 1.049760e+00  P rel.=-7.462639e-09  V= 2.701759e-05  certified
  eval     8  TPD= 2.133935e-01  P rel.= 9.991735e-09  V= 5.083915e-05  certified
  eval     9  TPD= 2.333330e-01  P rel.=-2.261133e-10  V= 4.265087e-05  certified
  eval    10  TPD= 3.882613e-01  P rel.= 2.154992e-09  V= 5.067947e-05  certified
  eval    11  TPD= 1.053584e-01  P rel.=-4.603194e-09  V= 4.338136e-05  certified
  eval    12  TPD= 7.964641e-01  P rel.= 2.119114e-09  V= 6.697894e-05  certified
  eval    13  TPD= 2.257501e+00  P rel.= 6.436992e-09  V= 4.652576e-05  certified
  eval    14  TPD= 1.633380e-01  P rel.=-6.858683e-09  V= 4.763269e-05  certified
  eval    15  TPD= 2.318041e-02  P rel.=-4.492801e-09  V= 3.497263e-05  certified
  eval    16  TPD= 5.234522e-02  P rel.=-5.205815e-09  V= 3.855979e-05  certified
  eval    17  TPD= 1.441974e-03  P rel.= 5.956694e-09  V= 2.999808e-05  certified
  eval    18  TPD= 7.528809e-02  P rel.= 4.066036e-09  V= 3.785870e-05  certified
  eval    19  TPD= 2.409062e-03  P rel.= 6.481506e-09  V= 3.177307e-05  certified
  eval    20  TPD= 3.921161e-02  P rel.= 1.951106e-11  V= 2.848246e-05  certified
  eval    21  TPD= 6.358587e-01  P rel.=-9.516661e-09  V= 2.606258e-05  certified
  eval    22  TPD= 5.849935e-01  P rel.= 8.627136e-09  V= 3.319987e-05  certified
  eval    23  TPD= 9.846203e-02  P rel.=-2.439225e-09  V= 1.982085e-05  certified
  eval    24  TPD= 3.494437e-02  P rel.=-4.322583e-09  V= 3.363891e-05  certified
  eval    25  TPD= 2.075055e-02  P rel.= 5.232730e-09  V= 2.600186e-05  certified
  eval    26  TPD= 3.792856e-01  P rel.=-9.162473e-10  V= 4.085172e-05  certified
  eval    27  TPD= 8.220313e-03  P rel.= 9.484818e-09  V= 2.069437e-05  certified
  eval    28  TPD= 6.592520e-03  P rel.=-8.107637e-09  V= 3.185660e-05  certified
  eval    29  TPD= 8.996227e-04  P rel.= 8.842046e-09  V= 2.788505e-05  certified
  eval    30  TPD= 8.117795e-03  P rel.=-2.130926e-09  V= 3.125218e-05  certified
  eval    31  TPD= 4.191836e-04  P rel.= 2.271706e-09  V= 2.870444e-05  certified
  eval    32  TPD= 3.505781e-02  P rel.= 9.391340e-09  V= 2.265967e-05  certified
  eval    33  TPD= 1.258075e-02  P rel.=-4.484344e-09  V= 2.033445e-05  certified
  eval    34  TPD= 8.388139e-03  P rel.=-7.992348e-09  V= 2.288033e-05  certified
  eval    35  TPD= 2.265967e-02  P rel.=-1.171665e-09  V= 1.852970e-05  certified
  eval    36  TPD= 2.689067e-01  P rel.= 1.897883e-09  V= 5.405976e-05  certified
  eval    37  TPD= 5.315842e-01  P rel.=-1.202824e-09  V= 4.728266e-05  certified
  eval    38  TPD= 9.309670e-04  P rel.= 8.358186e-09  V= 3.065987e-05  certified
  eval    39  TPD= 6.875872e-03  P rel.=-2.073287e-10  V= 2.648251e-05  certified
  eval    40  TPD= 3.931717e-03  P rel.= 4.784392e-09  V= 2.738577e-05  certified
  eval    41  TPD= 4.546331e-02  P rel.=-3.738835e-09  V= 2.251669e-05  certified
  eval    42  TPD= 3.963304e-01  P rel.= 1.164215e-09  V= 6.053960e-05  certified
  eval    43  TPD= 7.015060e-01  P rel.= 1.750455e-09  V= 5.377035e-05  certified
  eval    44  TPD= 6.160006e-01  P rel.=-1.117142e-10  V= 6.042555e-05  certified
  eval    45  TPD= 4.589240e-01  P rel.=-5.001855e-09  V= 5.391583e-05  certified
  eval    46  TPD= 7.817448e-06  P rel.= 2.261200e-09  V= 2.938344e-05  certified
  eval    47  TPD= 1.582095e-03  P rel.=-3.060275e-09  V= 2.799593e-05  certified
  eval    48  TPD= 6.426982e-05  P rel.=-9.006716e-09  V= 2.914000e-05  certified
  eval    49  TPD= 1.534292e-03  P rel.=-4.607913e-09  V= 2.826458e-05  certified
  eval    50  TPD= 5.337977e-03  P rel.= 6.932158e-09  V= 3.330632e-05  certified
  certificate  stage=STEP 2  complete  reason=declared_search_complete  wall=1.019809e+01s  cpu=1.018422e+01s  provider=13977  solves=1  iterations=50
