HELD2.0  case=installed-held2-paper-rewrite  T=2.981500e+02 K  P=1.013000e+05 Pa

STEP 1
  certificate  stage=STEP 1  complete  reason=step1_complete  wall=2.766900e-05s  cpu=2.600000e-05s  provider=1  solves=0  iterations=0

STEP 2

REFERENCE PRESSURE ROOTS
  root   0  V= 2.961654e-05  P rel.=-1.798234e-09  G/RT=-1.938005e+00  strict_stable
  root   1  V= 6.245959e-04  P rel.= 5.172932e-09  G/RT= 2.898757e+00  unstable
  root   2  V= 2.255592e-02  P rel.= 4.614738e-11  G/RT= 1.605103e+00  strict_stable
  selected root 0  status=selected
  eval     1  TPD= 1.186023e+00  P rel.=-6.133651e-09  V= 4.695210e-05  certified
  eval     2  TPD= 5.951260e-01  P rel.= 5.231305e-09  V= 5.716482e-05  certified
  eval     3  TPD= 1.820382e+00  P rel.=-1.101067e-09  V= 3.671236e-05  certified
  eval     4  TPD= 2.098087e+00  P rel.=-3.485021e-09  V= 6.798086e-05  certified
  eval     5  TPD= 4.347478e-01  P rel.=-6.873996e-09  V= 2.645032e-05  certified
  eval     6  TPD= 3.711454e-01  P rel.=-2.442252e-09  V= 4.745678e-05  certified
  eval     7  TPD= 1.203678e+00  P rel.=-7.462639e-09  V= 2.701759e-05  certified
  eval     8  TPD= 2.443837e-01  P rel.= 9.991735e-09  V= 5.083915e-05  certified
  eval     9  TPD= 2.759712e-01  P rel.=-2.261133e-10  V= 4.265087e-05  certified
  eval    10  TPD= 4.407547e-01  P rel.= 2.154992e-09  V= 5.067947e-05  certified
  eval    11  TPD= 1.271503e-01  P rel.=-4.603194e-09  V= 4.338136e-05  certified
  eval    12  TPD= 8.686678e-01  P rel.= 2.119114e-09  V= 6.697894e-05  certified
  eval    13  TPD= 2.435072e+00  P rel.= 6.436992e-09  V= 4.652576e-05  certified
  eval    14  TPD= 1.903860e-01  P rel.=-6.858683e-09  V= 4.763269e-05  certified
  eval    15  TPD= 3.446019e-02  P rel.=-4.492801e-09  V= 3.497263e-05  certified
  eval    16  TPD= 6.813023e-02  P rel.=-5.205815e-09  V= 3.855979e-05  certified
  eval    17  TPD= 6.414451e-03  P rel.= 5.956694e-09  V= 2.999808e-05  certified
  eval    18  TPD= 9.745869e-02  P rel.= 4.066036e-09  V= 3.785870e-05  certified
  eval    19  TPD= 2.360027e-03  P rel.= 6.481506e-09  V= 3.177307e-05  certified
  eval    20  TPD= 6.411051e-02  P rel.= 1.951106e-11  V= 2.848246e-05  certified
  eval    21  TPD= 7.580882e-01  P rel.=-9.516661e-09  V= 2.606258e-05  certified
  eval    22  TPD= 6.812489e-01  P rel.= 8.627136e-09  V= 3.319987e-05  certified
  eval    23  TPD= 1.779118e-01  P rel.=-2.439225e-09  V= 1.982085e-05  certified
  eval    24  TPD= 2.129563e-02  P rel.=-8.143120e-10  V= 3.594737e-05  certified
  eval    25  TPD= 1.329919e-02  P rel.= 5.232730e-09  V= 2.600186e-05  certified
  eval    26  TPD= 4.414560e-01  P rel.=-9.162473e-10  V= 4.085172e-05  certified
  eval    27  TPD= 2.655555e-02  P rel.= 9.484818e-09  V= 2.069437e-05  certified
  eval    28  TPD= 7.236924e-03  P rel.= 6.932158e-09  V= 3.330632e-05  certified
  eval    29  TPD= 2.561432e-04  P rel.=-5.768463e-09  V= 3.006628e-05  certified
  eval    30  TPD= 8.501567e-03  P rel.= 1.471357e-09  V= 3.287370e-05  certified
  eval    31  TPD= 2.889079e-03  P rel.= 6.038688e-09  V= 3.063894e-05  certified
  eval    32  TPD= 3.056932e-02  P rel.= 9.391340e-09  V= 2.265967e-05  certified
  eval    33  TPD= 5.536178e-02  P rel.=-4.484344e-09  V= 2.033445e-05  certified
  eval    34  TPD= 2.761449e-02  P rel.=-7.992348e-09  V= 2.288033e-05  certified
  eval    35  TPD= 3.972183e-02  P rel.=-1.171665e-09  V= 1.852970e-05  certified
  eval    36  TPD= 3.038389e-01  P rel.= 1.897883e-09  V= 5.405976e-05  certified
  eval    37  TPD= 6.016388e-01  P rel.=-1.202824e-09  V= 4.728266e-05  certified
  eval    38  TPD= 2.774041e-03  P rel.=-2.552823e-09  V= 3.124747e-05  certified
  eval    39  TPD= 5.383976e-03  P rel.=-4.029418e-09  V= 2.885039e-05  certified
  eval    40  TPD= 1.285259e-02  P rel.= 4.784392e-09  V= 2.738577e-05  certified
  eval    41  TPD= 9.036624e-02  P rel.=-3.738835e-09  V= 2.251669e-05  certified
  eval    42  TPD= 4.391467e-01  P rel.= 1.164215e-09  V= 6.053960e-05  certified
  eval    43  TPD= 7.794447e-01  P rel.= 1.750455e-09  V= 5.377035e-05  certified
  eval    44  TPD= 6.803202e-01  P rel.=-1.117142e-10  V= 6.042555e-05  certified
  eval    45  TPD= 5.153594e-01  P rel.=-5.001855e-09  V= 5.391583e-05  certified
  eval    46  TPD= 5.551107e-04  P rel.= 1.190427e-10  V= 3.065625e-05  certified
  eval    47  TPD= 4.614731e-04  P rel.= 9.701370e-10  V= 2.945367e-05  certified
  eval    48  TPD= 3.793931e-04  P rel.=-7.337824e-09  V= 3.046389e-05  certified
  eval    49  TPD= 9.549959e-04  P rel.=-5.148482e-09  V= 2.966481e-05  certified
  eval    50  TPD= 1.393024e-02  P rel.=-8.107637e-09  V= 3.185660e-05  certified
  certificate  stage=STEP 2  complete  reason=declared_search_complete  wall=9.997917e+00s  cpu=9.973423e+00s  provider=13979  solves=1  iterations=50
