HELD2.0  case=installed-held2-paper-rewrite  T=2.981500e+02 K  P=1.013000e+05 Pa

STEP 1
  certificate  stage=STEP 1  complete  reason=step1_complete  wall=4.265000e-05s  cpu=4.200000e-05s  provider=1  solves=0  iterations=0

STEP 2

REFERENCE PRESSURE ROOTS
  root   0  V= 2.933220e-05  P rel.=-2.368538e-09  G/RT=-6.402843e+00  strict_stable
  root   1  V= 6.011156e-04  P rel.=-5.155755e-09  G/RT=-1.640536e+00  unstable
  root   2  V= 2.262898e-02  P rel.=-8.974509e-11  G/RT=-2.973040e+00  strict_stable
  selected root 0  status=selected
  eval     1  TPD= 8.394796e-01  P rel.=-6.133651e-09  V= 4.695210e-05  certified
  eval     2  TPD= 3.816641e-01  P rel.= 5.231305e-09  V= 5.716482e-05  certified
  eval     3  TPD= 1.340758e+00  P rel.=-1.101067e-09  V= 3.671236e-05  certified
  eval     4  TPD= 1.640867e+00  P rel.=-3.485021e-09  V= 6.798086e-05  certified
  eval     5  TPD= 1.988813e-01  P rel.=-6.873996e-09  V= 2.645032e-05  certified
  eval     6  TPD= 2.096058e-01  P rel.=-2.442252e-09  V= 4.745678e-05  certified
  eval     7  TPD= 7.759765e-01  P rel.=-7.462639e-09  V= 2.701759e-05  certified
  eval     8  TPD= 6.415553e-03  P rel.= 1.951106e-11  V= 2.848246e-05  certified
  eval     9  TPD= 4.236343e-01  P rel.=-9.516661e-09  V= 2.606258e-05  certified
  eval    10  TPD= 4.084902e-01  P rel.= 8.627136e-09  V= 3.319987e-05  certified
  eval    11  TPD=-2.106256e-02  P rel.=-2.439225e-09  V= 1.982085e-05  certified
  certificate  stage=STEP 2  complete  reason=negative_tpd_witness  wall=2.489359e+00s  cpu=2.485990e+00s  provider=3282  solves=1  iterations=11

STEP 3
  certificate  stage=STEP 3  complete  reason=step3_complete  wall=8.288504e-01s  cpu=8.279860e-01s  provider=4  solves=0  iterations=0

STEP 4
  STAGE II STEP 4  major=0  upper=-6.402843e+00  LP_primal= 0.000000e+00  LP_dual= 0.000000e+00  active_cuts=5  certified
  certificate  stage=STEP 4  complete  reason=step4_complete  wall=3.852380e-04s  cpu=3.850000e-04s  provider=0  solves=1  iterations=1

STEP 5
  certificate  stage=STEP 5 LOCAL  major=0  attempt=0  accepted  reason=success  P rel.=-2.633774e-02  objective=-6.502289e+00  upper=-6.402843e+00  gap= 9.944670e-02  wall=0.000000e+00s  cpu=0.000000e+00s  provider=0  solves=0  iterations=0
  certificate  stage=STEP 5  complete  reason=step5_complete  wall=2.946405e-02s  cpu=2.937700e-02s  provider=156  solves=1  iterations=22

STEP 6
  certificate  stage=STEP 6  complete  reason=candidate_set  wall=3.700000e-06s  cpu=3.000000e-06s  provider=0  solves=0  iterations=0

STEP 8
  certificate  stage=STEP 8  complete  reason=collapsed_phase_set  wall=4.177658e-02s  cpu=4.160500e-02s  provider=88  solves=1  iterations=12

STEP 7
  certificate  stage=STEP 7  complete  reason=continue_stage_ii  wall=9.700000e-07s  cpu=1.000000e-06s  provider=0  solves=0  iterations=0

STEP 4
  STAGE II STEP 4  major=1  upper=-6.411892e+00  LP_primal= 1.776357e-15  LP_dual= 0.000000e+00  active_cuts=6  certified
  certificate  stage=STEP 4  complete  reason=step4_complete  wall=2.688380e-04s  cpu=2.690000e-04s  provider=0  solves=1  iterations=1

STEP 5
  certificate  stage=STEP 5 LOCAL  major=1  attempt=1  accepted  reason=success  P rel.=-6.465007e-09  objective=-6.531797e+00  upper=-6.411892e+00  gap= 1.199047e-01  wall=0.000000e+00s  cpu=0.000000e+00s  provider=0  solves=0  iterations=0
  certificate  stage=STEP 5  complete  reason=step5_complete  wall=2.626246e-02s  cpu=2.617900e-02s  provider=25  solves=1  iterations=22

STEP 6
  certificate  stage=STEP 6  complete  reason=insufficient_candidates  wall=2.920000e-06s  cpu=3.000000e-06s  provider=0  solves=0  iterations=0

STEP 7
  certificate  stage=STEP 7  complete  reason=continue_stage_ii  wall=8.700000e-07s  cpu=0.000000e+00s  provider=0  solves=0  iterations=0

STEP 4
  STAGE II STEP 4  major=2  upper=-6.412404e+00  LP_primal= 3.552714e-15  LP_dual= 8.673617e-19  active_cuts=7  certified
  certificate  stage=STEP 4  complete  reason=step4_complete  wall=2.724480e-04s  cpu=2.730000e-04s  provider=0  solves=1  iterations=1

STEP 5
  certificate  stage=STEP 5 LOCAL  major=2  attempt=2  accepted  reason=success  P rel.= 6.952741e-14  objective=-3.346117e+00  upper=-6.412404e+00  gap=-3.066287e+00  wall=0.000000e+00s  cpu=0.000000e+00s  provider=0  solves=0  iterations=0
  certificate  stage=STEP 5 LOCAL  major=2  attempt=3  accepted  reason=success  P rel.= 5.889719e-14  objective=-3.346117e+00  upper=-6.412404e+00  gap=-3.066287e+00  wall=0.000000e+00s  cpu=0.000000e+00s  provider=0  solves=0  iterations=0
  certificate  stage=STEP 5 LOCAL  major=2  attempt=4  accepted  reason=success  P rel.=-3.502292e-09  objective=-6.445058e+00  upper=-6.412404e+00  gap= 3.265439e-02  wall=0.000000e+00s  cpu=0.000000e+00s  provider=0  solves=0  iterations=0
  certificate  stage=STEP 5  complete  reason=step5_complete  wall=7.372556e-02s  cpu=7.342600e-02s  provider=67  solves=3  iterations=63

STEP 6
  certificate  stage=STEP 6  complete  reason=candidate_set  wall=4.910000e-06s  cpu=5.000000e-06s  provider=0  solves=0  iterations=0

STEP 8
  certificate  stage=STEP 8  indeterminate  reason=stage_iii_phase_fraction_recovery_failed  wall=6.906600e-02s  cpu=6.862000e-02s  provider=144  solves=2  iterations=15
