HELD2.0  case=installed-held2-paper-rewrite  T=2.981500e+02 K  P=1.013000e+05 Pa

STEP 1
  certificate  stage=STEP 1  complete  reason=step1_complete  wall=2.128000e-05s  cpu=2.000000e-05s  provider=1  solves=0  iterations=0

STEP 2

REFERENCE PRESSURE ROOTS
  root   0  V= 2.919239e-05  P rel.= 6.581305e-09  G/RT=-1.155063e+01  strict_stable
  root   1  V= 5.824113e-04  P rel.=-1.257375e-09  G/RT=-6.866243e+00  unstable
  root   2  V= 2.267644e-02  P rel.=-4.083874e-11  G/RT=-8.231953e+00  strict_stable
  selected root 0  status=selected
  eval     1  TPD= 5.974915e-01  P rel.=-6.133651e-09  V= 4.695210e-05  certified
  eval     2  TPD= 1.903700e-01  P rel.= 5.231305e-09  V= 5.716482e-05  certified
  eval     3  TPD= 1.048076e+00  P rel.=-1.101067e-09  V= 3.671236e-05  certified
  eval     4  TPD= 1.266228e+00  P rel.=-3.485021e-09  V= 6.798086e-05  certified
  eval     5  TPD= 8.954469e-02  P rel.=-6.873996e-09  V= 2.645032e-05  certified
  eval     6  TPD= 8.054334e-02  P rel.=-2.442252e-09  V= 4.745678e-05  certified
  eval     7  TPD= 5.455259e-01  P rel.=-7.462639e-09  V= 2.701759e-05  certified
  eval     8  TPD= 1.503997e-02  P rel.= 9.991735e-09  V= 5.083915e-05  certified
  eval     9  TPD= 4.244602e-02  P rel.=-2.261133e-10  V= 4.265087e-05  certified
  eval    10  TPD= 1.121013e-01  P rel.= 2.154992e-09  V= 5.067947e-05  certified
  eval    11  TPD=-1.340701e-02  P rel.=-4.603194e-09  V= 4.338136e-05  certified
  certificate  stage=STEP 2  complete  reason=negative_tpd_witness  wall=2.414899e+00s  cpu=2.414396e+00s  provider=3284  solves=1  iterations=11

STEP 3
  certificate  stage=STEP 3  complete  reason=step3_complete  wall=8.471610e-01s  cpu=8.470220e-01s  provider=4  solves=0  iterations=0

STEP 4
  STAGE II STEP 4  major=0  upper=-1.155968e+01  LP_primal= 0.000000e+00  LP_dual= 0.000000e+00  active_cuts=5  certified
  certificate  stage=STEP 4  complete  reason=step4_complete  wall=3.807470e-04s  cpu=3.810000e-04s  provider=0  solves=1  iterations=1

STEP 5
  certificate  stage=STEP 5 LOCAL  major=0  attempt=0  accepted  reason=success  P rel.=-2.786854e-02  objective=-1.169808e+01  upper=-1.155968e+01  gap= 1.384031e-01  wall=0.000000e+00s  cpu=0.000000e+00s  provider=0  solves=0  iterations=0
  certificate  stage=STEP 5  complete  reason=step5_complete  wall=4.339364e-02s  cpu=4.339500e-02s  provider=168  solves=1  iterations=30

STEP 6
  certificate  stage=STEP 6  complete  reason=candidate_set  wall=4.150000e-06s  cpu=5.000000e-06s  provider=0  solves=0  iterations=0

STEP 8
  certificate  stage=STEP 8  complete  reason=collapsed_phase_set  wall=1.126817e-01s  cpu=1.126460e-01s  provider=271  solves=1  iterations=27

STEP 7
  certificate  stage=STEP 7  complete  reason=continue_stage_ii  wall=8.114900e-05s  cpu=8.000000e-06s  provider=0  solves=0  iterations=0

STEP 4
  STAGE II STEP 4  major=1  upper=-1.158407e+01  LP_primal= 3.552714e-15  LP_dual= 5.551115e-17  active_cuts=6  certified
  certificate  stage=STEP 4  complete  reason=step4_complete  wall=4.940470e-04s  cpu=4.940000e-04s  provider=0  solves=1  iterations=1

STEP 5
  certificate  stage=STEP 5 LOCAL  major=1  attempt=1  accepted  reason=success  P rel.=-4.865155e-09  objective=-1.179356e+01  upper=-1.158407e+01  gap= 2.094947e-01  wall=0.000000e+00s  cpu=0.000000e+00s  provider=0  solves=0  iterations=0
  certificate  stage=STEP 5  complete  reason=step5_complete  wall=3.024050e-02s  cpu=3.018000e-02s  provider=26  solves=1  iterations=24

STEP 6
  certificate  stage=STEP 6  complete  reason=insufficient_candidates  wall=2.080000e-06s  cpu=2.000000e-06s  provider=0  solves=0  iterations=0

STEP 7
  certificate  stage=STEP 7  complete  reason=continue_stage_ii  wall=9.200000e-07s  cpu=1.000000e-06s  provider=0  solves=0  iterations=0

STEP 4
  STAGE II STEP 4  major=2  upper=-1.158460e+01  LP_primal= 3.552714e-15  LP_dual= 1.170938e-17  active_cuts=7  certified
  certificate  stage=STEP 4  complete  reason=step4_complete  wall=2.931080e-04s  cpu=2.930000e-04s  provider=0  solves=1  iterations=1

STEP 5
  certificate  stage=STEP 5 LOCAL  major=2  attempt=2  accepted  reason=success  P rel.= 6.938376e-14  objective=-8.542199e+00  upper=-1.158460e+01  gap=-3.042400e+00  wall=0.000000e+00s  cpu=0.000000e+00s  provider=0  solves=0  iterations=0
  certificate  stage=STEP 5 LOCAL  major=2  attempt=3  accepted  reason=success  P rel.= 6.205753e-14  objective=-8.542199e+00  upper=-1.158460e+01  gap=-3.042400e+00  wall=0.000000e+00s  cpu=0.000000e+00s  provider=0  solves=0  iterations=0
  certificate  stage=STEP 5 LOCAL  major=2  attempt=4  accepted  reason=success  P rel.=-2.846789e-09  objective=-1.164268e+01  upper=-1.158460e+01  gap= 5.808379e-02  wall=0.000000e+00s  cpu=0.000000e+00s  provider=0  solves=0  iterations=0
  certificate  stage=STEP 5  complete  reason=step5_complete  wall=8.439095e-02s  cpu=8.437000e-02s  provider=77  solves=3  iterations=70

STEP 6
  certificate  stage=STEP 6  complete  reason=candidate_set  wall=3.980000e-06s  cpu=4.000000e-06s  provider=0  solves=0  iterations=0

STEP 8
  certificate  stage=STEP 8  indeterminate  reason=stage_iii_phase_fraction_recovery_failed  wall=5.492702e-02s  cpu=5.492900e-02s  provider=104  solves=2  iterations=15
